<html>
<body>
<pre>
<h1>µVision Build Log</h1>
<h2>Tool Versions:</h2>
IDE-Version: µVision V5.17.0.0
Copyright (C) 2015 ARM Ltd and ARM Germany GmbH. All rights reserved.
License Information: Andy Ayre, ESA, LIC=4ZLLT-AD4RI-4EMLA-Z287N-IEFBD-8XHKB
 
Tool Versions:
Toolchain:       MDK-ARM Professional  Version: 5.17
Toolchain Path:  C:\Keil\ARM\ARMCC\Bin
C Compiler:      Armcc.exe V5.06 update 1 (build 61)
Assembler:       Armasm.exe V5.06 update 1 (build 61)
Linker/Locator:  ArmLink.exe V5.06 update 1 (build 61)
Library Manager: ArmAr.exe V5.06 update 1 (build 61)
Hex Converter:   FromElf.exe V5.06 update 1 (build 61)
CPU DLL:         SARMCM3.DLL V5.17
Dialog DLL:      DARMP1.DLL V1.25.0.0
Target DLL:      ULP2CM3.DLL V2.201.1.0
Dialog DLL:      TARMP1.DLL V1.24.0.0
 
<h2>Project:</h2>
C:\Users\Andy\Documents\ESA Projects\FlashMagic\Bootloaders\External Memory\S25FL129P\LPC1850-Hitex\S25FL129P-LPC1850-Hitex.uvproj
Project File Date:  06/29/2016

<h2>Output:</h2>
*** Using Compiler 'V5.06 update 1 (build 61)', folder: 'C:\Keil\ARM\ARMCC\Bin'
Rebuild target 'Internal SRAM'
assembling startup_LPC18xx.s...
compiling system_LPC18xx.c...
compiling lpc18xx_uart.c...
compiling uart.c...
compiling lpc18xx_scu.c...
compiling lpc18xx_cgu.c...
compiling main.c...
compiling bootloader.c...
compiling FlashPrg.c...
linking...
Program Size: Code=19494 RO-data=2494 RW-data=128 ZI-data=3336  
FromELF: creating hex file...
".\obj\S25FL129P-LPC1850.axf" - 0 Error(s), 0 Warning(s).
Build Time Elapsed:  00:00:11
</pre>
</body>
</html>
