Component: ARM Compiler 5.06 update 1 (build 61) Tool: armlink [4d35a8]

==============================================================================

Section Cross References

    startup_lpc18xx.o(RESET) refers to startup_lpc18xx.o(STACK) for __initial_sp
    startup_lpc18xx.o(RESET) refers to startup_lpc18xx.o(.text) for Reset_Handler
    startup_lpc18xx.o(RESET) refers to main.o(.text) for SysTick_Handler
    startup_lpc18xx.o(.text) refers to system_lpc18xx.o(.text) for SystemInit
    startup_lpc18xx.o(.text) refers to entry.o(.ARM.Collect$$$$00000000) for __main
    system_lpc18xx.o(.text) refers to uldiv.o(.text) for __aeabi_uldivmod
    system_lpc18xx.o(.text) refers to system_lpc18xx.o(.data) for SystemCoreClock
    system_lpc18xx.o(.text) refers to system_lpc18xx.o(.constdata) for emcdivby2_opc
    system_lpc18xx.o(.text) refers to system_lpc18xx.o(i.GetPLL1Param) for GetPLL1Param
    system_lpc18xx.o(.text) refers to startup_lpc18xx.o(.text) for getPC
    lpc18xx_uart.o(.text) refers to lpc18xx_cgu.o(.text) for CGU_GetPCLKFrequency
    lpc18xx_uart.o(.text) refers to uldiv.o(.text) for __aeabi_uldivmod
    uart.o(.text) refers to lpc18xx_uart.o(.text) for UART_Init
    uart.o(.text) refers to lpc18xx_scu.o(.text) for scu_pinmux
    lpc18xx_cgu.o(.text) refers to dfltui.o(.text) for __aeabi_ui2d
    lpc18xx_cgu.o(.text) refers to f2d.o(.text) for __aeabi_f2d
    lpc18xx_cgu.o(.text) refers to cdcmple.o(.text) for __aeabi_cdcmple
    lpc18xx_cgu.o(.text) refers to cdrcmple.o(.text) for __aeabi_cdrcmple
    lpc18xx_cgu.o(.text) refers to ddiv.o(.text) for __aeabi_ddiv
    lpc18xx_cgu.o(.text) refers to dfixui.o(.text) for __aeabi_d2uiz
    lpc18xx_cgu.o(.text) refers to dadd.o(.text) for __aeabi_dadd
    lpc18xx_cgu.o(.text) refers to dmul.o(.text) for __aeabi_dmul
    lpc18xx_cgu.o(.text) refers to lpc18xx_scu.o(.text) for scu_pinmux
    lpc18xx_cgu.o(.text) refers to lpc18xx_cgu.o(.data) for CGU_ClockSourceFrequency
    lpc18xx_cgu.o(.text) refers to lpc18xx_cgu.o(.constdata) for CGU_Entity_ControlReg_Offset
    main.o(.text) refers to system_lpc18xx.o(.text) for SystemInit
    main.o(.text) refers to lpc18xx_cgu.o(.text) for CGU_Init
    main.o(.text) refers to bootloader.o(.text) for Bootloader_Init
    main.o(.text) refers to bootloader.o(.data) for gBootloaderTick
    bootloader.o(.text) refers to uart.o(.text) for Host_Initialize
    bootloader.o(.text) refers to flashprg.o(.text) for Memory_Init
    bootloader.o(.text) refers to flashprg.o(.constdata) for Descriptor
    bootloader.o(.text) refers to bootloader.o(.data) for state
    bootloader.o(.text) refers to bootloader.o(.bss) for rxbuffer
    flashprg.o(.text) refers to lpc18xx_cgu.o(.text) for CGU_EntityConnect
    flashprg.o(.text) refers to spifi_rom_api.o(.constdata) for spifi_table
    flashprg.o(.text) refers to flashprg.o(.data) for pSpifi
    flashprg.o(.text) refers to flashprg.o(.bss) for obj
    spifi_rom_api.o(.text) refers to falcon_details.o(.text) for pullMISO
    spifi_rom_api.o(.text) refers to spansion.o(.text) for span
    spifi_rom_api.o(.text) refers to eon.o(.text) for eon
    spifi_rom_api.o(.text) refers to atmel.o(.text) for atm
    spifi_rom_api.o(.text) refers to numonyx.o(.text) for numo
    spifi_rom_api.o(.text) refers to amic.o(.text) for amic
    spifi_rom_api.o(.text) refers to chi.o(.text) for chi
    spifi_rom_api.o(.text) refers to esmt.o(.text) for esmt
    spifi_rom_api.o(.text) refers to sst.o(.text) for sst
    spifi_rom_api.o(.text) refers to macronix.o(.text) for mxic
    spifi_rom_api.o(.text) refers to giga.o(.text) for giga
    spifi_rom_api.o(.text) refers to winbond.o(.text) for wbd
    spifi_rom_api.o(.text) refers to memcpya.o(.text) for __aeabi_memcpy4
    spifi_rom_api.o(.constdata) refers to spifi_rom_api.o(.text) for spifi_init
    amic.o(.text) refers to spifi_rom_api.o(.text) for setSize
    atmel.o(.text) refers to spifi_rom_api.o(.text) for setProtEnts
    atmel.o(.text) refers to atmel.o(.constdata) for .constdata
    chi.o(.text) refers to spifi_rom_api.o(.text) for setSize
    eon.o(.text) refers to spifi_rom_api.o(.text) for setSize
    esmt.o(.text) refers to spifi_rom_api.o(.text) for setSize
    giga.o(.text) refers to spifi_rom_api.o(.text) for setSize
    macronix.o(.text) refers to spifi_rom_api.o(.text) for setSize
    macronix.o(.text) refers to macronix.o(.constdata) for .constdata
    numonyx.o(.text) refers to spifi_rom_api.o(.text) for setSize
    spansion.o(.text) refers to spifi_rom_api.o(.text) for read04
    sst.o(.text) refers to spifi_rom_api.o(.text) for setSize
    sst.o(.text) refers to sst.o(.constdata) for .constdata
    winbond.o(.text) refers to spifi_rom_api.o(.text) for setSize
    entry.o(.ARM.Collect$$$$00000000) refers (Special) to entry10a.o(.ARM.Collect$$$$0000000D) for __rt_final_cpp
    entry.o(.ARM.Collect$$$$00000000) refers (Special) to entry11a.o(.ARM.Collect$$$$0000000F) for __rt_final_exit
    entry.o(.ARM.Collect$$$$00000000) refers (Special) to entry7b.o(.ARM.Collect$$$$00000008) for _main_clock
    entry.o(.ARM.Collect$$$$00000000) refers (Special) to entry8b.o(.ARM.Collect$$$$0000000A) for _main_cpp_init
    entry.o(.ARM.Collect$$$$00000000) refers (Special) to entry9a.o(.ARM.Collect$$$$0000000B) for _main_init
    entry.o(.ARM.Collect$$$$00000000) refers (Special) to entry5.o(.ARM.Collect$$$$00000004) for _main_scatterload
    entry.o(.ARM.Collect$$$$00000000) refers (Special) to entry2.o(.ARM.Collect$$$$00000001) for _main_stk
    uldiv.o(.text) refers to llushr.o(.text) for __aeabi_llsr
    uldiv.o(.text) refers to llshl.o(.text) for __aeabi_llsl
    dadd.o(.text) refers (Special) to iusefp.o(.text) for __I$use$fp
    dadd.o(.text) refers to llshl.o(.text) for __aeabi_llsl
    dadd.o(.text) refers to llsshr.o(.text) for __aeabi_lasr
    dadd.o(.text) refers to depilogue.o(.text) for _double_epilogue
    dmul.o(.text) refers (Special) to iusefp.o(.text) for __I$use$fp
    dmul.o(.text) refers to depilogue.o(.text) for _double_epilogue
    ddiv.o(.text) refers (Special) to iusefp.o(.text) for __I$use$fp
    ddiv.o(.text) refers to depilogue.o(.text) for _double_round
    dfltui.o(.text) refers (Special) to iusefp.o(.text) for __I$use$fp
    dfltui.o(.text) refers to depilogue.o(.text) for _double_epilogue
    dfixui.o(.text) refers (Special) to iusefp.o(.text) for __I$use$fp
    dfixui.o(.text) refers to llushr.o(.text) for __aeabi_llsr
    f2d.o(.text) refers (Special) to iusefp.o(.text) for __I$use$fp
    cdcmple.o(.text) refers (Special) to iusefp.o(.text) for __I$use$fp
    cdrcmple.o(.text) refers (Special) to iusefp.o(.text) for __I$use$fp
    entry2.o(.ARM.Collect$$$$00000001) refers to entry2.o(.ARM.Collect$$$$00002712) for __lit__00000000
    entry2.o(.ARM.Collect$$$$00002712) refers to startup_lpc18xx.o(STACK) for __initial_sp
    entry2.o(__vectab_stack_and_reset_area) refers to startup_lpc18xx.o(STACK) for __initial_sp
    entry2.o(__vectab_stack_and_reset_area) refers to entry.o(.ARM.Collect$$$$00000000) for __main
    entry5.o(.ARM.Collect$$$$00000004) refers to init.o(.text) for __scatterload
    entry9a.o(.ARM.Collect$$$$0000000B) refers to main.o(.text) for main
    entry9b.o(.ARM.Collect$$$$0000000C) refers to main.o(.text) for main
    depilogue.o(.text) refers to llshl.o(.text) for __aeabi_llsl
    depilogue.o(.text) refers to llushr.o(.text) for __aeabi_llsr
    init.o(.text) refers to entry5.o(.ARM.Collect$$$$00000004) for __main_after_scatterload


==============================================================================

Removing Unused input sections from the image.

    Removing startup_lpc18xx.o(HEAP), (0 bytes).
    Removing system_lpc18xx.o(.rev16_text), (4 bytes).
    Removing system_lpc18xx.o(.revsh_text), (4 bytes).
    Removing lpc18xx_uart.o(.rev16_text), (4 bytes).
    Removing lpc18xx_uart.o(.revsh_text), (4 bytes).
    Removing uart.o(.rev16_text), (4 bytes).
    Removing uart.o(.revsh_text), (4 bytes).
    Removing lpc18xx_scu.o(.rev16_text), (4 bytes).
    Removing lpc18xx_scu.o(.revsh_text), (4 bytes).
    Removing lpc18xx_cgu.o(.rev16_text), (4 bytes).
    Removing lpc18xx_cgu.o(.revsh_text), (4 bytes).
    Removing main.o(.rev16_text), (4 bytes).
    Removing main.o(.revsh_text), (4 bytes).
    Removing flashprg.o(.rev16_text), (4 bytes).
    Removing flashprg.o(.revsh_text), (4 bytes).
    Removing falcon_details.o(.rev16_text), (4 bytes).
    Removing falcon_details.o(.revsh_text), (4 bytes).

17 unused section(s) (total 64 bytes) removed from the image.

==============================================================================

Image Symbol Table

    Local Symbols

    Symbol Name                              Value     Ov Type        Size  Object(Section)

    ../clib/microlib/division.c              0x00000000   Number         0  uldiv.o ABSOLUTE
    ../clib/microlib/init/entry.s            0x00000000   Number         0  entry8b.o ABSOLUTE
    ../clib/microlib/init/entry.s            0x00000000   Number         0  entry.o ABSOLUTE
    ../clib/microlib/init/entry.s            0x00000000   Number         0  entry11a.o ABSOLUTE
    ../clib/microlib/init/entry.s            0x00000000   Number         0  entry11b.o ABSOLUTE
    ../clib/microlib/init/entry.s            0x00000000   Number         0  entry9a.o ABSOLUTE
    ../clib/microlib/init/entry.s            0x00000000   Number         0  entry10b.o ABSOLUTE
    ../clib/microlib/init/entry.s            0x00000000   Number         0  entry10a.o ABSOLUTE
    ../clib/microlib/init/entry.s            0x00000000   Number         0  entry2.o ABSOLUTE
    ../clib/microlib/init/entry.s            0x00000000   Number         0  entry5.o ABSOLUTE
    ../clib/microlib/init/entry.s            0x00000000   Number         0  entry9b.o ABSOLUTE
    ../clib/microlib/init/entry.s            0x00000000   Number         0  entry7a.o ABSOLUTE
    ../clib/microlib/init/entry.s            0x00000000   Number         0  entry7b.o ABSOLUTE
    ../clib/microlib/init/entry.s            0x00000000   Number         0  entry8a.o ABSOLUTE
    ../clib/microlib/longlong.c              0x00000000   Number         0  llsshr.o ABSOLUTE
    ../clib/microlib/longlong.c              0x00000000   Number         0  llushr.o ABSOLUTE
    ../clib/microlib/longlong.c              0x00000000   Number         0  llshl.o ABSOLUTE
    ../clib/microlib/string/memcpy.c         0x00000000   Number         0  memcpyb.o ABSOLUTE
    ../clib/microlib/string/memcpy.c         0x00000000   Number         0  memcpya.o ABSOLUTE
    ../clib/microlib/stubs.s                 0x00000000   Number         0  iusefp.o ABSOLUTE
    ../fplib/microlib/f2d.c                  0x00000000   Number         0  f2d.o ABSOLUTE
    ../fplib/microlib/fpadd.c                0x00000000   Number         0  dadd.o ABSOLUTE
    ../fplib/microlib/fpdiv.c                0x00000000   Number         0  ddiv.o ABSOLUTE
    ../fplib/microlib/fpepilogue.c           0x00000000   Number         0  depilogue.o ABSOLUTE
    ../fplib/microlib/fpfix.c                0x00000000   Number         0  dfixui.o ABSOLUTE
    ../fplib/microlib/fpflt.c                0x00000000   Number         0  dfltui.o ABSOLUTE
    ../fplib/microlib/fpmul.c                0x00000000   Number         0  dmul.o ABSOLUTE
    ..\..\Core\bootloader.c                  0x00000000   Number         0  bootloader.o ABSOLUTE
    ..\\falcon_details.c                     0x00000000   Number         0  falcon_details.o ABSOLUTE
    ..\amic.c                                0x00000000   Number         0  amic.o ABSOLUTE
    ..\atmel.c                               0x00000000   Number         0  atmel.o ABSOLUTE
    ..\chi.c                                 0x00000000   Number         0  chi.o ABSOLUTE
    ..\eon.c                                 0x00000000   Number         0  eon.o ABSOLUTE
    ..\esmt.c                                0x00000000   Number         0  esmt.o ABSOLUTE
    ..\falcon_details.c                      0x00000000   Number         0  falcon_details.o ABSOLUTE
    ..\giga.c                                0x00000000   Number         0  giga.o ABSOLUTE
    ..\macronix.c                            0x00000000   Number         0  macronix.o ABSOLUTE
    ..\numonyx.c                             0x00000000   Number         0  numonyx.o ABSOLUTE
    ..\spansion.c                            0x00000000   Number         0  spansion.o ABSOLUTE
    ..\spifi_rom_api.c                       0x00000000   Number         0  spifi_rom_api.o ABSOLUTE
    ..\sst.c                                 0x00000000   Number         0  sst.o ABSOLUTE
    ..\winbond.c                             0x00000000   Number         0  winbond.o ABSOLUTE
    FlashPrg.c                               0x00000000   Number         0  flashprg.o ABSOLUTE
    FlashPrg.c                               0x00000000   Number         0  flashprg.o ABSOLUTE
    cdcmple.s                                0x00000000   Number         0  cdcmple.o ABSOLUTE
    cdrcmple.s                               0x00000000   Number         0  cdrcmple.o ABSOLUTE
    dc.s                                     0x00000000   Number         0  dc.o ABSOLUTE
    handlers.s                               0x00000000   Number         0  handlers.o ABSOLUTE
    init.s                                   0x00000000   Number         0  init.o ABSOLUTE
    lib\\lpc18xx_cgu.c                       0x00000000   Number         0  lpc18xx_cgu.o ABSOLUTE
    lib\\lpc18xx_scu.c                       0x00000000   Number         0  lpc18xx_scu.o ABSOLUTE
    lib\\lpc18xx_uart.c                      0x00000000   Number         0  lpc18xx_uart.o ABSOLUTE
    lib\\system_LPC18xx.c                    0x00000000   Number         0  system_lpc18xx.o ABSOLUTE
    lib\lpc18xx_cgu.c                        0x00000000   Number         0  lpc18xx_cgu.o ABSOLUTE
    lib\lpc18xx_scu.c                        0x00000000   Number         0  lpc18xx_scu.o ABSOLUTE
    lib\lpc18xx_uart.c                       0x00000000   Number         0  lpc18xx_uart.o ABSOLUTE
    lib\startup_LPC18xx.s                    0x00000000   Number         0  startup_lpc18xx.o ABSOLUTE
    lib\system_LPC18xx.c                     0x00000000   Number         0  system_lpc18xx.o ABSOLUTE
    main.c                                   0x00000000   Number         0  main.o ABSOLUTE
    main.c                                   0x00000000   Number         0  main.o ABSOLUTE
    uart.c                                   0x00000000   Number         0  uart.o ABSOLUTE
    uart.c                                   0x00000000   Number         0  uart.o ABSOLUTE
    RESET                                    0x10000000   Section      188  startup_lpc18xx.o(RESET)
    .ARM.Collect$$$$00000000                 0x100000bc   Section        0  entry.o(.ARM.Collect$$$$00000000)
    .ARM.Collect$$$$00000001                 0x100000bc   Section        4  entry2.o(.ARM.Collect$$$$00000001)
    .ARM.Collect$$$$00000004                 0x100000c0   Section        4  entry5.o(.ARM.Collect$$$$00000004)
    .ARM.Collect$$$$00000008                 0x100000c4   Section        0  entry7b.o(.ARM.Collect$$$$00000008)
    .ARM.Collect$$$$0000000A                 0x100000c4   Section        0  entry8b.o(.ARM.Collect$$$$0000000A)
    .ARM.Collect$$$$0000000B                 0x100000c4   Section        8  entry9a.o(.ARM.Collect$$$$0000000B)
    .ARM.Collect$$$$0000000D                 0x100000cc   Section        0  entry10a.o(.ARM.Collect$$$$0000000D)
    .ARM.Collect$$$$0000000F                 0x100000cc   Section        0  entry11a.o(.ARM.Collect$$$$0000000F)
    .ARM.Collect$$$$00002712                 0x100000cc   Section        4  entry2.o(.ARM.Collect$$$$00002712)
    __lit__00000000                          0x100000cc   Data           4  entry2.o(.ARM.Collect$$$$00002712)
    .text                                    0x100000d0   Section       40  startup_lpc18xx.o(.text)
    RESERVED0                                0x100000eb   Thumb Code     0  startup_lpc18xx.o(.text)
    RESERVED1                                0x100000eb   Thumb Code     0  startup_lpc18xx.o(.text)
    RESERVED2                                0x100000eb   Thumb Code     0  startup_lpc18xx.o(.text)
    .text                                    0x100000f8   Section        0  system_lpc18xx.o(.text)
    WaitUs                                   0x10000271   Thumb Code    72  system_lpc18xx.o(.text)
    .text                                    0x100009f8   Section        0  lpc18xx_uart.o(.text)
    uart_set_divisors                        0x100009f9   Thumb Code   460  lpc18xx_uart.o(.text)
    .text                                    0x100012c0   Section        0  uart.o(.text)
    .text                                    0x10001340   Section        0  lpc18xx_scu.o(.text)
    .text                                    0x10001364   Section        0  lpc18xx_cgu.o(.text)
    .text                                    0x10002308   Section        0  main.o(.text)
    .text                                    0x10002394   Section        0  bootloader.o(.text)
    IsTimeExpired                            0x100023cf   Thumb Code    42  bootloader.o(.text)
    VerifyChecksum                           0x100023f9   Thumb Code    46  bootloader.o(.text)
    GetTime                                  0x10002427   Thumb Code     6  bootloader.o(.text)
    .text                                    0x1000271c   Section        0  flashprg.o(.text)
    .text                                    0x1000280c   Section        0  spifi_rom_api.o(.text)
    .text                                    0x10003af0   Section        0  amic.o(.text)
    .text                                    0x10003b90   Section        0  atmel.o(.text)
    .text                                    0x10003ca4   Section        0  chi.o(.text)
    .text                                    0x10003d80   Section        0  eon.o(.text)
    .text                                    0x10003e3c   Section        0  esmt.o(.text)
    .text                                    0x10003ef8   Section        0  giga.o(.text)
    .text                                    0x10003fa8   Section        0  macronix.o(.text)
    .text                                    0x1000413c   Section        0  numonyx.o(.text)
    .text                                    0x100042bc   Section        0  spansion.o(.text)
    .text                                    0x100043a8   Section        0  sst.o(.text)
    .text                                    0x10004460   Section        0  winbond.o(.text)
    .text                                    0x1000455c   Section        0  falcon_details.o(.text)
    .text                                    0x100046d4   Section        0  uldiv.o(.text)
    .text                                    0x10004736   Section        0  memcpya.o(.text)
    .text                                    0x1000475a   Section        0  dadd.o(.text)
    .text                                    0x100048a8   Section        0  dmul.o(.text)
    .text                                    0x1000498c   Section        0  ddiv.o(.text)
    .text                                    0x10004a6a   Section        0  dfltui.o(.text)
    .text                                    0x10004a84   Section        0  dfixui.o(.text)
    .text                                    0x10004ab6   Section        0  f2d.o(.text)
    .text                                    0x10004adc   Section       48  cdcmple.o(.text)
    .text                                    0x10004b0c   Section       48  cdrcmple.o(.text)
    .text                                    0x10004b3c   Section        0  llshl.o(.text)
    .text                                    0x10004b5a   Section        0  llushr.o(.text)
    .text                                    0x10004b7a   Section        0  llsshr.o(.text)
    .text                                    0x10004b9e   Section        0  iusefp.o(.text)
    .text                                    0x10004b9e   Section        0  depilogue.o(.text)
    .text                                    0x10004c58   Section       36  init.o(.text)
    i.GetPLL1Param                           0x10004c7c   Section        0  system_lpc18xx.o(i.GetPLL1Param)
    i.__scatterload_copy                     0x10004cc4   Section       14  handlers.o(i.__scatterload_copy)
    i.__scatterload_null                     0x10004cd2   Section        2  handlers.o(i.__scatterload_null)
    i.__scatterload_zeroinit                 0x10004cd4   Section       14  handlers.o(i.__scatterload_zeroinit)
    .constdata                               0x10004ce2   Section       20  system_lpc18xx.o(.constdata)
    .constdata                               0x10004cf8   Section     1272  lpc18xx_cgu.o(.constdata)
    .constdata                               0x100051f0   Section      584  flashprg.o(.constdata)
    .constdata                               0x10005438   Section       80  spifi_rom_api.o(.constdata)
    .constdata                               0x10005488   Section       64  atmel.o(.constdata)
    .constdata                               0x100054c8   Section      130  macronix.o(.constdata)
    .constdata                               0x1000554c   Section      120  sst.o(.constdata)
    .data                                    0x10080000   Section        4  system_lpc18xx.o(.data)
    .data                                    0x10080004   Section       76  lpc18xx_cgu.o(.data)
    .data                                    0x10080050   Section       44  bootloader.o(.data)
    state                                    0x10080054   Data           4  bootloader.o(.data)
    headerbytes                              0x10080058   Data           4  bootloader.o(.data)
    lastbytetimestamp                        0x1008005c   Data           2  bootloader.o(.data)
    databytes                                0x10080060   Data           4  bootloader.o(.data)
    chunkbytes                               0x10080064   Data           4  bootloader.o(.data)
    chunkaddress                             0x10080068   Data           4  bootloader.o(.data)
    localchecksum                            0x1008006c   Data           4  bootloader.o(.data)
    programstartaddr                         0x10080070   Data           4  bootloader.o(.data)
    datasize                                 0x10080074   Data           4  bootloader.o(.data)
    remotechecksum                           0x10080078   Data           4  bootloader.o(.data)
    .data                                    0x1008007c   Section        4  flashprg.o(.data)
    pSpifi                                   0x1008007c   Data           4  flashprg.o(.data)
    .bss                                     0x10080080   Section     1140  bootloader.o(.bss)
    rxbuffer                                 0x10080080   Data         100  bootloader.o(.bss)
    chunk                                    0x100800e4   Data        1024  bootloader.o(.bss)
    header                                   0x100804e4   Data          16  bootloader.o(.bss)
    .bss                                     0x100804f4   Section      148  flashprg.o(.bss)
    obj                                      0x100804f4   Data         128  flashprg.o(.bss)
    opers                                    0x10080574   Data          20  flashprg.o(.bss)
    STACK                                    0x10080588   Section     2048  startup_lpc18xx.o(STACK)

    Global Symbols

    Symbol Name                              Value     Ov Type        Size  Object(Section)

    BuildAttributes$$THM_ISAv4$P$D$K$B$S$PE$A:L22UL41UL21$X:L11$S22US41US21$IEEE1$IW$USESV6$~STKCKD$USESV7$~SHL$OSPACE$ROPI$EBA8$MICROLIB$REQ8$PRES8$EABIv2 0x00000000   Number         0  anon$$obj.o ABSOLUTE
    __ARM_use_no_argv                        0x00000000   Number         0  main.o ABSOLUTE
    __cpp_initialize__aeabi_                  - Undefined Weak Reference
    __cxa_finalize                            - Undefined Weak Reference
    __decompress                              - Undefined Weak Reference
    _clock_init                               - Undefined Weak Reference
    _microlib_exit                            - Undefined Weak Reference
    __Vectors                                0x10000000   Data           4  startup_lpc18xx.o(RESET)
    __main                                   0x100000bd   Thumb Code     0  entry.o(.ARM.Collect$$$$00000000)
    _main_stk                                0x100000bd   Thumb Code     0  entry2.o(.ARM.Collect$$$$00000001)
    _main_scatterload                        0x100000c1   Thumb Code     0  entry5.o(.ARM.Collect$$$$00000004)
    __main_after_scatterload                 0x100000c5   Thumb Code     0  entry5.o(.ARM.Collect$$$$00000004)
    _main_clock                              0x100000c5   Thumb Code     0  entry7b.o(.ARM.Collect$$$$00000008)
    _main_cpp_init                           0x100000c5   Thumb Code     0  entry8b.o(.ARM.Collect$$$$0000000A)
    _main_init                               0x100000c5   Thumb Code     0  entry9a.o(.ARM.Collect$$$$0000000B)
    __rt_final_cpp                           0x100000cd   Thumb Code     0  entry10a.o(.ARM.Collect$$$$0000000D)
    __rt_final_exit                          0x100000cd   Thumb Code     0  entry11a.o(.ARM.Collect$$$$0000000F)
    Reset_Handler                            0x100000d1   Thumb Code     8  startup_lpc18xx.o(.text)
    NMI_Handler                              0x100000d9   Thumb Code     2  startup_lpc18xx.o(.text)
    HardFault_Handler                        0x100000db   Thumb Code     2  startup_lpc18xx.o(.text)
    MemManage_Handler                        0x100000dd   Thumb Code     2  startup_lpc18xx.o(.text)
    BusFault_Handler                         0x100000df   Thumb Code     2  startup_lpc18xx.o(.text)
    UsageFault_Handler                       0x100000e1   Thumb Code     2  startup_lpc18xx.o(.text)
    SVC_Handler                              0x100000e3   Thumb Code     2  startup_lpc18xx.o(.text)
    DebugMon_Handler                         0x100000e5   Thumb Code     2  startup_lpc18xx.o(.text)
    PendSV_Handler                           0x100000e7   Thumb Code     2  startup_lpc18xx.o(.text)
    ADC0_IRQHandler                          0x100000eb   Thumb Code     0  startup_lpc18xx.o(.text)
    ADC1_IRQHandler                          0x100000eb   Thumb Code     0  startup_lpc18xx.o(.text)
    AES_IRQHandler                           0x100000eb   Thumb Code     0  startup_lpc18xx.o(.text)
    DAC_IRQHandler                           0x100000eb   Thumb Code     0  startup_lpc18xx.o(.text)
    DMA_IRQHandler                           0x100000eb   Thumb Code     0  startup_lpc18xx.o(.text)
    ETH_IRQHandler                           0x100000eb   Thumb Code     0  startup_lpc18xx.o(.text)
    EVRT_IRQHandler                          0x100000eb   Thumb Code     0  startup_lpc18xx.o(.text)
    I2C0_IRQHandler                          0x100000eb   Thumb Code     0  startup_lpc18xx.o(.text)
    I2C1_IRQHandler                          0x100000eb   Thumb Code     0  startup_lpc18xx.o(.text)
    I2S_IRQHandler                           0x100000eb   Thumb Code     0  startup_lpc18xx.o(.text)
    LCD_IRQHandler                           0x100000eb   Thumb Code     0  startup_lpc18xx.o(.text)
    MCPWM_IRQHandler                         0x100000eb   Thumb Code     0  startup_lpc18xx.o(.text)
    RIT_IRQHandler                           0x100000eb   Thumb Code     0  startup_lpc18xx.o(.text)
    SCT_IRQHandler                           0x100000eb   Thumb Code     0  startup_lpc18xx.o(.text)
    SDIO_IRQHandler                          0x100000eb   Thumb Code     0  startup_lpc18xx.o(.text)
    SPIFI_IRQHandler                         0x100000eb   Thumb Code     0  startup_lpc18xx.o(.text)
    SSP0_IRQHandler                          0x100000eb   Thumb Code     0  startup_lpc18xx.o(.text)
    SSP1_IRQHandler                          0x100000eb   Thumb Code     0  startup_lpc18xx.o(.text)
    TIMER0_IRQHandler                        0x100000eb   Thumb Code     0  startup_lpc18xx.o(.text)
    TIMER1_IRQHandler                        0x100000eb   Thumb Code     0  startup_lpc18xx.o(.text)
    TIMER2_IRQHandler                        0x100000eb   Thumb Code     0  startup_lpc18xx.o(.text)
    TIMER3_IRQHandler                        0x100000eb   Thumb Code     0  startup_lpc18xx.o(.text)
    UART0_IRQHandler                         0x100000eb   Thumb Code     0  startup_lpc18xx.o(.text)
    UART1_IRQHandler                         0x100000eb   Thumb Code     0  startup_lpc18xx.o(.text)
    UART2_IRQHandler                         0x100000eb   Thumb Code     0  startup_lpc18xx.o(.text)
    UART3_IRQHandler                         0x100000eb   Thumb Code     0  startup_lpc18xx.o(.text)
    USB0_IRQHandler                          0x100000eb   Thumb Code     0  startup_lpc18xx.o(.text)
    USB1_IRQHandler                          0x100000eb   Thumb Code     0  startup_lpc18xx.o(.text)
    getPC                                    0x100000f5   Thumb Code     4  startup_lpc18xx.o(.text)
    SetClock                                 0x100000f9   Thumb Code   376  system_lpc18xx.o(.text)
    SystemInit_ExtMemCtl                     0x100002b9   Thumb Code  1276  system_lpc18xx.o(.text)
    MeasureFreq                              0x100007b5   Thumb Code    94  system_lpc18xx.o(.text)
    GetClkSel                                0x10000813   Thumb Code   168  system_lpc18xx.o(.text)
    GetClockFreq                             0x100008bb   Thumb Code   238  system_lpc18xx.o(.text)
    SystemCoreClockUpdate                    0x100009a9   Thumb Code    22  system_lpc18xx.o(.text)
    SystemInit                               0x100009bf   Thumb Code    44  system_lpc18xx.o(.text)
    UART_Init                                0x10000bc5   Thumb Code   366  lpc18xx_uart.o(.text)
    UART_TxCmd                               0x10000d33   Thumb Code    52  lpc18xx_uart.o(.text)
    UART_DeInit                              0x10000d67   Thumb Code    14  lpc18xx_uart.o(.text)
    UART_ConfigStructInit                    0x10000d75   Thumb Code    18  lpc18xx_uart.o(.text)
    UART_SendByte                            0x10000d87   Thumb Code    18  lpc18xx_uart.o(.text)
    UART_ReceiveByte                         0x10000d99   Thumb Code    20  lpc18xx_uart.o(.text)
    UART_Send                                0x10000dad   Thumb Code   164  lpc18xx_uart.o(.text)
    UART_Receive                             0x10000e51   Thumb Code   114  lpc18xx_uart.o(.text)
    UART_ForceBreak                          0x10000ec3   Thumb Code    26  lpc18xx_uart.o(.text)
    UART_IntConfig                           0x10000edd   Thumb Code   114  lpc18xx_uart.o(.text)
    UART_GetLineStatus                       0x10000f4f   Thumb Code    20  lpc18xx_uart.o(.text)
    UART_CheckBusy                           0x10000f63   Thumb Code    18  lpc18xx_uart.o(.text)
    UART_FIFOConfig                          0x10000f75   Thumb Code   104  lpc18xx_uart.o(.text)
    UART_FIFOConfigStructInit                0x10000fdd   Thumb Code    14  lpc18xx_uart.o(.text)
    UART_ABCmd                               0x10000feb   Thumb Code   124  lpc18xx_uart.o(.text)
    UART_IrDAInvtInputCmd                    0x10001067   Thumb Code    26  lpc18xx_uart.o(.text)
    UART_IrDACmd                             0x10001081   Thumb Code    24  lpc18xx_uart.o(.text)
    UART_IrDAPulseDivConfig                  0x10001099   Thumb Code    26  lpc18xx_uart.o(.text)
    UART_FullModemForcePinState              0x100010b3   Thumb Code    48  lpc18xx_uart.o(.text)
    UART_FullModemConfigMode                 0x100010e3   Thumb Code    56  lpc18xx_uart.o(.text)
    UART_FullModemGetStatus                  0x1000111b   Thumb Code     8  lpc18xx_uart.o(.text)
    UART_RS485Config                         0x10001123   Thumb Code   138  lpc18xx_uart.o(.text)
    UART_RS485ReceiverCmd                    0x100011ad   Thumb Code    54  lpc18xx_uart.o(.text)
    UART_RS485Send                           0x100011e3   Thumb Code   174  lpc18xx_uart.o(.text)
    UART_RS485SendSlvAddr                    0x10001291   Thumb Code    24  lpc18xx_uart.o(.text)
    UART_RS485SendData                       0x100012a9   Thumb Code    22  lpc18xx_uart.o(.text)
    Host_Initialize                          0x100012c1   Thumb Code    80  uart.o(.text)
    Host_SendData                            0x10001311   Thumb Code    20  uart.o(.text)
    Host_Debug                               0x10001325   Thumb Code     2  uart.o(.text)
    Host_ReceiveData                         0x10001327   Thumb Code    20  uart.o(.text)
    scu_pinmux                               0x10001341   Thumb Code    30  lpc18xx_scu.o(.text)
    pdec_new                                 0x10001365   Thumb Code    62  lpc18xx_cgu.o(.text)
    ndec_new                                 0x100013a3   Thumb Code    76  lpc18xx_cgu.o(.text)
    mdec_new                                 0x100013ef   Thumb Code    66  lpc18xx_cgu.o(.text)
    anadeci_new                              0x10001431   Thumb Code    70  lpc18xx_cgu.o(.text)
    anadecp_new                              0x10001477   Thumb Code    16  lpc18xx_cgu.o(.text)
    compute_pll_regs                         0x10001487   Thumb Code  1136  lpc18xx_cgu.o(.text)
    CGU_UpdateClock                          0x100018f7   Thumb Code   260  lpc18xx_cgu.o(.text)
    CGU_EntityConnect                        0x100019fb   Thumb Code   116  lpc18xx_cgu.o(.text)
    CGU_EnableEntity                         0x10001a6f   Thumb Code   278  lpc18xx_cgu.o(.text)
    CGU_SetPLL1                              0x10001b85   Thumb Code   160  lpc18xx_cgu.o(.text)
    CGU_SetXTALOSC                           0x10001c25   Thumb Code    54  lpc18xx_cgu.o(.text)
    CGU_Init                                 0x10001c5b   Thumb Code   114  lpc18xx_cgu.o(.text)
    CGU_GetBaseStatus                        0x10001ccd   Thumb Code   174  lpc18xx_cgu.o(.text)
    CGU_ConfigPWR                            0x10001d7b   Thumb Code   680  lpc18xx_cgu.o(.text)
    CGU_GetPCLKFrequency                     0x10002023   Thumb Code   258  lpc18xx_cgu.o(.text)
    CGU_SetDIV                               0x10002125   Thumb Code    56  lpc18xx_cgu.o(.text)
    CGU_SetPLL0                              0x1000215d   Thumb Code    82  lpc18xx_cgu.o(.text)
    CGU_SetPLL0_Audio                        0x100021af   Thumb Code    86  lpc18xx_cgu.o(.text)
    CGU_FrequencyMonitor                     0x10002205   Thumb Code   170  lpc18xx_cgu.o(.text)
    CGU_RealFrequencyCompare                 0x100022af   Thumb Code    64  lpc18xx_cgu.o(.text)
    SysTick_Handler                          0x10002309   Thumb Code    12  main.o(.text)
    c_entry                                  0x10002315   Thumb Code   110  main.o(.text)
    main                                     0x10002383   Thumb Code     4  main.o(.text)
    Bootloader_Init                          0x10002395   Thumb Code    58  bootloader.o(.text)
    Bootloader_Process                       0x1000242d   Thumb Code   598  bootloader.o(.text)
    Memory_Init                              0x1000271d   Thumb Code    72  flashprg.o(.text)
    Memory_EraseChip                         0x10002765   Thumb Code    36  flashprg.o(.text)
    Memory_EraseSector                       0x10002789   Thumb Code    58  flashprg.o(.text)
    Memory_ProgramPage                       0x100027c3   Thumb Code    42  flashprg.o(.text)
    Memory_ReadByte                          0x100027ed   Thumb Code     6  flashprg.o(.text)
    memcpy_spifi_lib                         0x1000280d   Thumb Code    42  spifi_rom_api.o(.text)
    memset_spifi_lib                         0x10002837   Thumb Code    18  spifi_rom_api.o(.text)
    read_flash                               0x10002849   Thumb Code    50  spifi_rom_api.o(.text)
    cmd                                      0x1000287b   Thumb Code    22  spifi_rom_api.o(.text)
    all_quad                                 0x10002891   Thumb Code    16  spifi_rom_api.o(.text)
    read04                                   0x100028a1   Thumb Code    32  spifi_rom_api.o(.text)
    readAd                                   0x100028c1   Thumb Code    18  spifi_rom_api.o(.text)
    send04                                   0x100028d3   Thumb Code    40  spifi_rom_api.o(.text)
    wren                                     0x100028fb   Thumb Code     6  spifi_rom_api.o(.text)
    wren_send04                              0x10002901   Thumb Code    28  spifi_rom_api.o(.text)
    wren_sendAd                              0x1000291d   Thumb Code    74  spifi_rom_api.o(.text)
    cancel_mem_mode                          0x10002967   Thumb Code    64  spifi_rom_api.o(.text)
    wait_busy                                0x100029a7   Thumb Code   218  spifi_rom_api.o(.text)
    write_stat                               0x10002a81   Thumb Code    50  spifi_rom_api.o(.text)
    set_mem_mode                             0x10002ab3   Thumb Code   142  spifi_rom_api.o(.text)
    setWPSEL                                 0x10002b41   Thumb Code    48  spifi_rom_api.o(.text)
    setProtEnts                              0x10002b71   Thumb Code    60  spifi_rom_api.o(.text)
    getProtBytes                             0x10002bad   Thumb Code    28  spifi_rom_api.o(.text)
    readProt                                 0x10002bc9   Thumb Code    84  spifi_rom_api.o(.text)
    setSize                                  0x10002c1d   Thumb Code    52  spifi_rom_api.o(.text)
    setDev                                   0x10002c51   Thumb Code   418  spifi_rom_api.o(.text)
    spifi_init                               0x10002df3   Thumb Code   466  spifi_rom_api.o(.text)
    setProt                                  0x10002fc5   Thumb Code  1066  spifi_rom_api.o(.text)
    checkAd                                  0x100033ef   Thumb Code    72  spifi_rom_api.o(.text)
    send_erase_cmd                           0x10003437   Thumb Code    66  spifi_rom_api.o(.text)
    send_prog_cmd                            0x10003479   Thumb Code    24  spifi_rom_api.o(.text)
    prog_block                               0x10003491   Thumb Code   248  spifi_rom_api.o(.text)
    ck_erase                                 0x10003589   Thumb Code    24  spifi_rom_api.o(.text)
    ck_setup                                 0x100035a1   Thumb Code    22  spifi_rom_api.o(.text)
    ck_prog                                  0x100035b7   Thumb Code    98  spifi_rom_api.o(.text)
    check_block                              0x10003619   Thumb Code   128  spifi_rom_api.o(.text)
    spifi_program                            0x10003699   Thumb Code   594  spifi_rom_api.o(.text)
    spifi_erase                              0x100038eb   Thumb Code   514  spifi_rom_api.o(.text)
    amic                                     0x10003af1   Thumb Code   134  amic.o(.text)
    atm                                      0x10003b91   Thumb Code   252  atmel.o(.text)
    chi                                      0x10003ca5   Thumb Code   194  chi.o(.text)
    eon                                      0x10003d81   Thumb Code   176  eon.o(.text)
    esmt                                     0x10003e3d   Thumb Code   164  esmt.o(.text)
    giga                                     0x10003ef9   Thumb Code   156  giga.o(.text)
    mxic                                     0x10003fa9   Thumb Code   382  macronix.o(.text)
    numo_dummies                             0x1000413d   Thumb Code    50  numonyx.o(.text)
    numo                                     0x1000416f   Thumb Code   292  numonyx.o(.text)
    moreId                                   0x100042bd   Thumb Code    66  spansion.o(.text)
    span                                     0x100042ff   Thumb Code   146  spansion.o(.text)
    sst                                      0x100043a9   Thumb Code   158  sst.o(.text)
    wbd_dummies                              0x10004461   Thumb Code    30  winbond.o(.text)
    wbd                                      0x1000447f   Thumb Code   202  winbond.o(.text)
    set_uart                                 0x1000455d   Thumb Code    70  falcon_details.o(.text)
    pullMISO                                 0x100045a3   Thumb Code    22  falcon_details.o(.text)
    set_spifi_io                             0x100045b9   Thumb Code    26  falcon_details.o(.text)
    set_spifi_clk                            0x100045d3   Thumb Code   208  falcon_details.o(.text)
    __aeabi_uldivmod                         0x100046d5   Thumb Code    98  uldiv.o(.text)
    __aeabi_memcpy                           0x10004737   Thumb Code    36  memcpya.o(.text)
    __aeabi_memcpy4                          0x10004737   Thumb Code     0  memcpya.o(.text)
    __aeabi_memcpy8                          0x10004737   Thumb Code     0  memcpya.o(.text)
    __aeabi_dadd                             0x1000475b   Thumb Code   322  dadd.o(.text)
    __aeabi_dsub                             0x1000489d   Thumb Code     6  dadd.o(.text)
    __aeabi_drsub                            0x100048a3   Thumb Code     6  dadd.o(.text)
    __aeabi_dmul                             0x100048a9   Thumb Code   228  dmul.o(.text)
    __aeabi_ddiv                             0x1000498d   Thumb Code   222  ddiv.o(.text)
    __aeabi_ui2d                             0x10004a6b   Thumb Code    26  dfltui.o(.text)
    __aeabi_d2uiz                            0x10004a85   Thumb Code    50  dfixui.o(.text)
    __aeabi_f2d                              0x10004ab7   Thumb Code    38  f2d.o(.text)
    __aeabi_cdcmpeq                          0x10004add   Thumb Code     0  cdcmple.o(.text)
    __aeabi_cdcmple                          0x10004add   Thumb Code    48  cdcmple.o(.text)
    __aeabi_cdrcmple                         0x10004b0d   Thumb Code    48  cdrcmple.o(.text)
    __aeabi_llsl                             0x10004b3d   Thumb Code    30  llshl.o(.text)
    _ll_shift_l                              0x10004b3d   Thumb Code     0  llshl.o(.text)
    __aeabi_llsr                             0x10004b5b   Thumb Code    32  llushr.o(.text)
    _ll_ushift_r                             0x10004b5b   Thumb Code     0  llushr.o(.text)
    __aeabi_lasr                             0x10004b7b   Thumb Code    36  llsshr.o(.text)
    _ll_sshift_r                             0x10004b7b   Thumb Code     0  llsshr.o(.text)
    __I$use$fp                               0x10004b9f   Thumb Code     0  iusefp.o(.text)
    _double_round                            0x10004b9f   Thumb Code    30  depilogue.o(.text)
    _double_epilogue                         0x10004bbd   Thumb Code   156  depilogue.o(.text)
    __scatterload                            0x10004c59   Thumb Code    28  init.o(.text)
    __scatterload_rt2                        0x10004c59   Thumb Code     0  init.o(.text)
    GetPLL1Param                             0x10004c7d   Thumb Code    68  system_lpc18xx.o(i.GetPLL1Param)
    __scatterload_copy                       0x10004cc5   Thumb Code    14  handlers.o(i.__scatterload_copy)
    __scatterload_null                       0x10004cd3   Thumb Code     2  handlers.o(i.__scatterload_null)
    __scatterload_zeroinit                   0x10004cd5   Thumb Code    14  handlers.o(i.__scatterload_zeroinit)
    emcdivby2_opc                            0x10004ce2   Data          20  system_lpc18xx.o(.constdata)
    CGU_Entity_ControlReg_Offset             0x10004cf8   Data          90  lpc18xx_cgu.o(.constdata)
    CGU_ConnectAlloc_Tbl                     0x10004d52   Data         765  lpc18xx_cgu.o(.constdata)
    CGU_PERIPHERAL_Info                      0x10005050   Data         390  lpc18xx_cgu.o(.constdata)
    pfdInMax                                 0x100051d8   Data           8  lpc18xx_cgu.o(.constdata)
    fccoMax                                  0x100051e0   Data           8  lpc18xx_cgu.o(.constdata)
    fccoMin                                  0x100051e8   Data           8  lpc18xx_cgu.o(.constdata)
    Descriptor                               0x100051f0   Data         584  flashprg.o(.constdata)
    spifi_table                              0x10005438   Data          80  spifi_rom_api.o(.constdata)
    AT25DF041E                               0x10005488   Data          32  atmel.o(.constdata)
    AT2xDF081AE                              0x100054a8   Data          32  atmel.o(.constdata)
    MX25U80E                                 0x100054c8   Data          16  macronix.o(.constdata)
    MX25U16E                                 0x100054d8   Data          16  macronix.o(.constdata)
    MX25U32E                                 0x100054e8   Data          16  macronix.o(.constdata)
    MX25L64E                                 0x100054f8   Data          24  macronix.o(.constdata)
    MX25L128E                                0x10005510   Data          24  macronix.o(.constdata)
    MX25L256E                                0x10005528   Data          24  macronix.o(.constdata)
    mxMasks                                  0x10005540   Data          10  macronix.o(.constdata)
    SST16MbE                                 0x1000554c   Data          40  sst.o(.constdata)
    SST32MbE                                 0x10005574   Data          40  sst.o(.constdata)
    SST64MbE                                 0x1000559c   Data          40  sst.o(.constdata)
    Region$$Table$$Base                      0x100055c4   Number         0  anon$$obj.o(Region$$Table)
    Region$$Table$$Limit                     0x100055e4   Number         0  anon$$obj.o(Region$$Table)
    SystemCoreClock                          0x10080000   Data           4  system_lpc18xx.o(.data)
    CGU_ClockSourceFrequency                 0x10080004   Data          68  lpc18xx_cgu.o(.data)
    expectedPLL0Freq                         0x10080048   Data           4  lpc18xx_cgu.o(.data)
    expectedPLL0AudioFreq                    0x1008004c   Data           4  lpc18xx_cgu.o(.data)
    gBootloaderTick                          0x10080050   Data           2  bootloader.o(.data)
    __initial_sp                             0x10080d88   Data           0  startup_lpc18xx.o(STACK)



==============================================================================

Memory Map of the image

  Image Entry point : 0x100000bd

  Load Region LR_IROM1 (Base: 0x10000000, Size: 0x00005664, Max: 0x00018000, ABSOLUTE)

    Execution Region ER_IROM1 (Base: 0x10000000, Size: 0x000055e4, Max: 0x00018000, ABSOLUTE)

    Base Addr    Size         Type   Attr      Idx    E Section Name        Object

    0x10000000   0x000000bc   Data   RO            3    RESET               startup_lpc18xx.o
    0x100000bc   0x00000000   Code   RO          322  * .ARM.Collect$$$$00000000  mc_w.l(entry.o)
    0x100000bc   0x00000004   Code   RO          347    .ARM.Collect$$$$00000001  mc_w.l(entry2.o)
    0x100000c0   0x00000004   Code   RO          350    .ARM.Collect$$$$00000004  mc_w.l(entry5.o)
    0x100000c4   0x00000000   Code   RO          352    .ARM.Collect$$$$00000008  mc_w.l(entry7b.o)
    0x100000c4   0x00000000   Code   RO          354    .ARM.Collect$$$$0000000A  mc_w.l(entry8b.o)
    0x100000c4   0x00000008   Code   RO          355    .ARM.Collect$$$$0000000B  mc_w.l(entry9a.o)
    0x100000cc   0x00000000   Code   RO          357    .ARM.Collect$$$$0000000D  mc_w.l(entry10a.o)
    0x100000cc   0x00000000   Code   RO          359    .ARM.Collect$$$$0000000F  mc_w.l(entry11a.o)
    0x100000cc   0x00000004   Code   RO          348    .ARM.Collect$$$$00002712  mc_w.l(entry2.o)
    0x100000d0   0x00000028   Code   RO            4    .text               startup_lpc18xx.o
    0x100000f8   0x00000900   Code   RO           12    .text               system_lpc18xx.o
    0x100009f8   0x000008c6   Code   RO           64    .text               lpc18xx_uart.o
    0x100012be   0x00000002   PAD
    0x100012c0   0x00000080   Code   RO          100    .text               uart.o
    0x10001340   0x00000024   Code   RO          143    .text               lpc18xx_scu.o
    0x10001364   0x00000fa4   Code   RO          166    .text               lpc18xx_cgu.o
    0x10002308   0x0000008c   Code   RO          197    .text               main.o
    0x10002394   0x00000388   Code   RO          229    .text               bootloader.o
    0x1000271c   0x000000f0   Code   RO          254    .text               flashprg.o
    0x1000280c   0x000012e4   Code   RO          288    .text               spifi_drv_M3.lib(spifi_rom_api.o)
    0x10003af0   0x000000a0   Code   RO          291    .text               spifi_drv_M3.lib(amic.o)
    0x10003b90   0x00000114   Code   RO          293    .text               spifi_drv_M3.lib(atmel.o)
    0x10003ca4   0x000000dc   Code   RO          296    .text               spifi_drv_M3.lib(chi.o)
    0x10003d80   0x000000bc   Code   RO          298    .text               spifi_drv_M3.lib(eon.o)
    0x10003e3c   0x000000bc   Code   RO          300    .text               spifi_drv_M3.lib(esmt.o)
    0x10003ef8   0x000000b0   Code   RO          302    .text               spifi_drv_M3.lib(giga.o)
    0x10003fa8   0x00000194   Code   RO          304    .text               spifi_drv_M3.lib(macronix.o)
    0x1000413c   0x00000180   Code   RO          307    .text               spifi_drv_M3.lib(numonyx.o)
    0x100042bc   0x000000ec   Code   RO          309    .text               spifi_drv_M3.lib(spansion.o)
    0x100043a8   0x000000b8   Code   RO          311    .text               spifi_drv_M3.lib(sst.o)
    0x10004460   0x000000fc   Code   RO          314    .text               spifi_drv_M3.lib(winbond.o)
    0x1000455c   0x00000178   Code   RO          318    .text               spifi_drv_M3.lib(falcon_details.o)
    0x100046d4   0x00000062   Code   RO          325    .text               mc_w.l(uldiv.o)
    0x10004736   0x00000024   Code   RO          327    .text               mc_w.l(memcpya.o)
    0x1000475a   0x0000014e   Code   RO          331    .text               mf_w.l(dadd.o)
    0x100048a8   0x000000e4   Code   RO          333    .text               mf_w.l(dmul.o)
    0x1000498c   0x000000de   Code   RO          335    .text               mf_w.l(ddiv.o)
    0x10004a6a   0x0000001a   Code   RO          337    .text               mf_w.l(dfltui.o)
    0x10004a84   0x00000032   Code   RO          339    .text               mf_w.l(dfixui.o)
    0x10004ab6   0x00000026   Code   RO          341    .text               mf_w.l(f2d.o)
    0x10004adc   0x00000030   Code   RO          343    .text               mf_w.l(cdcmple.o)
    0x10004b0c   0x00000030   Code   RO          345    .text               mf_w.l(cdrcmple.o)
    0x10004b3c   0x0000001e   Code   RO          361    .text               mc_w.l(llshl.o)
    0x10004b5a   0x00000020   Code   RO          363    .text               mc_w.l(llushr.o)
    0x10004b7a   0x00000024   Code   RO          365    .text               mc_w.l(llsshr.o)
    0x10004b9e   0x00000000   Code   RO          367    .text               mc_w.l(iusefp.o)
    0x10004b9e   0x000000ba   Code   RO          368    .text               mf_w.l(depilogue.o)
    0x10004c58   0x00000024   Code   RO          370    .text               mc_w.l(init.o)
    0x10004c7c   0x00000048   Code   RO           31    i.GetPLL1Param      system_lpc18xx.o
    0x10004cc4   0x0000000e   Code   RO          374    i.__scatterload_copy  mc_w.l(handlers.o)
    0x10004cd2   0x00000002   Code   RO          375    i.__scatterload_null  mc_w.l(handlers.o)
    0x10004cd4   0x0000000e   Code   RO          376    i.__scatterload_zeroinit  mc_w.l(handlers.o)
    0x10004ce2   0x00000014   Data   RO           13    .constdata          system_lpc18xx.o
    0x10004cf6   0x00000002   PAD
    0x10004cf8   0x000004f8   Data   RO          167    .constdata          lpc18xx_cgu.o
    0x100051f0   0x00000248   Data   RO          256    .constdata          flashprg.o
    0x10005438   0x00000050   Data   RO          289    .constdata          spifi_drv_M3.lib(spifi_rom_api.o)
    0x10005488   0x00000040   Data   RO          294    .constdata          spifi_drv_M3.lib(atmel.o)
    0x100054c8   0x00000082   Data   RO          305    .constdata          spifi_drv_M3.lib(macronix.o)
    0x1000554a   0x00000002   PAD
    0x1000554c   0x00000078   Data   RO          312    .constdata          spifi_drv_M3.lib(sst.o)
    0x100055c4   0x00000020   Data   RO          372    Region$$Table       anon$$obj.o


    Execution Region RW_IRAM1 (Base: 0x10080000, Size: 0x00000d88, Max: 0x0000a000, ABSOLUTE)

    Base Addr    Size         Type   Attr      Idx    E Section Name        Object

    0x10080000   0x00000004   Data   RW           14    .data               system_lpc18xx.o
    0x10080004   0x0000004c   Data   RW          168    .data               lpc18xx_cgu.o
    0x10080050   0x0000002c   Data   RW          231    .data               bootloader.o
    0x1008007c   0x00000004   Data   RW          257    .data               flashprg.o
    0x10080080   0x00000474   Zero   RW          230    .bss                bootloader.o
    0x100804f4   0x00000094   Zero   RW          255    .bss                flashprg.o
    0x10080588   0x00000800   Zero   RW            1    STACK               startup_lpc18xx.o


==============================================================================

Image component sizes


      Code (inc. data)   RO Data    RW Data    ZI Data      Debug   Object Name

       904        154          0         44       1140       3083   bootloader.o
       240         26        584          4        148       6948   flashprg.o
      4004        182       1272         76          0      12414   lpc18xx_cgu.o
        36          6          0          0          0        977   lpc18xx_scu.o
      2246         30          0          0          0      23208   lpc18xx_uart.o
       140         14          0          0          0      53918   main.o
        40          8        188          0       2048        880   startup_lpc18xx.o
      2376        198         20          4          0      40587   system_lpc18xx.o
       128          6          0          0          0      12568   uart.o

    ----------------------------------------------------------------------
     10116        624       2098        128       3336     154583   Object Totals
         0          0         32          0          0          0   (incl. Generated)
         2          0          2          0          0          0   (incl. Padding)

    ----------------------------------------------------------------------

      Code (inc. data)   RO Data    RW Data    ZI Data      Debug   Library Member Name

         0          0          0          0          0          0   entry.o
         0          0          0          0          0          0   entry10a.o
         0          0          0          0          0          0   entry11a.o
         8          4          0          0          0          0   entry2.o
         4          0          0          0          0          0   entry5.o
         0          0          0          0          0          0   entry7b.o
         0          0          0          0          0          0   entry8b.o
         8          4          0          0          0          0   entry9a.o
        30          0          0          0          0          0   handlers.o
        36          8          0          0          0         68   init.o
         0          0          0          0          0          0   iusefp.o
        30          0          0          0          0         68   llshl.o
        36          0          0          0          0         68   llsshr.o
        32          0          0          0          0         68   llushr.o
        36          0          0          0          0         68   memcpya.o
        98          0          0          0          0         92   uldiv.o
        48          0          0          0          0         68   cdcmple.o
        48          0          0          0          0         68   cdrcmple.o
       334          0          0          0          0        148   dadd.o
       222          0          0          0          0        100   ddiv.o
       186          0          0          0          0        176   depilogue.o
        50          0          0          0          0         76   dfixui.o
        26          0          0          0          0         76   dfltui.o
       228          0          0          0          0         96   dmul.o
        38          0          0          0          0         68   f2d.o
       160         26          0          0          0         92   amic.o
       276         24         64          0          0         96   atmel.o
       220         26          0          0          0         88   chi.o
       188         12          0          0          0         96   eon.o
       188         24          0          0          0         96   esmt.o
       376         50          0          0          0        232   falcon_details.o
       176         20          0          0          0         96   giga.o
       404         28        130          0          0         92   macronix.o
       384         42          0          0          0        184   numonyx.o
       236         24          0          0          0        112   spansion.o
      4836        118         80          0          0       1128   spifi_rom_api.o
       184         26        120          0          0         88   sst.o
       252         20          0          0          0        172   winbond.o

    ----------------------------------------------------------------------
      9378        456        396          0          0       3880   Library Totals
         0          0          2          0          0          0   (incl. Padding)

    ----------------------------------------------------------------------

      Code (inc. data)   RO Data    RW Data    ZI Data      Debug   Library Name

       318         16          0          0          0        432   mc_w.l
      1180          0          0          0          0        876   mf_w.l
      7880        440        394          0          0       2572   spifi_drv_M3.lib

    ----------------------------------------------------------------------
      9378        456        396          0          0       3880   Library Totals

    ----------------------------------------------------------------------

==============================================================================


      Code (inc. data)   RO Data    RW Data    ZI Data      Debug   

     19494       1080       2494        128       3336     156379   Grand Totals
     19494       1080       2494        128       3336     156379   ELF Image Totals
     19494       1080       2494        128          0          0   ROM Totals

==============================================================================

    Total RO  Size (Code + RO Data)                21988 (  21.47kB)
    Total RW  Size (RW Data + ZI Data)              3464 (   3.38kB)
    Total ROM Size (Code + RO Data + RW Data)      22116 (  21.60kB)

==============================================================================

