Component: ARM Compiler 5.06 update 5 (build 528) Tool: armlink [4d35e2]

==============================================================================

Section Cross References

    system_lpc54608.o(i.SystemCoreClockUpdate) refers to system_lpc54608.o(i.getWdtOscFreq) for getWdtOscFreq
    system_lpc54608.o(i.SystemCoreClockUpdate) refers to system_lpc54608.o(i.findPllPreDiv) for findPllPreDiv
    system_lpc54608.o(i.SystemCoreClockUpdate) refers to system_lpc54608.o(i.findPllPostDiv) for findPllPostDiv
    system_lpc54608.o(i.SystemCoreClockUpdate) refers to system_lpc54608.o(i.findPllMMult) for findPllMMult
    system_lpc54608.o(i.SystemCoreClockUpdate) refers to lludivv7m.o(.text) for __aeabi_uldivmod
    system_lpc54608.o(i.SystemCoreClockUpdate) refers to system_lpc54608.o(.data) for SystemCoreClock
    system_lpc54608.o(i.SystemInit) refers to startup_lpc54608.o(RESET) for __Vectors
    system_lpc54608.o(i.findPllMMult) refers to system_lpc54608.o(i.pllDecodeM) for pllDecodeM
    system_lpc54608.o(i.findPllPostDiv) refers to system_lpc54608.o(i.pllDecodeP) for pllDecodeP
    system_lpc54608.o(i.findPllPreDiv) refers to system_lpc54608.o(i.pllDecodeN) for pllDecodeN
    system_lpc54608.o(i.getWdtOscFreq) refers to system_lpc54608.o(.constdata) for wdtFreqLookup
    startup_lpc54608.o(RESET) refers to startup_lpc54608.o(.text) for Reset_Handler
    startup_lpc54608.o(.text) refers to system_lpc54608.o(i.SystemInit) for SystemInit
    startup_lpc54608.o(.text) refers to __main.o(!!!main) for __main
    startup_lpc54608.o(.text) refers to fsl_flexcomm.o(i.FLEXCOMM0_DriverIRQHandler) for FLEXCOMM0_DriverIRQHandler
    startup_lpc54608.o(.text) refers to fsl_flexcomm.o(i.FLEXCOMM1_DriverIRQHandler) for FLEXCOMM1_DriverIRQHandler
    startup_lpc54608.o(.text) refers to fsl_flexcomm.o(i.FLEXCOMM2_DriverIRQHandler) for FLEXCOMM2_DriverIRQHandler
    startup_lpc54608.o(.text) refers to fsl_flexcomm.o(i.FLEXCOMM3_DriverIRQHandler) for FLEXCOMM3_DriverIRQHandler
    startup_lpc54608.o(.text) refers to fsl_flexcomm.o(i.FLEXCOMM4_DriverIRQHandler) for FLEXCOMM4_DriverIRQHandler
    startup_lpc54608.o(.text) refers to fsl_flexcomm.o(i.FLEXCOMM5_DriverIRQHandler) for FLEXCOMM5_DriverIRQHandler
    startup_lpc54608.o(.text) refers to fsl_flexcomm.o(i.FLEXCOMM6_DriverIRQHandler) for FLEXCOMM6_DriverIRQHandler
    startup_lpc54608.o(.text) refers to fsl_flexcomm.o(i.FLEXCOMM7_DriverIRQHandler) for FLEXCOMM7_DriverIRQHandler
    startup_lpc54608.o(.text) refers to fsl_flexcomm.o(i.FLEXCOMM8_DriverIRQHandler) for FLEXCOMM8_DriverIRQHandler
    startup_lpc54608.o(.text) refers to fsl_flexcomm.o(i.FLEXCOMM9_DriverIRQHandler) for FLEXCOMM9_DriverIRQHandler
    main.o(i.main) refers to main.o(i.CLOCK_EnableClock) for CLOCK_EnableClock
    main.o(i.main) refers to fsl_clock.o(i.CLOCK_AttachClk) for CLOCK_AttachClk
    main.o(i.main) refers to pin_mux.o(i.BOARD_InitPins) for BOARD_InitPins
    main.o(i.main) refers to clock_config.o(i.BOARD_BootClockRUN) for BOARD_BootClockRUN
    main.o(i.main) refers to fsl_gpio.o(i.GPIO_PinInit) for GPIO_PinInit
    main.o(i.main) refers to main.o(i.GPIO_WritePinOutput) for GPIO_WritePinOutput
    main.o(i.main) refers to fsl_usart.o(i.USART_GetDefaultConfig) for USART_GetDefaultConfig
    main.o(i.main) refers to fsl_clock.o(i.CLOCK_GetFreq) for CLOCK_GetFreq
    main.o(i.main) refers to fsl_usart.o(i.USART_Init) for USART_Init
    main.o(i.main) refers to bootloader.o(i.Bootloader_Init) for Bootloader_Init
    main.o(i.main) refers to bootloader.o(i.Bootloader_Process) for Bootloader_Process
    main.o(i.main) refers to main.o(.constdata) for .constdata
    main.o(i.main) refers to system_lpc54608.o(.data) for SystemCoreClock
    main.o(i.main) refers to main.o(.data) for mCounter
    main.o(i.main) refers to bootloader.o(.data) for gBootloaderTick
    bootloader.o(i.Bootloader_Init) refers to swd.o(i.Host_Initialize) for Host_Initialize
    bootloader.o(i.Bootloader_Init) refers to flashprg.o(i.Memory_Init) for Memory_Init
    bootloader.o(i.Bootloader_Init) refers to swd.o(i.Host_SendData) for Host_SendData
    bootloader.o(i.Bootloader_Init) refers to flashprg.o(.constdata) for Descriptor
    bootloader.o(i.Bootloader_Init) refers to bootloader.o(.data) for state
    bootloader.o(i.Bootloader_Process) refers to swd.o(i.Host_ReceiveData) for Host_ReceiveData
    bootloader.o(i.Bootloader_Process) refers to bootloader.o(i.GetTime) for GetTime
    bootloader.o(i.Bootloader_Process) refers to swd.o(i.Host_SendData) for Host_SendData
    bootloader.o(i.Bootloader_Process) refers to flashprg.o(i.Memory_EraseChip) for Memory_EraseChip
    bootloader.o(i.Bootloader_Process) refers to flashprg.o(i.Memory_EraseSector) for Memory_EraseSector
    bootloader.o(i.Bootloader_Process) refers to flashprg.o(i.Memory_ProgramPage) for Memory_ProgramPage
    bootloader.o(i.Bootloader_Process) refers to bootloader.o(i.VerifyChecksum) for VerifyChecksum
[...]
    Removing fsl_flexcomm.o(.revsh_text), (4 bytes).
    Removing fsl_flexcomm.o(.rrx_text), (6 bytes).
    Removing fsl_flexcomm.o(i.FLEXCOMM_SetIRQHandler), (52 bytes).
    Removing fsl_usart.o(.rev16_text), (4 bytes).
    Removing fsl_usart.o(.revsh_text), (4 bytes).
    Removing fsl_usart.o(.rrx_text), (6 bytes).
    Removing fsl_usart.o(i.USART_Deinit), (88 bytes).
    Removing fsl_usart.o(i.USART_GetInstance), (64 bytes).
    Removing fsl_usart.o(i.USART_ReadBlocking), (236 bytes).
    Removing fsl_usart.o(i.USART_TransferAbortReceive), (92 bytes).
    Removing fsl_usart.o(i.USART_TransferAbortSend), (84 bytes).
    Removing fsl_usart.o(i.USART_TransferCreateHandle), (212 bytes).
    Removing fsl_usart.o(i.USART_TransferGetReceiveCount), (108 bytes).
    Removing fsl_usart.o(i.USART_TransferGetRxRingBufferLength), (76 bytes).
    Removing fsl_usart.o(i.USART_TransferGetSendCount), (108 bytes).
    Removing fsl_usart.o(i.USART_TransferHandleIRQ), (532 bytes).
    Removing fsl_usart.o(i.USART_TransferIsRxRingBufferFull), (72 bytes).
    Removing fsl_usart.o(i.USART_TransferReceiveNonBlocking), (428 bytes).
    Removing fsl_usart.o(i.USART_TransferSendNonBlocking), (240 bytes).
    Removing fsl_usart.o(i.USART_TransferStartRingBuffer), (144 bytes).
    Removing fsl_usart.o(i.USART_TransferStopRingBuffer), (104 bytes).
    Removing fsl_usart.o(i.USART_WriteBlocking), (140 bytes).
    Removing fsl_usart.o(.constdata), (52 bytes).
    Removing fsl_power_lib.o(.rev16_text), (4 bytes).
    Removing fsl_power_lib.o(.revsh_text), (4 bytes).
    Removing fsl_power_lib.o(.rrx_text), (6 bytes).
    Removing fsl_power_lib.o(i.DeepSleepReloc), (160 bytes).
    Removing fsl_power_lib.o(i.POWER_EnterDeepPowerDown), (84 bytes).
    Removing fsl_power_lib.o(i.POWER_EnterDeepSleep), (48 bytes).
    Removing fsl_power_lib.o(i.POWER_EnterPowerMode), (52 bytes).
    Removing fsl_power_lib.o(i.POWER_EnterSleep), (40 bytes).
    Removing fsl_power_lib.o(i.POWER_GetLibVersion), (6 bytes).
    Removing fsl_power_lib.o(i.POWER_SetLowPowerVoltageForFreq), (100 bytes).
    Removing fsl_power_lib.o(i.POWER_SetPLL), (32 bytes).
    Removing fsl_power_lib.o(i.POWER_SetUsbPhy), (36 bytes).
    Removing fsl_power_lib.o(i.POWER_setLpVdLevel), (72 bytes).
    Removing fsl_power_lib.o(.bss), (2048 bytes).

164 unused section(s) (total 13870 bytes) removed from the image.

==============================================================================

Image Symbol Table

    Local Symbols

    Symbol Name                              Value     Ov Type        Size  Object(Section)

    ../clib/angel/boardlib.s                 0x00000000   Number         0  boardinit1.o ABSOLUTE
    ../clib/angel/boardlib.s                 0x00000000   Number         0  boardshut.o ABSOLUTE
    ../clib/angel/boardlib.s                 0x00000000   Number         0  boardinit2.o ABSOLUTE
    ../clib/angel/boardlib.s                 0x00000000   Number         0  boardinit3.o ABSOLUTE
    ../clib/angel/handlers.s                 0x00000000   Number         0  __scatter_copy.o ABSOLUTE
    ../clib/angel/handlers.s                 0x00000000   Number         0  __scatter_zi.o ABSOLUTE
    ../clib/angel/kernel.s                   0x00000000   Number         0  __rtentry7.o ABSOLUTE
    ../clib/angel/kernel.s                   0x00000000   Number         0  __rtentry4.o ABSOLUTE
    ../clib/angel/kernel.s                   0x00000000   Number         0  rtexit2.o ABSOLUTE
    ../clib/angel/kernel.s                   0x00000000   Number         0  rtexit.o ABSOLUTE
    ../clib/angel/kernel.s                   0x00000000   Number         0  __rtentry2.o ABSOLUTE
    ../clib/angel/kernel.s                   0x00000000   Number         0  __rtentry.o ABSOLUTE
    ../clib/angel/rt.s                       0x00000000   Number         0  aeabi_ldiv0.o ABSOLUTE
    ../clib/angel/rt.s                       0x00000000   Number         0  aeabi_ldiv0_sigfpe.o ABSOLUTE
    ../clib/angel/rt.s                       0x00000000   Number         0  rt_locale_intlibspace.o ABSOLUTE
    ../clib/angel/rt.s                       0x00000000   Number         0  rt_locale.o ABSOLUTE
    ../clib/angel/rt.s                       0x00000000   Number         0  rt_ctype_table.o ABSOLUTE
    ../clib/angel/rt.s                       0x00000000   Number         0  rt_raise.o ABSOLUTE
    ../clib/angel/rt.s                       0x00000000   Number         0  rt_div0.o ABSOLUTE
    ../clib/angel/scatter.s                  0x00000000   Number         0  __scatter.o ABSOLUTE
    ../clib/angel/startup.s                  0x00000000   Number         0  __main.o ABSOLUTE
    ../clib/angel/sys.s                      0x00000000   Number         0  sys_stackheap_outer.o ABSOLUTE
    ../clib/angel/sys.s                      0x00000000   Number         0  use_no_semi.o ABSOLUTE
    ../clib/angel/sys.s                      0x00000000   Number         0  sys_stackheap.o ABSOLUTE
    ../clib/angel/sys.s                      0x00000000   Number         0  libspace.o ABSOLUTE
    ../clib/angel/sys.s                      0x00000000   Number         0  indicate_semi.o ABSOLUTE
    ../clib/angel/sysapp.c                   0x00000000   Number         0  sys_exit.o ABSOLUTE
    ../clib/angel/sysapp.c                   0x00000000   Number         0  sys_command.o ABSOLUTE
    ../clib/angel/sysapp.c                   0x00000000   Number         0  sys_wrch.o ABSOLUTE
    ../clib/armsys.c                         0x00000000   Number         0  no_argv.o ABSOLUTE
    ../clib/armsys.c                         0x00000000   Number         0  _get_argv_nomalloc.o ABSOLUTE
    ../clib/armsys.c                         0x00000000   Number         0  argv_veneer.o ABSOLUTE
    ../clib/armsys.c                         0x00000000   Number         0  argv_veneer.o ABSOLUTE
    ../clib/bigflt.c                         0x00000000   Number         0  bigflt0.o ABSOLUTE
    ../clib/btod.s                           0x00000000   Number         0  btod.o ABSOLUTE
    ../clib/heapalloc.c                      0x00000000   Number         0  hrguard.o ABSOLUTE
    ../clib/libinit.s                        0x00000000   Number         0  libinit5.o ABSOLUTE
    ../clib/libinit.s                        0x00000000   Number         0  libshutdown.o ABSOLUTE
    ../clib/libinit.s                        0x00000000   Number         0  libinit2.o ABSOLUTE
    ../clib/libinit.s                        0x00000000   Number         0  libshutdown2.o ABSOLUTE
    ../clib/libinit.s                        0x00000000   Number         0  libinit.o ABSOLUTE
    ../clib/locale.c                         0x00000000   Number         0  _wcrtomb.o ABSOLUTE
    ../clib/locale.s                         0x00000000   Number         0  lc_numeric_c.o ABSOLUTE
    ../clib/locale.s                         0x00000000   Number         0  lc_ctype_c.o ABSOLUTE
    ../clib/longlong.s                       0x00000000   Number         0  lludivv7m.o ABSOLUTE
    ../clib/longlong.s                       0x00000000   Number         0  lludiv10.o ABSOLUTE
    ../clib/memcpset.s                       0x00000000   Number         0  rt_memcpy_v6.o ABSOLUTE
    ../clib/memcpset.s                       0x00000000   Number         0  strcmpv7m.o ABSOLUTE
    ../clib/memcpset.s                       0x00000000   Number         0  rt_memclr_w.o ABSOLUTE
    ../clib/memcpset.s                       0x00000000   Number         0  rt_memcpy_w.o ABSOLUTE
    ../clib/misc.s                           0x00000000   Number         0  printf_stubs.o ABSOLUTE
    ../clib/printf.c                         0x00000000   Number         0  _printf_hex_ll_ptr.o ABSOLUTE
    ../clib/printf.c                         0x00000000   Number         0  _printf_hex_int_ptr.o ABSOLUTE
    ../clib/printf.c                         0x00000000   Number         0  _printf_hex_ptr.o ABSOLUTE
    ../clib/printf.c                         0x00000000   Number         0  _printf_hex_int_ll.o ABSOLUTE
    ../clib/printf.c                         0x00000000   Number         0  _printf_hex_int.o ABSOLUTE
    ../clib/printf.c                         0x00000000   Number         0  _printf_hex_ll.o ABSOLUTE
    ../clib/printf.c                         0x00000000   Number         0  _printf_oct_int_ll.o ABSOLUTE
    ../clib/printf.c                         0x00000000   Number         0  _printf_oct_int.o ABSOLUTE
    ../clib/printf.c                         0x00000000   Number         0  _printf_oct_ll.o ABSOLUTE
    ../clib/printf.c                         0x00000000   Number         0  _printf_fp_infnan.o ABSOLUTE
    ../clib/printf.c                         0x00000000   Number         0  _printf_longlong_dec.o ABSOLUTE
    ../clib/printf.c                         0x00000000   Number         0  _printf_wchar.o ABSOLUTE
    ../clib/printf.c                         0x00000000   Number         0  _printf_wctomb.o ABSOLUTE
    ../clib/printf.c                         0x00000000   Number         0  _sputc.o ABSOLUTE
    ../clib/printf.c                         0x00000000   Number         0  _printf_char_common.o ABSOLUTE
    ../clib/printf.c                         0x00000000   Number         0  _printf_charcount.o ABSOLUTE
    ../clib/printf.c                         0x00000000   Number         0  _printf_dec.o ABSOLUTE
    ../clib/printf.c                         0x00000000   Number         0  _printf_str.o ABSOLUTE
    ../clib/printf.c                         0x00000000   Number         0  _printf_char.o ABSOLUTE
    ../clib/printf.c                         0x00000000   Number         0  __printf_nopercent.o ABSOLUTE
    ../clib/printf.c                         0x00000000   Number         0  _printf_fp_hex.o ABSOLUTE
    ../clib/printf.c                         0x00000000   Number         0  _printf_truncate.o ABSOLUTE
    ../clib/printf.c                         0x00000000   Number         0  _printf_pad.o ABSOLUTE
    ../clib/printf.c                         0x00000000   Number         0  _printf_fp_dec.o ABSOLUTE
    ../clib/printf.c                         0x00000000   Number         0  _printf_intcommon.o ABSOLUTE
    ../clib/printf.c                         0x00000000   Number         0  __printf.o ABSOLUTE
    ../clib/printf.c                         0x00000000   Number         0  vsprintf.o ABSOLUTE
    ../clib/printf.c                         0x00000000   Number         0  __printf_ss_wp.o ABSOLUTE
    ../clib/printf.c                         0x00000000   Number         0  __printf_flags_ss_wp.o ABSOLUTE
    ../clib/printf.c                         0x00000000   Number         0  __printf_flags_wp.o ABSOLUTE
    ../clib/printf.c                         0x00000000   Number         0  __printf_wp.o ABSOLUTE
    ../clib/printf.c                         0x00000000   Number         0  __printf_flags_ss.o ABSOLUTE
    ../clib/printf.c                         0x00000000   Number         0  __printf_ss.o ABSOLUTE
    ../clib/printf.c                         0x00000000   Number         0  __printf_flags.o ABSOLUTE
    ../clib/printf.c                         0x00000000   Number         0  _printf_hex_int_ll_ptr.o ABSOLUTE
    ../clib/printf_percent.s                 0x00000000   Number         0  _printf_f.o ABSOLUTE
    ../clib/printf_percent.s                 0x00000000   Number         0  _printf_ls.o ABSOLUTE
    ../clib/printf_percent.s                 0x00000000   Number         0  _printf_e.o ABSOLUTE
    ../clib/printf_percent.s                 0x00000000   Number         0  _printf_l.o ABSOLUTE
    ../clib/printf_percent.s                 0x00000000   Number         0  _printf_ll.o ABSOLUTE
    ../clib/printf_percent.s                 0x00000000   Number         0  _printf_g.o ABSOLUTE
    ../clib/printf_percent.s                 0x00000000   Number         0  _printf_o.o ABSOLUTE
    ../clib/printf_percent.s                 0x00000000   Number         0  _printf_u.o ABSOLUTE
    ../clib/printf_percent.s                 0x00000000   Number         0  _printf_d.o ABSOLUTE
    ../clib/printf_percent.s                 0x00000000   Number         0  _printf_i.o ABSOLUTE
    ../clib/printf_percent.s                 0x00000000   Number         0  _printf_llu.o ABSOLUTE
    ../clib/printf_percent.s                 0x00000000   Number         0  _printf_lld.o ABSOLUTE
    ../clib/printf_percent.s                 0x00000000   Number         0  _printf_lc.o ABSOLUTE
    ../clib/printf_percent.s                 0x00000000   Number         0  _printf_p.o ABSOLUTE
    ../clib/printf_percent.s                 0x00000000   Number         0  _printf_x.o ABSOLUTE
    ../clib/printf_percent.s                 0x00000000   Number         0  _printf_lli.o ABSOLUTE
    ../clib/printf_percent.s                 0x00000000   Number         0  _printf_c.o ABSOLUTE
    ../clib/printf_percent.s                 0x00000000   Number         0  _printf_percent.o ABSOLUTE
    ../clib/printf_percent.s                 0x00000000   Number         0  _printf_n.o ABSOLUTE
    ../clib/printf_percent.s                 0x00000000   Number         0  _printf_a.o ABSOLUTE
    ../clib/printf_percent.s                 0x00000000   Number         0  _printf_s.o ABSOLUTE
    ../clib/printf_percent.s                 0x00000000   Number         0  _printf_percent_end.o ABSOLUTE
    ../clib/printf_percent.s                 0x00000000   Number         0  _printf_llx.o ABSOLUTE
    ../clib/printf_percent.s                 0x00000000   Number         0  _printf_llo.o ABSOLUTE
    ../clib/signal.c                         0x00000000   Number         0  defsig_other.o ABSOLUTE
    ../clib/signal.c                         0x00000000   Number         0  defsig_segv_inner.o ABSOLUTE
    ../clib/signal.c                         0x00000000   Number         0  defsig_cppl_inner.o ABSOLUTE
    ../clib/signal.c                         0x00000000   Number         0  defsig_pvfn_inner.o ABSOLUTE
    ../clib/signal.c                         0x00000000   Number         0  defsig_abrt_inner.o ABSOLUTE
    ../clib/signal.c                         0x00000000   Number         0  defsig_rtmem_outer.o ABSOLUTE
    ../clib/signal.c                         0x00000000   Number         0  defsig_rtmem_inner.o ABSOLUTE
    ../clib/signal.c                         0x00000000   Number         0  defsig_stak_inner.o ABSOLUTE
    ../clib/signal.c                         0x00000000   Number         0  defsig_fpe_formal.o ABSOLUTE
    ../clib/signal.c                         0x00000000   Number         0  defsig_fpe_outer.o ABSOLUTE
    ../clib/signal.c                         0x00000000   Number         0  defsig_general.o ABSOLUTE
    ../clib/signal.c                         0x00000000   Number         0  defsig_rtmem_formal.o ABSOLUTE
    ../clib/signal.c                         0x00000000   Number         0  __raise.o ABSOLUTE
    ../clib/signal.c                         0x00000000   Number         0  defsig_rtred_inner.o ABSOLUTE
    ../clib/signal.c                         0x00000000   Number         0  defsig_fpe_inner.o ABSOLUTE
    ../clib/signal.c                         0x00000000   Number         0  defsig_exit.o ABSOLUTE
    ../clib/signal.s                         0x00000000   Number         0  defsig.o ABSOLUTE
    ../clib/stdlib.c                         0x00000000   Number         0  exit.o ABSOLUTE
    ../clib/string.c                         0x00000000   Number         0  strlen.o ABSOLUTE
    ../fplib/fpinit.s                        0x00000000   Number         0  fpinit.o ABSOLUTE
    ../fplib/istatus.s                       0x00000000   Number         0  istatus.o ABSOLUTE
    ../fplib/printf1.s                       0x00000000   Number         0  printf1.o ABSOLUTE
    ../fplib/printf2.s                       0x00000000   Number         0  printf2.o ABSOLUTE
    ../fplib/printf2a.s                      0x00000000   Number         0  printf2a.o ABSOLUTE
    ../fplib/printf2b.s                      0x00000000   Number         0  printf2b.o ABSOLUTE
    ../fplib/usenofp.s                       0x00000000   Number         0  usenofp.o ABSOLUTE
    ../mathlib/fpclassify.c                  0x00000000   Number         0  fpclassify.o ABSOLUTE
    ..\Core\bootloader.c                     0x00000000   Number         0  bootloader.o ABSOLUTE
    ..\Core\swd.c                            0x00000000   Number         0  swd.o ABSOLUTE
    ..\\fsl_power_lib.c                      0x00000000   Number         0  fsl_power_lib.o ABSOLUTE
    ..\fsl_power_lib.c                       0x00000000   Number         0  fsl_power_lib.o ABSOLUTE
    FlashPrg.c                               0x00000000   Number         0  flashprg.o ABSOLUTE
    FlashPrg.c                               0x00000000   Number         0  flashprg.o ABSOLUTE
    board.c                                  0x00000000   Number         0  board.o ABSOLUTE
    board.c                                  0x00000000   Number         0  board.o ABSOLUTE
    clock_config.c                           0x00000000   Number         0  clock_config.o ABSOLUTE
    clock_config.c                           0x00000000   Number         0  clock_config.o ABSOLUTE
    dc.s                                     0x00000000   Number         0  dc.o ABSOLUTE
    debug.c                                  0x00000000   Number         0  debug.o ABSOLUTE
    debug.c                                  0x00000000   Number         0  debug.o ABSOLUTE
    drivers\\fsl_clock.c                     0x00000000   Number         0  fsl_clock.o ABSOLUTE
    drivers\\fsl_common.c                    0x00000000   Number         0  fsl_common.o ABSOLUTE
    drivers\\fsl_emc.c                       0x00000000   Number         0  fsl_emc.o ABSOLUTE
    drivers\\fsl_gpio.c                      0x00000000   Number         0  fsl_gpio.o ABSOLUTE
    drivers\\fsl_inputmux.c                  0x00000000   Number         0  fsl_inputmux.o ABSOLUTE
    drivers\\fsl_power.c                     0x00000000   Number         0  fsl_power.o ABSOLUTE
    drivers\\fsl_reset.c                     0x00000000   Number         0  fsl_reset.o ABSOLUTE
    drivers\\fsl_spifi.c                     0x00000000   Number         0  fsl_spifi.o ABSOLUTE
    drivers\fsl_clock.c                      0x00000000   Number         0  fsl_clock.o ABSOLUTE
    drivers\fsl_common.c                     0x00000000   Number         0  fsl_common.o ABSOLUTE
    drivers\fsl_emc.c                        0x00000000   Number         0  fsl_emc.o ABSOLUTE
    drivers\fsl_gpio.c                       0x00000000   Number         0  fsl_gpio.o ABSOLUTE
    drivers\fsl_inputmux.c                   0x00000000   Number         0  fsl_inputmux.o ABSOLUTE
    drivers\fsl_power.c                      0x00000000   Number         0  fsl_power.o ABSOLUTE
    drivers\fsl_reset.c                      0x00000000   Number         0  fsl_reset.o ABSOLUTE
    drivers\fsl_spifi.c                      0x00000000   Number         0  fsl_spifi.o ABSOLUTE
    fsl_flexcomm.c                           0x00000000   Number         0  fsl_flexcomm.o ABSOLUTE
    fsl_flexcomm.c                           0x00000000   Number         0  fsl_flexcomm.o ABSOLUTE
    fsl_usart.c                              0x00000000   Number         0  fsl_usart.o ABSOLUTE
    fsl_usart.c                              0x00000000   Number         0  fsl_usart.o ABSOLUTE
    main.c                                   0x00000000   Number         0  main.o ABSOLUTE
    main.c                                   0x00000000   Number         0  main.o ABSOLUTE
    pin_mux.c                                0x00000000   Number         0  pin_mux.o ABSOLUTE
    pin_mux.c                                0x00000000   Number         0  pin_mux.o ABSOLUTE
    startup_LPC54608.s                       0x00000000   Number         0  startup_lpc54608.o ABSOLUTE
    system_LPC54608.c                        0x00000000   Number         0  system_lpc54608.o ABSOLUTE
    system_LPC54608.c                        0x00000000   Number         0  system_lpc54608.o ABSOLUTE
    RESET                                    0x20000000   Section      292  startup_lpc54608.o(RESET)
    !!!main                                  0x20000400   Section        8  __main.o(!!!main)
    !!!scatter                               0x20000408   Section       52  __scatter.o(!!!scatter)
    !!handler_copy                           0x2000043c   Section       26  __scatter_copy.o(!!handler_copy)
    !!handler_zi                             0x20000458   Section       28  __scatter_zi.o(!!handler_zi)
    .ARM.Collect$$libinit$$00000000          0x20000474   Section        2  libinit.o(.ARM.Collect$$libinit$$00000000)
    .ARM.Collect$$libinit$$00000001          0x20000476   Section        4  libinit2.o(.ARM.Collect$$libinit$$00000001)
    .ARM.Collect$$libinit$$00000004          0x2000047a   Section        0  libinit2.o(.ARM.Collect$$libinit$$00000004)
    .ARM.Collect$$libinit$$0000000A          0x2000047a   Section        0  libinit2.o(.ARM.Collect$$libinit$$0000000A)
    .ARM.Collect$$libinit$$0000000C          0x2000047a   Section        0  libinit2.o(.ARM.Collect$$libinit$$0000000C)
    .ARM.Collect$$libinit$$0000000E          0x2000047a   Section        0  libinit2.o(.ARM.Collect$$libinit$$0000000E)
    .ARM.Collect$$libinit$$00000011          0x2000047a   Section        0  libinit2.o(.ARM.Collect$$libinit$$00000011)
    .ARM.Collect$$libinit$$00000013          0x2000047a   Section        0  libinit2.o(.ARM.Collect$$libinit$$00000013)
    .ARM.Collect$$libinit$$00000015          0x2000047a   Section        0  libinit2.o(.ARM.Collect$$libinit$$00000015)
    .ARM.Collect$$libinit$$00000017          0x2000047a   Section        0  libinit2.o(.ARM.Collect$$libinit$$00000017)
    .ARM.Collect$$libinit$$00000019          0x2000047a   Section        0  libinit2.o(.ARM.Collect$$libinit$$00000019)
    .ARM.Collect$$libinit$$0000001B          0x2000047a   Section        0  libinit2.o(.ARM.Collect$$libinit$$0000001B)
    .ARM.Collect$$libinit$$0000001D          0x2000047a   Section        0  libinit2.o(.ARM.Collect$$libinit$$0000001D)
    .ARM.Collect$$libinit$$0000001F          0x2000047a   Section        0  libinit2.o(.ARM.Collect$$libinit$$0000001F)
    .ARM.Collect$$libinit$$00000021          0x2000047a   Section        0  libinit2.o(.ARM.Collect$$libinit$$00000021)
    .ARM.Collect$$libinit$$00000023          0x2000047a   Section        0  libinit2.o(.ARM.Collect$$libinit$$00000023)
    .ARM.Collect$$libinit$$00000025          0x2000047a   Section        0  libinit2.o(.ARM.Collect$$libinit$$00000025)
    .ARM.Collect$$libinit$$0000002C          0x2000047a   Section        0  libinit2.o(.ARM.Collect$$libinit$$0000002C)
    .ARM.Collect$$libinit$$0000002E          0x2000047a   Section        0  libinit2.o(.ARM.Collect$$libinit$$0000002E)
    .ARM.Collect$$libinit$$00000030          0x2000047a   Section        0  libinit2.o(.ARM.Collect$$libinit$$00000030)
    .ARM.Collect$$libinit$$00000032          0x2000047a   Section        0  libinit2.o(.ARM.Collect$$libinit$$00000032)
    .ARM.Collect$$libinit$$00000033          0x2000047a   Section        2  libinit2.o(.ARM.Collect$$libinit$$00000033)
    .ARM.Collect$$libshutdown$$00000000      0x2000047c   Section        2  libshutdown.o(.ARM.Collect$$libshutdown$$00000000)
    .ARM.Collect$$libshutdown$$00000002      0x2000047e   Section        0  libshutdown2.o(.ARM.Collect$$libshutdown$$00000002)
    .ARM.Collect$$libshutdown$$00000004      0x2000047e   Section        0  libshutdown2.o(.ARM.Collect$$libshutdown$$00000004)
    .ARM.Collect$$libshutdown$$00000007      0x2000047e   Section        0  libshutdown2.o(.ARM.Collect$$libshutdown$$00000007)
    .ARM.Collect$$libshutdown$$0000000A      0x2000047e   Section        0  libshutdown2.o(.ARM.Collect$$libshutdown$$0000000A)
    .ARM.Collect$$libshutdown$$0000000C      0x2000047e   Section        0  libshutdown2.o(.ARM.Collect$$libshutdown$$0000000C)
    .ARM.Collect$$libshutdown$$0000000F      0x2000047e   Section        0  libshutdown2.o(.ARM.Collect$$libshutdown$$0000000F)
    .ARM.Collect$$libshutdown$$00000010      0x2000047e   Section        2  libshutdown2.o(.ARM.Collect$$libshutdown$$00000010)
    .ARM.Collect$$rtentry$$00000000          0x20000480   Section        0  __rtentry.o(.ARM.Collect$$rtentry$$00000000)
    .ARM.Collect$$rtentry$$00000002          0x20000480   Section        0  __rtentry2.o(.ARM.Collect$$rtentry$$00000002)
    .ARM.Collect$$rtentry$$00000007          0x20000480   Section        4  __rtentry7.o(.ARM.Collect$$rtentry$$00000007)
    .ARM.Collect$$rtentry$$00000009          0x20000484   Section        0  __rtentry2.o(.ARM.Collect$$rtentry$$00000009)
    .ARM.Collect$$rtentry$$0000000A          0x20000484   Section        4  __rtentry2.o(.ARM.Collect$$rtentry$$0000000A)
    .ARM.Collect$$rtentry$$0000000C          0x20000488   Section        0  __rtentry2.o(.ARM.Collect$$rtentry$$0000000C)
    .ARM.Collect$$rtentry$$0000000D          0x20000488   Section        8  __rtentry2.o(.ARM.Collect$$rtentry$$0000000D)
    .ARM.Collect$$rtentry$$00002718          0x20000490   Section        4  __rtentry7.o(.ARM.Collect$$rtentry$$00002718)
    __lit__00000000                          0x20000490   Data           4  __rtentry7.o(.ARM.Collect$$rtentry$$00002718)
    .ARM.Collect$$rtexit$$00000000           0x20000494   Section        2  rtexit.o(.ARM.Collect$$rtexit$$00000000)
    .ARM.Collect$$rtexit$$00000002           0x20000496   Section        0  rtexit2.o(.ARM.Collect$$rtexit$$00000002)
    .ARM.Collect$$rtexit$$00000003           0x20000496   Section        4  rtexit2.o(.ARM.Collect$$rtexit$$00000003)
    .ARM.Collect$$rtexit$$00000004           0x2000049a   Section        6  rtexit2.o(.ARM.Collect$$rtexit$$00000004)
    .text                                    0x200004a0   Section      492  startup_lpc54608.o(.text)
    $v0                                      0x200004a0   Number         0  startup_lpc54608.o(.text)
    .text                                    0x2000068c   Section        0  exit.o(.text)
    .text                                    0x200006a0   Section        0  sys_exit.o(.text)
    .text                                    0x200006ac   Section        2  use_no_semi.o(.text)
    .text                                    0x200006ae   Section        0  indicate_semi.o(.text)
    i.BOARD_BootClockRUN                     0x200006b0   Section        0  clock_config.o(i.BOARD_BootClockRUN)
    i.BOARD_InitPins                         0x200006f0   Section        0  pin_mux.o(i.BOARD_InitPins)
    i.Bootloader_Init                        0x200007b0   Section        0  bootloader.o(i.Bootloader_Init)
    i.Bootloader_Process                     0x20000814   Section        0  bootloader.o(i.Bootloader_Process)
    i.CLOCK_AttachClk                        0x20000af4   Section        0  fsl_clock.o(i.CLOCK_AttachClk)
    i.CLOCK_EnableClock                      0x20000b40   Section        0  main.o(i.CLOCK_EnableClock)
    CLOCK_EnableClock                        0x20000b41   Thumb Code    32  main.o(i.CLOCK_EnableClock)
    i.CLOCK_GetAdcClkFreq                    0x20000b68   Section        0  fsl_clock.o(i.CLOCK_GetAdcClkFreq)
    i.CLOCK_GetAsyncApbClkFreq               0x20000bb4   Section        0  fsl_clock.o(i.CLOCK_GetAsyncApbClkFreq)
    i.CLOCK_GetAudioPllOutFreq               0x20000be4   Section        0  fsl_clock.o(i.CLOCK_GetAudioPllOutFreq)
    i.CLOCK_GetClockOutClkFreq               0x20000bf0   Section        0  fsl_clock.o(i.CLOCK_GetClockOutClkFreq)
    i.CLOCK_GetCoreSysClkFreq                0x20000c68   Section        0  fsl_clock.o(i.CLOCK_GetCoreSysClkFreq)
    i.CLOCK_GetExtClkFreq                    0x20000ce4   Section        0  fsl_clock.o(i.CLOCK_GetExtClkFreq)
    i.CLOCK_GetFlexCommClkFreq               0x20000cec   Section        0  fsl_clock.o(i.CLOCK_GetFlexCommClkFreq)
    i.CLOCK_GetFreq                          0x20000d48   Section        0  fsl_clock.o(i.CLOCK_GetFreq)
    i.CLOCK_GetFro12MFreq                    0x20001010   Section        0  fsl_clock.o(i.CLOCK_GetFro12MFreq)
    i.CLOCK_GetFroHfFreq                     0x2000102c   Section        0  fsl_clock.o(i.CLOCK_GetFroHfFreq)
    i.CLOCK_GetI2SMClkFreq                   0x2000106c   Section        0  fsl_clock.o(i.CLOCK_GetI2SMClkFreq)
    i.CLOCK_GetLcdClkFreq                    0x20001070   Section        0  fsl_clock.o(i.CLOCK_GetLcdClkFreq)
    i.CLOCK_GetLcdClkIn                      0x200010b0   Section        0  fsl_clock.o(i.CLOCK_GetLcdClkIn)
    i.CLOCK_GetMclkClkFreq                   0x200010b4   Section        0  fsl_clock.o(i.CLOCK_GetMclkClkFreq)
    i.CLOCK_GetOsc32KFreq                    0x200010f4   Section        0  fsl_clock.o(i.CLOCK_GetOsc32KFreq)
    i.CLOCK_GetPllOutFreq                    0x200010fc   Section        0  fsl_clock.o(i.CLOCK_GetPllOutFreq)
    i.CLOCK_GetSctClkFreq                    0x20001108   Section        0  fsl_clock.o(i.CLOCK_GetSctClkFreq)
    i.CLOCK_GetSdioClkFreq                   0x20001154   Section        0  fsl_clock.o(i.CLOCK_GetSdioClkFreq)
    i.CLOCK_GetSpifiClkFreq                  0x200011b0   Section        0  fsl_clock.o(i.CLOCK_GetSpifiClkFreq)
    i.CLOCK_GetUsb0ClkFreq                   0x2000120c   Section        0  fsl_clock.o(i.CLOCK_GetUsb0ClkFreq)
    i.CLOCK_GetUsb1ClkFreq                   0x2000124c   Section        0  fsl_clock.o(i.CLOCK_GetUsb1ClkFreq)
    i.CLOCK_GetUsbPllOutFreq                 0x2000128c   Section        0  fsl_clock.o(i.CLOCK_GetUsbPllOutFreq)
    i.CLOCK_GetWdtOscFreq                    0x20001298   Section        0  fsl_clock.o(i.CLOCK_GetWdtOscFreq)
    i.CLOCK_SetClkDiv                        0x200012d8   Section        0  fsl_clock.o(i.CLOCK_SetClkDiv)
    i.CLOCK_SetFLASHAccessCycles             0x20001300   Section        0  fsl_clock.o(i.CLOCK_SetFLASHAccessCycles)
    CLOCK_SetFLASHAccessCycles               0x20001301   Thumb Code    18  fsl_clock.o(i.CLOCK_SetFLASHAccessCycles)
    i.CLOCK_SetFLASHAccessCyclesForFreq      0x20001318   Section        0  fsl_clock.o(i.CLOCK_SetFLASHAccessCyclesForFreq)
    i.CLOCK_SetupFROClocking                 0x200013b4   Section        0  fsl_clock.o(i.CLOCK_SetupFROClocking)
    i.FLEXCOMM0_DriverIRQHandler             0x20001450   Section        0  fsl_flexcomm.o(i.FLEXCOMM0_DriverIRQHandler)
    i.FLEXCOMM1_DriverIRQHandler             0x200014a8   Section        0  fsl_flexcomm.o(i.FLEXCOMM1_DriverIRQHandler)
    i.FLEXCOMM2_DriverIRQHandler             0x20001500   Section        0  fsl_flexcomm.o(i.FLEXCOMM2_DriverIRQHandler)
    i.FLEXCOMM3_DriverIRQHandler             0x20001558   Section        0  fsl_flexcomm.o(i.FLEXCOMM3_DriverIRQHandler)
    i.FLEXCOMM4_DriverIRQHandler             0x200015b0   Section        0  fsl_flexcomm.o(i.FLEXCOMM4_DriverIRQHandler)
    i.FLEXCOMM5_DriverIRQHandler             0x20001608   Section        0  fsl_flexcomm.o(i.FLEXCOMM5_DriverIRQHandler)
    i.FLEXCOMM6_DriverIRQHandler             0x20001660   Section        0  fsl_flexcomm.o(i.FLEXCOMM6_DriverIRQHandler)
    i.FLEXCOMM7_DriverIRQHandler             0x200016b8   Section        0  fsl_flexcomm.o(i.FLEXCOMM7_DriverIRQHandler)
    i.FLEXCOMM8_DriverIRQHandler             0x20001710   Section        0  fsl_flexcomm.o(i.FLEXCOMM8_DriverIRQHandler)
    i.FLEXCOMM9_DriverIRQHandler             0x20001768   Section        0  fsl_flexcomm.o(i.FLEXCOMM9_DriverIRQHandler)
    i.FLEXCOMM_GetInstance                   0x200017c0   Section        0  fsl_flexcomm.o(i.FLEXCOMM_GetInstance)
    i.FLEXCOMM_Init                          0x20001804   Section        0  fsl_flexcomm.o(i.FLEXCOMM_Init)
    i.FLEXCOMM_PeripheralIsPresent           0x20001858   Section        0  fsl_flexcomm.o(i.FLEXCOMM_PeripheralIsPresent)
    FLEXCOMM_PeripheralIsPresent             0x20001859   Thumb Code    58  fsl_flexcomm.o(i.FLEXCOMM_PeripheralIsPresent)
    i.FLEXCOMM_SetPeriph                     0x20001892   Section        0  fsl_flexcomm.o(i.FLEXCOMM_SetPeriph)
    i.GPIO_PinInit                           0x200018d6   Section        0  fsl_gpio.o(i.GPIO_PinInit)
    i.GPIO_WritePinOutput                    0x2000192a   Section        0  main.o(i.GPIO_WritePinOutput)
    GPIO_WritePinOutput                      0x2000192b   Thumb Code    10  main.o(i.GPIO_WritePinOutput)
    i.GetTime                                0x20001934   Section        0  bootloader.o(i.GetTime)
    GetTime                                  0x20001935   Thumb Code     6  bootloader.o(i.GetTime)
    i.Host_Initialize                        0x20001940   Section        0  swd.o(i.Host_Initialize)
    i.Host_ReceiveData                       0x20001994   Section        0  swd.o(i.Host_ReceiveData)
    i.Host_SendData                          0x20001a34   Section        0  swd.o(i.Host_SendData)
    i.IOCON_PinMuxSet                        0x20001adc   Section        0  pin_mux.o(i.IOCON_PinMuxSet)
    IOCON_PinMuxSet                          0x20001add   Thumb Code    12  pin_mux.o(i.IOCON_PinMuxSet)
    i.IsTimeExpired                          0x20001ae8   Section        0  bootloader.o(i.IsTimeExpired)
    IsTimeExpired                            0x20001ae9   Thumb Code    42  bootloader.o(i.IsTimeExpired)
    i.Memory_EraseChip                       0x20001b18   Section        0  flashprg.o(i.Memory_EraseChip)
    i.Memory_EraseSector                     0x20001b38   Section        0  flashprg.o(i.Memory_EraseSector)
    i.Memory_Init                            0x20001b6c   Section        0  flashprg.o(i.Memory_Init)
    i.Memory_ProgramPage                     0x20001bf8   Section        0  flashprg.o(i.Memory_ProgramPage)
    i.Memory_ReadByte                        0x20001c60   Section        0  flashprg.o(i.Memory_ReadByte)
    i.POWER_DisablePD                        0x20001c80   Section        0  clock_config.o(i.POWER_DisablePD)
    POWER_DisablePD                          0x20001c81   Thumb Code    14  clock_config.o(i.POWER_DisablePD)
    i.POWER_DisablePD                        0x20001c94   Section        0  fsl_clock.o(i.POWER_DisablePD)
    POWER_DisablePD                          0x20001c95   Thumb Code    14  fsl_clock.o(i.POWER_DisablePD)
    i.POWER_SetVoltageForFreq                0x20001ca8   Section        0  fsl_power_lib.o(i.POWER_SetVoltageForFreq)
    i.POWER_setVdLevel                       0x20001d1c   Section        0  fsl_power_lib.o(i.POWER_setVdLevel)
    i.SPIFI_GetDefaultConfig                 0x20001d30   Section        0  fsl_spifi.o(i.SPIFI_GetDefaultConfig)
    i.SPIFI_GetInstance                      0x20001d50   Section        0  fsl_spifi.o(i.SPIFI_GetInstance)
    i.SPIFI_Init                             0x20001dc0   Section        0  fsl_spifi.o(i.SPIFI_Init)
    i.SPIFI_ResetCommand                     0x20001e90   Section        0  flashprg.o(i.SPIFI_ResetCommand)
    SPIFI_ResetCommand                       0x20001e91   Thumb Code    18  flashprg.o(i.SPIFI_ResetCommand)
    i.SPIFI_SetCommand                       0x20001ea2   Section        0  fsl_spifi.o(i.SPIFI_SetCommand)
    i.SPIFI_SetCommandAddress                0x20001f0e   Section        0  flashprg.o(i.SPIFI_SetCommandAddress)
    SPIFI_SetCommandAddress                  0x20001f0f   Thumb Code     4  flashprg.o(i.SPIFI_SetCommandAddress)
    i.SPIFI_SetMemoryCommand                 0x20001f12   Section        0  fsl_spifi.o(i.SPIFI_SetMemoryCommand)
    i.SPIFI_WriteData                        0x20001f54   Section        0  flashprg.o(i.SPIFI_WriteData)
    SPIFI_WriteData                          0x20001f55   Thumb Code     4  flashprg.o(i.SPIFI_WriteData)
    i.SystemInit                             0x20001f58   Section        0  system_lpc54608.o(i.SystemInit)
    i.USART_GetDefaultConfig                 0x20001f80   Section        0  fsl_usart.o(i.USART_GetDefaultConfig)
    i.USART_Init                             0x20001fcc   Section        0  fsl_usart.o(i.USART_Init)
    i.USART_SetBaudRate                      0x200020f8   Section        0  fsl_usart.o(i.USART_SetBaudRate)
    i.VerifyChecksum                         0x200021dc   Section        0  bootloader.o(i.VerifyChecksum)
    VerifyChecksum                           0x200021dd   Thumb Code    46  bootloader.o(i.VerifyChecksum)
    i.__aeabi_assert                         0x2000220a   Section        0  fsl_common.o(i.__aeabi_assert)
    i.check_if_finish                        0x20002210   Section        0  flashprg.o(i.check_if_finish)
    i.enable_quad_mode                       0x20002248   Section        0  flashprg.o(i.enable_quad_mode)
    i.main                                   0x20002274   Section        0  main.o(i.main)
    x$fpl$fpinit                             0x2000237c   Section       10  fpinit.o(x$fpl$fpinit)
    $v0                                      0x2000237c   Number         0  fpinit.o(x$fpl$fpinit)
    .constdata                               0x20002388   Section        2  main.o(.constdata)
    .constdata                               0x2000238c   Section      584  flashprg.o(.constdata)
    .constdata                               0x200025d4   Section       92  fsl_clock.o(.constdata)
    wdtFreqLookup                            0x200025e0   Data          32  fsl_clock.o(.constdata)
    .constdata                               0x20002630   Section        6  fsl_spifi.o(.constdata)
    s_spifiBases                             0x20002630   Data           4  fsl_spifi.o(.constdata)
    s_spifiClock                             0x20002634   Data           2  fsl_spifi.o(.constdata)
    .constdata                               0x20002638   Section       72  fsl_flexcomm.o(.constdata)
    s_flexcommBaseAddrs                      0x20002644   Data          40  fsl_flexcomm.o(.constdata)
    s_flexcommClocks                         0x2000266c   Data          20  fsl_flexcomm.o(.constdata)
    .data                                    0x20006500   Section        4  system_lpc54608.o(.data)
    .data                                    0x20006504   Section        8  main.o(.data)
    LEDOn                                    0x20006504   Data           4  main.o(.data)
    mCounter                                 0x20006508   Data           4  main.o(.data)
    .data                                    0x2000650c   Section       44  bootloader.o(.data)
    state                                    0x20006510   Data           4  bootloader.o(.data)
    headerbytes                              0x20006514   Data           4  bootloader.o(.data)
    lastbytetimestamp                        0x20006518   Data           2  bootloader.o(.data)
    databytes                                0x2000651c   Data           4  bootloader.o(.data)
    chunkbytes                               0x20006520   Data           4  bootloader.o(.data)
    chunkaddress                             0x20006524   Data           4  bootloader.o(.data)
    localchecksum                            0x20006528   Data           4  bootloader.o(.data)
    programstartaddr                         0x2000652c   Data           4  bootloader.o(.data)
    datasize                                 0x20006530   Data           4  bootloader.o(.data)
    remotechecksum                           0x20006534   Data           4  bootloader.o(.data)
    .data                                    0x20006538   Section       16  swd.o(.data)
    CommandMailboxes                         0x20006538   Data           4  swd.o(.data)
    ResponseMailboxes                        0x2000653c   Data           4  swd.o(.data)
    CommandMailboxIndex                      0x20006540   Data           4  swd.o(.data)
    ResponseMailboxIndex                     0x20006544   Data           4  swd.o(.data)
    .data                                    0x20006548   Section       48  flashprg.o(.data)
    .data                                    0x20006578   Section       12  fsl_clock.o(.data)
    s_Pll_Freq                               0x20006578   Data           4  fsl_clock.o(.data)
    s_Usb_Pll_Freq                           0x2000657c   Data           4  fsl_clock.o(.data)
    s_Audio_Pll_Freq                         0x20006580   Data           4  fsl_clock.o(.data)
    .bss                                     0x20006584   Section     1340  bootloader.o(.bss)
    rxbuffer                                 0x20006584   Data         300  bootloader.o(.bss)
    chunk                                    0x200066b0   Data        1024  bootloader.o(.bss)
    header                                   0x20006ab0   Data          16  bootloader.o(.bss)
    .bss                                     0x20006ac0   Section       80  fsl_flexcomm.o(.bss)
    s_flexcommIrqHandler                     0x20006ac0   Data          40  fsl_flexcomm.o(.bss)
    s_flexcommHandle                         0x20006ae8   Data          40  fsl_flexcomm.o(.bss)

    Global Symbols

    Symbol Name                              Value     Ov Type        Size  Object(Section)

    BuildAttributes$$THM_ISAv4$E$P$D$K$B$S$7EM$VFPi3$EXTD16$VFPS$VFMA$PE$A:L22UL41UL21$X:L11$S22US41US21$IEEE1$IW$USESV6$~STKCKD$USESV7$~SHL$OTIME$ROPI$IEEEJ$EBA8$UX$STANDARDLIB$REQ8$PRES8$EABIv2 0x00000000   Number         0  anon$$obj.o ABSOLUTE
    __ARM_use_no_argv                        0x00000000   Number         0  main.o ABSOLUTE
    _printf_flags                            0x00000000   Number         0  printf_stubs.o ABSOLUTE
    _printf_return_value                     0x00000000   Number         0  printf_stubs.o ABSOLUTE
    _printf_sizespec                         0x00000000   Number         0  printf_stubs.o ABSOLUTE
    _printf_widthprec                        0x00000000   Number         0  printf_stubs.o ABSOLUTE
    Image$$ZI$$Limit                          - Undefined Weak Reference
    __ARM_exceptions_init                     - Undefined Weak Reference
    __alloca_initialize                       - Undefined Weak Reference
    __arm_preinit_                            - Undefined Weak Reference
    __cpp_initialize__aeabi_                  - Undefined Weak Reference
    __cxa_finalize                            - Undefined Weak Reference
    __sigvec_lookup                           - Undefined Weak Reference
    _atexit_init                              - Undefined Weak Reference
    _call_atexit_fns                          - Undefined Weak Reference
    _clock_init                               - Undefined Weak Reference
    _fp_trap_init                             - Undefined Weak Reference
    _fp_trap_shutdown                         - Undefined Weak Reference
    _get_lc_collate                           - Undefined Weak Reference
    _get_lc_monetary                          - Undefined Weak Reference
    _get_lc_time                              - Undefined Weak Reference
    _getenv_init                              - Undefined Weak Reference
    _handle_redirection                       - Undefined Weak Reference
    _init_alloc                               - Undefined Weak Reference
    _init_user_alloc                          - Undefined Weak Reference
    _initio                                   - Undefined Weak Reference
    _printf_mbtowc                            - Undefined Weak Reference
    _printf_wc                                - Undefined Weak Reference
    _rand_init                                - Undefined Weak Reference
    _signal_finish                            - Undefined Weak Reference
    _signal_init                              - Undefined Weak Reference
    _terminate_alloc                          - Undefined Weak Reference
    _terminate_user_alloc                     - Undefined Weak Reference
    _terminateio                              - Undefined Weak Reference
    Image$$VECTOR_RAM$$Base                  0x20000000   Number         0  anon$$obj.o ABSOLUTE
    Image$$VECTOR_ROM$$Base                  0x20000000   Number         0  anon$$obj.o ABSOLUTE
    __Vectors                                0x20000000   Data           4  startup_lpc54608.o(RESET)
    __main                                   0x20000401   Thumb Code     8  __main.o(!!!main)
    __scatterload                            0x20000409   Thumb Code     0  __scatter.o(!!!scatter)
    __scatterload_rt2                        0x20000409   Thumb Code    44  __scatter.o(!!!scatter)
    __scatterload_rt2_thumb_only             0x20000409   Thumb Code     0  __scatter.o(!!!scatter)
    __scatterload_null                       0x20000417   Thumb Code     0  __scatter.o(!!!scatter)
    __scatterload_copy                       0x2000043d   Thumb Code    26  __scatter_copy.o(!!handler_copy)
    __scatterload_zeroinit                   0x20000459   Thumb Code    28  __scatter_zi.o(!!handler_zi)
    __rt_lib_init                            0x20000475   Thumb Code     0  libinit.o(.ARM.Collect$$libinit$$00000000)
    __rt_lib_init_fp_1                       0x20000477   Thumb Code     0  libinit2.o(.ARM.Collect$$libinit$$00000001)
    __rt_lib_init_alloca_1                   0x2000047b   Thumb Code     0  libinit2.o(.ARM.Collect$$libinit$$0000002E)
    __rt_lib_init_argv_1                     0x2000047b   Thumb Code     0  libinit2.o(.ARM.Collect$$libinit$$0000002C)
    __rt_lib_init_atexit_1                   0x2000047b   Thumb Code     0  libinit2.o(.ARM.Collect$$libinit$$0000001B)
    __rt_lib_init_clock_1                    0x2000047b   Thumb Code     0  libinit2.o(.ARM.Collect$$libinit$$00000021)
    __rt_lib_init_cpp_1                      0x2000047b   Thumb Code     0  libinit2.o(.ARM.Collect$$libinit$$00000032)
    __rt_lib_init_exceptions_1               0x2000047b   Thumb Code     0  libinit2.o(.ARM.Collect$$libinit$$00000030)
    __rt_lib_init_fp_trap_1                  0x2000047b   Thumb Code     0  libinit2.o(.ARM.Collect$$libinit$$0000001F)
    __rt_lib_init_getenv_1                   0x2000047b   Thumb Code     0  libinit2.o(.ARM.Collect$$libinit$$00000023)
    __rt_lib_init_heap_1                     0x2000047b   Thumb Code     0  libinit2.o(.ARM.Collect$$libinit$$0000000A)
    __rt_lib_init_lc_collate_1               0x2000047b   Thumb Code     0  libinit2.o(.ARM.Collect$$libinit$$00000011)
    __rt_lib_init_lc_ctype_1                 0x2000047b   Thumb Code     0  libinit2.o(.ARM.Collect$$libinit$$00000013)
    __rt_lib_init_lc_monetary_1              0x2000047b   Thumb Code     0  libinit2.o(.ARM.Collect$$libinit$$00000015)
    __rt_lib_init_lc_numeric_1               0x2000047b   Thumb Code     0  libinit2.o(.ARM.Collect$$libinit$$00000017)
    __rt_lib_init_lc_time_1                  0x2000047b   Thumb Code     0  libinit2.o(.ARM.Collect$$libinit$$00000019)
    __rt_lib_init_preinit_1                  0x2000047b   Thumb Code     0  libinit2.o(.ARM.Collect$$libinit$$00000004)
    __rt_lib_init_rand_1                     0x2000047b   Thumb Code     0  libinit2.o(.ARM.Collect$$libinit$$0000000E)
    __rt_lib_init_return                     0x2000047b   Thumb Code     0  libinit2.o(.ARM.Collect$$libinit$$00000033)
    __rt_lib_init_signal_1                   0x2000047b   Thumb Code     0  libinit2.o(.ARM.Collect$$libinit$$0000001D)
    __rt_lib_init_stdio_1                    0x2000047b   Thumb Code     0  libinit2.o(.ARM.Collect$$libinit$$00000025)
    __rt_lib_init_user_alloc_1               0x2000047b   Thumb Code     0  libinit2.o(.ARM.Collect$$libinit$$0000000C)
    __rt_lib_shutdown                        0x2000047d   Thumb Code     0  libshutdown.o(.ARM.Collect$$libshutdown$$00000000)
    __rt_lib_shutdown_cpp_1                  0x2000047f   Thumb Code     0  libshutdown2.o(.ARM.Collect$$libshutdown$$00000002)
    __rt_lib_shutdown_fp_trap_1              0x2000047f   Thumb Code     0  libshutdown2.o(.ARM.Collect$$libshutdown$$00000007)
    __rt_lib_shutdown_heap_1                 0x2000047f   Thumb Code     0  libshutdown2.o(.ARM.Collect$$libshutdown$$0000000F)
    __rt_lib_shutdown_return                 0x2000047f   Thumb Code     0  libshutdown2.o(.ARM.Collect$$libshutdown$$00000010)
    __rt_lib_shutdown_signal_1               0x2000047f   Thumb Code     0  libshutdown2.o(.ARM.Collect$$libshutdown$$0000000A)
    __rt_lib_shutdown_stdio_1                0x2000047f   Thumb Code     0  libshutdown2.o(.ARM.Collect$$libshutdown$$00000004)
    __rt_lib_shutdown_user_alloc_1           0x2000047f   Thumb Code     0  libshutdown2.o(.ARM.Collect$$libshutdown$$0000000C)
    __rt_entry                               0x20000481   Thumb Code     0  __rtentry.o(.ARM.Collect$$rtentry$$00000000)
    __rt_entry_presh_1                       0x20000481   Thumb Code     0  __rtentry2.o(.ARM.Collect$$rtentry$$00000002)
    __rt_entry_sh                            0x20000481   Thumb Code     0  __rtentry7.o(.ARM.Collect$$rtentry$$00000007)
    __rt_entry_li                            0x20000485   Thumb Code     0  __rtentry2.o(.ARM.Collect$$rtentry$$0000000A)
    __rt_entry_postsh_1                      0x20000485   Thumb Code     0  __rtentry2.o(.ARM.Collect$$rtentry$$00000009)
    __rt_entry_main                          0x20000489   Thumb Code     0  __rtentry2.o(.ARM.Collect$$rtentry$$0000000D)
    __rt_entry_postli_1                      0x20000489   Thumb Code     0  __rtentry2.o(.ARM.Collect$$rtentry$$0000000C)
    __rt_exit                                0x20000495   Thumb Code     0  rtexit.o(.ARM.Collect$$rtexit$$00000000)
    __rt_exit_ls                             0x20000497   Thumb Code     0  rtexit2.o(.ARM.Collect$$rtexit$$00000003)
    __rt_exit_prels_1                        0x20000497   Thumb Code     0  rtexit2.o(.ARM.Collect$$rtexit$$00000002)
    __rt_exit_exit                           0x2000049b   Thumb Code     0  rtexit2.o(.ARM.Collect$$rtexit$$00000004)
    Reset_Handler                            0x200004a1   Thumb Code     8  startup_lpc54608.o(.text)
    NMI_Handler                              0x200004a9   Thumb Code     2  startup_lpc54608.o(.text)
    HardFault_Handler                        0x200004ab   Thumb Code     2  startup_lpc54608.o(.text)
    MemManage_Handler                        0x200004ad   Thumb Code     2  startup_lpc54608.o(.text)
    BusFault_Handler                         0x200004af   Thumb Code     2  startup_lpc54608.o(.text)
    UsageFault_Handler                       0x200004b1   Thumb Code     2  startup_lpc54608.o(.text)
    SVC_Handler                              0x200004b3   Thumb Code     2  startup_lpc54608.o(.text)
    DebugMon_Handler                         0x200004b5   Thumb Code     2  startup_lpc54608.o(.text)
    PendSV_Handler                           0x200004b7   Thumb Code     2  startup_lpc54608.o(.text)
    SysTick_Handler                          0x200004b9   Thumb Code     2  startup_lpc54608.o(.text)
    WDT_BOD_IRQHandler                       0x200004bb   Thumb Code     4  startup_lpc54608.o(.text)
    DMA0_IRQHandler                          0x200004bf   Thumb Code     4  startup_lpc54608.o(.text)
    GINT0_IRQHandler                         0x200004c3   Thumb Code     4  startup_lpc54608.o(.text)
    GINT1_IRQHandler                         0x200004c7   Thumb Code     4  startup_lpc54608.o(.text)
    PIN_INT0_IRQHandler                      0x200004cb   Thumb Code     4  startup_lpc54608.o(.text)
    PIN_INT1_IRQHandler                      0x200004cf   Thumb Code     4  startup_lpc54608.o(.text)
    PIN_INT2_IRQHandler                      0x200004d3   Thumb Code     4  startup_lpc54608.o(.text)
    PIN_INT3_IRQHandler                      0x200004d7   Thumb Code     4  startup_lpc54608.o(.text)
    UTICK0_IRQHandler                        0x200004db   Thumb Code     4  startup_lpc54608.o(.text)
    MRT0_IRQHandler                          0x200004df   Thumb Code     4  startup_lpc54608.o(.text)
    CTIMER0_IRQHandler                       0x200004e3   Thumb Code     4  startup_lpc54608.o(.text)
    CTIMER1_IRQHandler                       0x200004e7   Thumb Code     4  startup_lpc54608.o(.text)
    SCT0_IRQHandler                          0x200004eb   Thumb Code     4  startup_lpc54608.o(.text)
    CTIMER3_IRQHandler                       0x200004ef   Thumb Code     4  startup_lpc54608.o(.text)
    FLEXCOMM0_IRQHandler                     0x200004f3   Thumb Code     4  startup_lpc54608.o(.text)
    FLEXCOMM1_IRQHandler                     0x200004f7   Thumb Code     4  startup_lpc54608.o(.text)
    FLEXCOMM2_IRQHandler                     0x200004fb   Thumb Code     4  startup_lpc54608.o(.text)
    FLEXCOMM3_IRQHandler                     0x200004ff   Thumb Code     4  startup_lpc54608.o(.text)
    FLEXCOMM4_IRQHandler                     0x20000503   Thumb Code     4  startup_lpc54608.o(.text)
    FLEXCOMM5_IRQHandler                     0x20000507   Thumb Code     4  startup_lpc54608.o(.text)
    FLEXCOMM6_IRQHandler                     0x2000050b   Thumb Code     4  startup_lpc54608.o(.text)
    FLEXCOMM7_IRQHandler                     0x2000050f   Thumb Code     4  startup_lpc54608.o(.text)
    ADC0_SEQA_IRQHandler                     0x20000513   Thumb Code     4  startup_lpc54608.o(.text)
    ADC0_SEQB_IRQHandler                     0x20000517   Thumb Code     4  startup_lpc54608.o(.text)
    ADC0_THCMP_IRQHandler                    0x2000051b   Thumb Code     4  startup_lpc54608.o(.text)
    DMIC0_IRQHandler                         0x2000051f   Thumb Code     4  startup_lpc54608.o(.text)
    HWVAD0_IRQHandler                        0x20000523   Thumb Code     4  startup_lpc54608.o(.text)
    USB0_NEEDCLK_IRQHandler                  0x20000527   Thumb Code     4  startup_lpc54608.o(.text)
    USB0_IRQHandler                          0x2000052b   Thumb Code     4  startup_lpc54608.o(.text)
    RTC_IRQHandler                           0x2000052f   Thumb Code     4  startup_lpc54608.o(.text)
    Reserved46_IRQHandler                    0x20000533   Thumb Code     4  startup_lpc54608.o(.text)
    Reserved47_IRQHandler                    0x20000537   Thumb Code     4  startup_lpc54608.o(.text)
    PIN_INT4_IRQHandler                      0x2000053b   Thumb Code     4  startup_lpc54608.o(.text)
    PIN_INT5_IRQHandler                      0x2000053f   Thumb Code     4  startup_lpc54608.o(.text)
    PIN_INT6_IRQHandler                      0x20000543   Thumb Code     4  startup_lpc54608.o(.text)
    PIN_INT7_IRQHandler                      0x20000547   Thumb Code     4  startup_lpc54608.o(.text)
    CTIMER2_IRQHandler                       0x2000054b   Thumb Code     4  startup_lpc54608.o(.text)
    CTIMER4_IRQHandler                       0x2000054f   Thumb Code     4  startup_lpc54608.o(.text)
    RIT_IRQHandler                           0x20000553   Thumb Code     4  startup_lpc54608.o(.text)
    SPIFI0_IRQHandler                        0x20000557   Thumb Code     4  startup_lpc54608.o(.text)
    FLEXCOMM8_IRQHandler                     0x2000055b   Thumb Code     4  startup_lpc54608.o(.text)
    FLEXCOMM9_IRQHandler                     0x2000055f   Thumb Code     4  startup_lpc54608.o(.text)
    SDIO_IRQHandler                          0x20000563   Thumb Code     4  startup_lpc54608.o(.text)
    CAN0_IRQ0_IRQHandler                     0x20000567   Thumb Code     4  startup_lpc54608.o(.text)
    CAN0_IRQ1_IRQHandler                     0x2000056b   Thumb Code     4  startup_lpc54608.o(.text)
    CAN1_IRQ0_IRQHandler                     0x2000056f   Thumb Code     4  startup_lpc54608.o(.text)
    CAN1_IRQ1_IRQHandler                     0x20000573   Thumb Code     4  startup_lpc54608.o(.text)
    USB1_IRQHandler                          0x20000577   Thumb Code     4  startup_lpc54608.o(.text)
    USB1_NEEDCLK_IRQHandler                  0x2000057b   Thumb Code     4  startup_lpc54608.o(.text)
    ETHERNET_IRQHandler                      0x2000057f   Thumb Code     4  startup_lpc54608.o(.text)
    ETHERNET_PMT_IRQHandler                  0x20000583   Thumb Code     4  startup_lpc54608.o(.text)
    ETHERNET_MACLP_IRQHandler                0x20000587   Thumb Code     4  startup_lpc54608.o(.text)
    EEPROM_IRQHandler                        0x2000058b   Thumb Code     4  startup_lpc54608.o(.text)
    LCD_IRQHandler                           0x2000058f   Thumb Code     4  startup_lpc54608.o(.text)
    SHA_IRQHandler                           0x20000593   Thumb Code     4  startup_lpc54608.o(.text)
    SMARTCARD0_IRQHandler                    0x20000597   Thumb Code     4  startup_lpc54608.o(.text)
    SMARTCARD1_IRQHandler                    0x2000059b   Thumb Code     4  startup_lpc54608.o(.text)
    ADC0_SEQA_DriverIRQHandler               0x2000059f   Thumb Code     0  startup_lpc54608.o(.text)
    ADC0_SEQB_DriverIRQHandler               0x2000059f   Thumb Code     0  startup_lpc54608.o(.text)
    ADC0_THCMP_DriverIRQHandler              0x2000059f   Thumb Code     0  startup_lpc54608.o(.text)
    CAN0_IRQ0_DriverIRQHandler               0x2000059f   Thumb Code     0  startup_lpc54608.o(.text)
    CAN0_IRQ1_DriverIRQHandler               0x2000059f   Thumb Code     0  startup_lpc54608.o(.text)
    CAN1_IRQ0_DriverIRQHandler               0x2000059f   Thumb Code     0  startup_lpc54608.o(.text)
    CAN1_IRQ1_DriverIRQHandler               0x2000059f   Thumb Code     0  startup_lpc54608.o(.text)
    CTIMER0_DriverIRQHandler                 0x2000059f   Thumb Code     0  startup_lpc54608.o(.text)
    CTIMER1_DriverIRQHandler                 0x2000059f   Thumb Code     0  startup_lpc54608.o(.text)
    CTIMER2_DriverIRQHandler                 0x2000059f   Thumb Code     0  startup_lpc54608.o(.text)
    CTIMER3_DriverIRQHandler                 0x2000059f   Thumb Code     0  startup_lpc54608.o(.text)
    CTIMER4_DriverIRQHandler                 0x2000059f   Thumb Code     0  startup_lpc54608.o(.text)
    DMA0_DriverIRQHandler                    0x2000059f   Thumb Code     0  startup_lpc54608.o(.text)
    DMIC0_DriverIRQHandler                   0x2000059f   Thumb Code     0  startup_lpc54608.o(.text)
    EEPROM_DriverIRQHandler                  0x2000059f   Thumb Code     0  startup_lpc54608.o(.text)
    ETHERNET_DriverIRQHandler                0x2000059f   Thumb Code     0  startup_lpc54608.o(.text)
    ETHERNET_MACLP_DriverIRQHandler          0x2000059f   Thumb Code     0  startup_lpc54608.o(.text)
    ETHERNET_PMT_DriverIRQHandler            0x2000059f   Thumb Code     0  startup_lpc54608.o(.text)
    GINT0_DriverIRQHandler                   0x2000059f   Thumb Code     0  startup_lpc54608.o(.text)
    GINT1_DriverIRQHandler                   0x2000059f   Thumb Code     0  startup_lpc54608.o(.text)
    HWVAD0_DriverIRQHandler                  0x2000059f   Thumb Code     0  startup_lpc54608.o(.text)
    LCD_DriverIRQHandler                     0x2000059f   Thumb Code     0  startup_lpc54608.o(.text)
    MRT0_DriverIRQHandler                    0x2000059f   Thumb Code     0  startup_lpc54608.o(.text)
    PIN_INT0_DriverIRQHandler                0x2000059f   Thumb Code     0  startup_lpc54608.o(.text)
    PIN_INT1_DriverIRQHandler                0x2000059f   Thumb Code     0  startup_lpc54608.o(.text)
    PIN_INT2_DriverIRQHandler                0x2000059f   Thumb Code     0  startup_lpc54608.o(.text)
    PIN_INT3_DriverIRQHandler                0x2000059f   Thumb Code     0  startup_lpc54608.o(.text)
    PIN_INT4_DriverIRQHandler                0x2000059f   Thumb Code     0  startup_lpc54608.o(.text)
    PIN_INT5_DriverIRQHandler                0x2000059f   Thumb Code     0  startup_lpc54608.o(.text)
    PIN_INT6_DriverIRQHandler                0x2000059f   Thumb Code     0  startup_lpc54608.o(.text)
    PIN_INT7_DriverIRQHandler                0x2000059f   Thumb Code     0  startup_lpc54608.o(.text)
    RIT_DriverIRQHandler                     0x2000059f   Thumb Code     0  startup_lpc54608.o(.text)
    RTC_DriverIRQHandler                     0x2000059f   Thumb Code     0  startup_lpc54608.o(.text)
    Reserved46_DriverIRQHandler              0x2000059f   Thumb Code     0  startup_lpc54608.o(.text)
    Reserved47_DriverIRQHandler              0x2000059f   Thumb Code     0  startup_lpc54608.o(.text)
    SCT0_DriverIRQHandler                    0x2000059f   Thumb Code     0  startup_lpc54608.o(.text)
    SDIO_DriverIRQHandler                    0x2000059f   Thumb Code     0  startup_lpc54608.o(.text)
    SHA_DriverIRQHandler                     0x2000059f   Thumb Code     0  startup_lpc54608.o(.text)
    SMARTCARD0_DriverIRQHandler              0x2000059f   Thumb Code     0  startup_lpc54608.o(.text)
    SMARTCARD1_DriverIRQHandler              0x2000059f   Thumb Code     0  startup_lpc54608.o(.text)
    SPIFI0_DriverIRQHandler                  0x2000059f   Thumb Code     0  startup_lpc54608.o(.text)
    USB0_DriverIRQHandler                    0x2000059f   Thumb Code     0  startup_lpc54608.o(.text)
    USB0_NEEDCLK_DriverIRQHandler            0x2000059f   Thumb Code     0  startup_lpc54608.o(.text)
    USB1_DriverIRQHandler                    0x2000059f   Thumb Code     0  startup_lpc54608.o(.text)
    USB1_NEEDCLK_DriverIRQHandler            0x2000059f   Thumb Code     0  startup_lpc54608.o(.text)
    UTICK0_DriverIRQHandler                  0x2000059f   Thumb Code     0  startup_lpc54608.o(.text)
    WDT_BOD_DriverIRQHandler                 0x2000059f   Thumb Code     0  startup_lpc54608.o(.text)
    exit                                     0x2000068d   Thumb Code    18  exit.o(.text)
    _sys_exit                                0x200006a1   Thumb Code     8  sys_exit.o(.text)
    __I$use$semihosting                      0x200006ad   Thumb Code     0  use_no_semi.o(.text)
    __use_no_semihosting_swi                 0x200006ad   Thumb Code     2  use_no_semi.o(.text)
    __semihosting_library_function           0x200006af   Thumb Code     0  indicate_semi.o(.text)
    BOARD_BootClockRUN                       0x200006b1   Thumb Code    46  clock_config.o(i.BOARD_BootClockRUN)
    BOARD_InitPins                           0x200006f1   Thumb Code   178  pin_mux.o(i.BOARD_InitPins)
    Bootloader_Init                          0x200007b1   Thumb Code    58  bootloader.o(i.Bootloader_Init)
    Bootloader_Process                       0x20000815   Thumb Code   600  bootloader.o(i.Bootloader_Process)
    CLOCK_AttachClk                          0x20000af5   Thumb Code    66  fsl_clock.o(i.CLOCK_AttachClk)
    CLOCK_GetAdcClkFreq                      0x20000b69   Thumb Code    72  fsl_clock.o(i.CLOCK_GetAdcClkFreq)
    CLOCK_GetAsyncApbClkFreq                 0x20000bb5   Thumb Code    40  fsl_clock.o(i.CLOCK_GetAsyncApbClkFreq)
    CLOCK_GetAudioPllOutFreq                 0x20000be5   Thumb Code     6  fsl_clock.o(i.CLOCK_GetAudioPllOutFreq)
    CLOCK_GetClockOutClkFreq                 0x20000bf1   Thumb Code   116  fsl_clock.o(i.CLOCK_GetClockOutClkFreq)
    CLOCK_GetCoreSysClkFreq                  0x20000c69   Thumb Code   120  fsl_clock.o(i.CLOCK_GetCoreSysClkFreq)
    CLOCK_GetExtClkFreq                      0x20000ce5   Thumb Code     4  fsl_clock.o(i.CLOCK_GetExtClkFreq)
    CLOCK_GetFlexCommClkFreq                 0x20000ced   Thumb Code    88  fsl_clock.o(i.CLOCK_GetFlexCommClkFreq)
    CLOCK_GetFreq                            0x20000d49   Thumb Code   708  fsl_clock.o(i.CLOCK_GetFreq)
    CLOCK_GetFro12MFreq                      0x20001011   Thumb Code    18  fsl_clock.o(i.CLOCK_GetFro12MFreq)
    CLOCK_GetFroHfFreq                       0x2000102d   Thumb Code    46  fsl_clock.o(i.CLOCK_GetFroHfFreq)
    CLOCK_GetI2SMClkFreq                     0x2000106d   Thumb Code     4  fsl_clock.o(i.CLOCK_GetI2SMClkFreq)
    CLOCK_GetLcdClkFreq                      0x20001071   Thumb Code    58  fsl_clock.o(i.CLOCK_GetLcdClkFreq)
    CLOCK_GetLcdClkIn                        0x200010b1   Thumb Code     4  fsl_clock.o(i.CLOCK_GetLcdClkIn)
    CLOCK_GetMclkClkFreq                     0x200010b5   Thumb Code    58  fsl_clock.o(i.CLOCK_GetMclkClkFreq)
    CLOCK_GetOsc32KFreq                      0x200010f5   Thumb Code     6  fsl_clock.o(i.CLOCK_GetOsc32KFreq)
    CLOCK_GetPllOutFreq                      0x200010fd   Thumb Code     6  fsl_clock.o(i.CLOCK_GetPllOutFreq)
    CLOCK_GetSctClkFreq                      0x20001109   Thumb Code    72  fsl_clock.o(i.CLOCK_GetSctClkFreq)
    CLOCK_GetSdioClkFreq                     0x20001155   Thumb Code    86  fsl_clock.o(i.CLOCK_GetSdioClkFreq)
    CLOCK_GetSpifiClkFreq                    0x200011b1   Thumb Code    86  fsl_clock.o(i.CLOCK_GetSpifiClkFreq)
    CLOCK_GetUsb0ClkFreq                     0x2000120d   Thumb Code    58  fsl_clock.o(i.CLOCK_GetUsb0ClkFreq)
    CLOCK_GetUsb1ClkFreq                     0x2000124d   Thumb Code    58  fsl_clock.o(i.CLOCK_GetUsb1ClkFreq)
    CLOCK_GetUsbPllOutFreq                   0x2000128d   Thumb Code     6  fsl_clock.o(i.CLOCK_GetUsbPllOutFreq)
    CLOCK_GetWdtOscFreq                      0x20001299   Thumb Code    50  fsl_clock.o(i.CLOCK_GetWdtOscFreq)
    CLOCK_SetClkDiv                          0x200012d9   Thumb Code    36  fsl_clock.o(i.CLOCK_SetClkDiv)
    CLOCK_SetFLASHAccessCyclesForFreq        0x20001319   Thumb Code   124  fsl_clock.o(i.CLOCK_SetFLASHAccessCyclesForFreq)
    CLOCK_SetupFROClocking                   0x200013b5   Thumb Code   138  fsl_clock.o(i.CLOCK_SetupFROClocking)
    FLEXCOMM0_DriverIRQHandler               0x20001451   Thumb Code    36  fsl_flexcomm.o(i.FLEXCOMM0_DriverIRQHandler)
    FLEXCOMM1_DriverIRQHandler               0x200014a9   Thumb Code    36  fsl_flexcomm.o(i.FLEXCOMM1_DriverIRQHandler)
    FLEXCOMM2_DriverIRQHandler               0x20001501   Thumb Code    36  fsl_flexcomm.o(i.FLEXCOMM2_DriverIRQHandler)
    FLEXCOMM3_DriverIRQHandler               0x20001559   Thumb Code    36  fsl_flexcomm.o(i.FLEXCOMM3_DriverIRQHandler)
    FLEXCOMM4_DriverIRQHandler               0x200015b1   Thumb Code    36  fsl_flexcomm.o(i.FLEXCOMM4_DriverIRQHandler)
    FLEXCOMM5_DriverIRQHandler               0x20001609   Thumb Code    36  fsl_flexcomm.o(i.FLEXCOMM5_DriverIRQHandler)
    FLEXCOMM6_DriverIRQHandler               0x20001661   Thumb Code    36  fsl_flexcomm.o(i.FLEXCOMM6_DriverIRQHandler)
    FLEXCOMM7_DriverIRQHandler               0x200016b9   Thumb Code    36  fsl_flexcomm.o(i.FLEXCOMM7_DriverIRQHandler)
    FLEXCOMM8_DriverIRQHandler               0x20001711   Thumb Code    36  fsl_flexcomm.o(i.FLEXCOMM8_DriverIRQHandler)
    FLEXCOMM9_DriverIRQHandler               0x20001769   Thumb Code    36  fsl_flexcomm.o(i.FLEXCOMM9_DriverIRQHandler)
    FLEXCOMM_GetInstance                     0x200017c1   Thumb Code    38  fsl_flexcomm.o(i.FLEXCOMM_GetInstance)
    FLEXCOMM_Init                            0x20001805   Thumb Code    72  fsl_flexcomm.o(i.FLEXCOMM_Init)
    FLEXCOMM_SetPeriph                       0x20001893   Thumb Code    68  fsl_flexcomm.o(i.FLEXCOMM_SetPeriph)
    GPIO_PinInit                             0x200018d7   Thumb Code    84  fsl_gpio.o(i.GPIO_PinInit)
    Host_Initialize                          0x20001941   Thumb Code    70  swd.o(i.Host_Initialize)
    Host_ReceiveData                         0x20001995   Thumb Code   148  swd.o(i.Host_ReceiveData)
    Host_SendData                            0x20001a35   Thumb Code   154  swd.o(i.Host_SendData)
    Memory_EraseChip                         0x20001b19   Thumb Code    28  flashprg.o(i.Memory_EraseChip)
    Memory_EraseSector                       0x20001b39   Thumb Code    44  flashprg.o(i.Memory_EraseSector)
    Memory_Init                              0x20001b6d   Thumb Code   126  flashprg.o(i.Memory_Init)
    Memory_ProgramPage                       0x20001bf9   Thumb Code    96  flashprg.o(i.Memory_ProgramPage)
    Memory_ReadByte                          0x20001c61   Thumb Code    22  flashprg.o(i.Memory_ReadByte)
    POWER_SetVoltageForFreq                  0x20001ca9   Thumb Code   110  fsl_power_lib.o(i.POWER_SetVoltageForFreq)
    POWER_setVdLevel                         0x20001d1d   Thumb Code    14  fsl_power_lib.o(i.POWER_setVdLevel)
    SPIFI_GetDefaultConfig                   0x20001d31   Thumb Code    30  fsl_spifi.o(i.SPIFI_GetDefaultConfig)
    SPIFI_GetInstance                        0x20001d51   Thumb Code    46  fsl_spifi.o(i.SPIFI_GetInstance)
    SPIFI_Init                               0x20001dc1   Thumb Code   166  fsl_spifi.o(i.SPIFI_Init)
    SPIFI_SetCommand                         0x20001ea3   Thumb Code   108  fsl_spifi.o(i.SPIFI_SetCommand)
    SPIFI_SetMemoryCommand                   0x20001f13   Thumb Code    66  fsl_spifi.o(i.SPIFI_SetMemoryCommand)
    SystemInit                               0x20001f59   Thumb Code    28  system_lpc54608.o(i.SystemInit)
    USART_GetDefaultConfig                   0x20001f81   Thumb Code    48  fsl_usart.o(i.USART_GetDefaultConfig)
    USART_Init                               0x20001fcd   Thumb Code   226  fsl_usart.o(i.USART_Init)
    USART_SetBaudRate                        0x200020f9   Thumb Code   152  fsl_usart.o(i.USART_SetBaudRate)
    __aeabi_assert                           0x2000220b   Thumb Code     6  fsl_common.o(i.__aeabi_assert)
    check_if_finish                          0x20002211   Thumb Code    46  flashprg.o(i.check_if_finish)
    enable_quad_mode                         0x20002249   Thumb Code    34  flashprg.o(i.enable_quad_mode)
    main                                     0x20002275   Thumb Code   232  main.o(i.main)
    _fp_init                                 0x2000237d   Thumb Code    10  fpinit.o(x$fpl$fpinit)
    __fplib_config_fpu_vfp                   0x20002385   Thumb Code     0  fpinit.o(x$fpl$fpinit)
    __fplib_config_pureend_doubles           0x20002385   Thumb Code     0  fpinit.o(x$fpl$fpinit)
    Descriptor                               0x2000238c   Data         584  flashprg.o(.constdata)
    g_I2S_Mclk_Freq                          0x200025d4   Data           4  fsl_clock.o(.constdata)
    g_Ext_Clk_Freq                           0x200025d8   Data           4  fsl_clock.o(.constdata)
    g_Lcd_Clk_In_Freq                        0x200025dc   Data           4  fsl_clock.o(.constdata)
    kFlexcommIrqs                            0x20002638   Data          10  fsl_flexcomm.o(.constdata)
    Region$$Table$$Base                      0x20002680   Number         0  anon$$obj.o(Region$$Table)
    Region$$Table$$Limit                     0x200026a0   Number         0  anon$$obj.o(Region$$Table)
    Image$$RW_m_data$$Base                   0x20006500   Number         0  anon$$obj.o ABSOLUTE
    SystemCoreClock                          0x20006500   Data           4  system_lpc54608.o(.data)
    gBootloaderTick                          0x2000650c   Data           2  bootloader.o(.data)
    command                                  0x20006548   Data          48  flashprg.o(.data)
    Image$$ARM_LIB_HEAP$$ZI$$Base            0x20006b10   Number         0  anon$$obj.o ABSOLUTE
    Image$$ARM_LIB_HEAP$$ZI$$Limit           0x20006f10   Number         0  anon$$obj.o ABSOLUTE
    Image$$ARM_LIB_STACK$$ZI$$Limit          0x20008500   Number         0  anon$$obj.o ABSOLUTE



==============================================================================

Memory Map of the image

  Image Entry point : 0x20000401

  Load Region LR_m_text (Base: 0x20000400, Size: 0x00002324, Max: 0x00004000, ABSOLUTE)

    Execution Region ER_m_text (Exec base: 0x20000400, Load base: 0x20000400, Size: 0x000022a0, Max: 0x00004000, ABSOLUTE, FIXED)

    Exec Addr    Load Addr    Size         Type   Attr      Idx    E Section Name        Object

    0x20000400   0x20000400   0x00000008   Code   RO         1579  * !!!main             c_w.l(__main.o)
    0x20000408   0x20000408   0x00000034   Code   RO         1923    !!!scatter          c_w.l(__scatter.o)
    0x2000043c   0x2000043c   0x0000001a   Code   RO         1925    !!handler_copy      c_w.l(__scatter_copy.o)
    0x20000456   0x20000456   0x00000002   PAD
    0x20000458   0x20000458   0x0000001c   Code   RO         1927    !!handler_zi        c_w.l(__scatter_zi.o)
    0x20000474   0x20000474   0x00000002   Code   RO         1777    .ARM.Collect$$libinit$$00000000  c_w.l(libinit.o)
    0x20000476   0x20000476   0x00000004   Code   RO         1801    .ARM.Collect$$libinit$$00000001  c_w.l(libinit2.o)
    0x2000047a   0x2000047a   0x00000000   Code   RO         1804    .ARM.Collect$$libinit$$00000004  c_w.l(libinit2.o)
    0x2000047a   0x2000047a   0x00000000   Code   RO         1807    .ARM.Collect$$libinit$$0000000A  c_w.l(libinit2.o)
    0x2000047a   0x2000047a   0x00000000   Code   RO         1809    .ARM.Collect$$libinit$$0000000C  c_w.l(libinit2.o)
    0x2000047a   0x2000047a   0x00000000   Code   RO         1811    .ARM.Collect$$libinit$$0000000E  c_w.l(libinit2.o)
    0x2000047a   0x2000047a   0x00000000   Code   RO         1814    .ARM.Collect$$libinit$$00000011  c_w.l(libinit2.o)
    0x2000047a   0x2000047a   0x00000000   Code   RO         1816    .ARM.Collect$$libinit$$00000013  c_w.l(libinit2.o)
    0x2000047a   0x2000047a   0x00000000   Code   RO         1818    .ARM.Collect$$libinit$$00000015  c_w.l(libinit2.o)
    0x2000047a   0x2000047a   0x00000000   Code   RO         1820    .ARM.Collect$$libinit$$00000017  c_w.l(libinit2.o)
    0x2000047a   0x2000047a   0x00000000   Code   RO         1822    .ARM.Collect$$libinit$$00000019  c_w.l(libinit2.o)
    0x2000047a   0x2000047a   0x00000000   Code   RO         1824    .ARM.Collect$$libinit$$0000001B  c_w.l(libinit2.o)
    0x2000047a   0x2000047a   0x00000000   Code   RO         1826    .ARM.Collect$$libinit$$0000001D  c_w.l(libinit2.o)
    0x2000047a   0x2000047a   0x00000000   Code   RO         1828    .ARM.Collect$$libinit$$0000001F  c_w.l(libinit2.o)
    0x2000047a   0x2000047a   0x00000000   Code   RO         1830    .ARM.Collect$$libinit$$00000021  c_w.l(libinit2.o)
    0x2000047a   0x2000047a   0x00000000   Code   RO         1832    .ARM.Collect$$libinit$$00000023  c_w.l(libinit2.o)
    0x2000047a   0x2000047a   0x00000000   Code   RO         1834    .ARM.Collect$$libinit$$00000025  c_w.l(libinit2.o)
    0x2000047a   0x2000047a   0x00000000   Code   RO         1838    .ARM.Collect$$libinit$$0000002C  c_w.l(libinit2.o)
    0x2000047a   0x2000047a   0x00000000   Code   RO         1840    .ARM.Collect$$libinit$$0000002E  c_w.l(libinit2.o)
    0x2000047a   0x2000047a   0x00000000   Code   RO         1842    .ARM.Collect$$libinit$$00000030  c_w.l(libinit2.o)
    0x2000047a   0x2000047a   0x00000000   Code   RO         1844    .ARM.Collect$$libinit$$00000032  c_w.l(libinit2.o)
    0x2000047a   0x2000047a   0x00000002   Code   RO         1845    .ARM.Collect$$libinit$$00000033  c_w.l(libinit2.o)
    0x2000047c   0x2000047c   0x00000002   Code   RO         1880    .ARM.Collect$$libshutdown$$00000000  c_w.l(libshutdown.o)
    0x2000047e   0x2000047e   0x00000000   Code   RO         1906    .ARM.Collect$$libshutdown$$00000002  c_w.l(libshutdown2.o)
    0x2000047e   0x2000047e   0x00000000   Code   RO         1908    .ARM.Collect$$libshutdown$$00000004  c_w.l(libshutdown2.o)
    0x2000047e   0x2000047e   0x00000000   Code   RO         1911    .ARM.Collect$$libshutdown$$00000007  c_w.l(libshutdown2.o)
    0x2000047e   0x2000047e   0x00000000   Code   RO         1914    .ARM.Collect$$libshutdown$$0000000A  c_w.l(libshutdown2.o)
    0x2000047e   0x2000047e   0x00000000   Code   RO         1916    .ARM.Collect$$libshutdown$$0000000C  c_w.l(libshutdown2.o)
    0x2000047e   0x2000047e   0x00000000   Code   RO         1919    .ARM.Collect$$libshutdown$$0000000F  c_w.l(libshutdown2.o)
    0x2000047e   0x2000047e   0x00000002   Code   RO         1920    .ARM.Collect$$libshutdown$$00000010  c_w.l(libshutdown2.o)
    0x20000480   0x20000480   0x00000000   Code   RO         1581    .ARM.Collect$$rtentry$$00000000  c_w.l(__rtentry.o)
    0x20000480   0x20000480   0x00000000   Code   RO         1688    .ARM.Collect$$rtentry$$00000002  c_w.l(__rtentry2.o)
    0x20000480   0x20000480   0x00000004   Code   RO         1702    .ARM.Collect$$rtentry$$00000007  c_w.l(__rtentry7.o)
    0x20000484   0x20000484   0x00000000   Code   RO         1690    .ARM.Collect$$rtentry$$00000009  c_w.l(__rtentry2.o)
    0x20000484   0x20000484   0x00000004   Code   RO         1691    .ARM.Collect$$rtentry$$0000000A  c_w.l(__rtentry2.o)
    0x20000488   0x20000488   0x00000000   Code   RO         1693    .ARM.Collect$$rtentry$$0000000C  c_w.l(__rtentry2.o)
    0x20000488   0x20000488   0x00000008   Code   RO         1694    .ARM.Collect$$rtentry$$0000000D  c_w.l(__rtentry2.o)
    0x20000490   0x20000490   0x00000004   Code   RO         1703    .ARM.Collect$$rtentry$$00002718  c_w.l(__rtentry7.o)
    0x20000494   0x20000494   0x00000002   Code   RO         1788    .ARM.Collect$$rtexit$$00000000  c_w.l(rtexit.o)
    0x20000496   0x20000496   0x00000000   Code   RO         1856    .ARM.Collect$$rtexit$$00000002  c_w.l(rtexit2.o)
    0x20000496   0x20000496   0x00000004   Code   RO         1857    .ARM.Collect$$rtexit$$00000003  c_w.l(rtexit2.o)
    0x2000049a   0x2000049a   0x00000006   Code   RO         1858    .ARM.Collect$$rtexit$$00000004  c_w.l(rtexit2.o)
    0x200004a0   0x200004a0   0x000001ec   Code   RO          108    .text               startup_lpc54608.o
    0x2000068c   0x2000068c   0x00000012   Code   RO         1766    .text               c_w.l(exit.o)
    0x2000069e   0x2000069e   0x00000002   PAD
    0x200006a0   0x200006a0   0x0000000c   Code   RO         1850    .text               c_w.l(sys_exit.o)
    0x200006ac   0x200006ac   0x00000002   Code   RO         1852    .text               c_w.l(use_no_semi.o)
    0x200006ae   0x200006ae   0x00000000   Code   RO         1854    .text               c_w.l(indicate_semi.o)
    0x200006ae   0x200006ae   0x00000002   PAD
    0x200006b0   0x200006b0   0x00000040   Code   RO          463    i.BOARD_BootClockRUN  clock_config.o
    0x200006f0   0x200006f0   0x000000c0   Code   RO          506    i.BOARD_InitPins    pin_mux.o
    0x200007b0   0x200007b0   0x00000064   Code   RO          206    i.Bootloader_Init   bootloader.o
    0x20000814   0x20000814   0x000002e0   Code   RO          207    i.Bootloader_Process  bootloader.o
    0x20000af4   0x20000af4   0x0000004c   Code   RO          541    i.CLOCK_AttachClk   fsl_clock.o
    0x20000b40   0x20000b40   0x00000028   Code   RO          115    i.CLOCK_EnableClock  main.o
    0x20000b68   0x20000b68   0x0000004c   Code   RO          549    i.CLOCK_GetAdcClkFreq  fsl_clock.o
    0x20000bb4   0x20000bb4   0x00000030   Code   RO          550    i.CLOCK_GetAsyncApbClkFreq  fsl_clock.o
    0x20000be4   0x20000be4   0x0000000c   Code   RO          555    i.CLOCK_GetAudioPllOutFreq  fsl_clock.o
    0x20000bf0   0x20000bf0   0x00000078   Code   RO          556    i.CLOCK_GetClockOutClkFreq  fsl_clock.o
    0x20000c68   0x20000c68   0x0000007c   Code   RO          557    i.CLOCK_GetCoreSysClkFreq  fsl_clock.o
    0x20000ce4   0x20000ce4   0x00000008   Code   RO          558    i.CLOCK_GetExtClkFreq  fsl_clock.o
    0x20000cec   0x20000cec   0x0000005c   Code   RO          560    i.CLOCK_GetFlexCommClkFreq  fsl_clock.o
    0x20000d48   0x20000d48   0x000002c8   Code   RO          561    i.CLOCK_GetFreq     fsl_clock.o
    0x20001010   0x20001010   0x0000001c   Code   RO          562    i.CLOCK_GetFro12MFreq  fsl_clock.o
    0x2000102c   0x2000102c   0x00000040   Code   RO          563    i.CLOCK_GetFroHfFreq  fsl_clock.o
    0x2000106c   0x2000106c   0x00000004   Code   RO          564    i.CLOCK_GetI2SMClkFreq  fsl_clock.o
    0x20001070   0x20001070   0x00000040   Code   RO          565    i.CLOCK_GetLcdClkFreq  fsl_clock.o
    0x200010b0   0x200010b0   0x00000004   Code   RO          566    i.CLOCK_GetLcdClkIn  fsl_clock.o
    0x200010b4   0x200010b4   0x00000040   Code   RO          567    i.CLOCK_GetMclkClkFreq  fsl_clock.o
    0x200010f4   0x200010f4   0x00000006   Code   RO          568    i.CLOCK_GetOsc32KFreq  fsl_clock.o
    0x200010fa   0x200010fa   0x00000002   PAD
    0x200010fc   0x200010fc   0x0000000c   Code   RO          570    i.CLOCK_GetPllOutFreq  fsl_clock.o
    0x20001108   0x20001108   0x0000004c   Code   RO          571    i.CLOCK_GetSctClkFreq  fsl_clock.o
    0x20001154   0x20001154   0x0000005c   Code   RO          572    i.CLOCK_GetSdioClkFreq  fsl_clock.o
    0x200011b0   0x200011b0   0x0000005c   Code   RO          573    i.CLOCK_GetSpifiClkFreq  fsl_clock.o
    0x2000120c   0x2000120c   0x00000040   Code   RO          578    i.CLOCK_GetUsb0ClkFreq  fsl_clock.o
    0x2000124c   0x2000124c   0x00000040   Code   RO          579    i.CLOCK_GetUsb1ClkFreq  fsl_clock.o
    0x2000128c   0x2000128c   0x0000000c   Code   RO          583    i.CLOCK_GetUsbPllOutFreq  fsl_clock.o
    0x20001298   0x20001298   0x00000040   Code   RO          584    i.CLOCK_GetWdtOscFreq  fsl_clock.o
    0x200012d8   0x200012d8   0x00000028   Code   RO          585    i.CLOCK_SetClkDiv   fsl_clock.o
    0x20001300   0x20001300   0x00000018   Code   RO          586    i.CLOCK_SetFLASHAccessCycles  fsl_clock.o
    0x20001318   0x20001318   0x0000009c   Code   RO          587    i.CLOCK_SetFLASHAccessCyclesForFreq  fsl_clock.o
    0x200013b4   0x200013b4   0x0000009c   Code   RO          596    i.CLOCK_SetupFROClocking  fsl_clock.o
    0x20001450   0x20001450   0x00000058   Code   RO         1283    i.FLEXCOMM0_DriverIRQHandler  fsl_flexcomm.o
    0x200014a8   0x200014a8   0x00000058   Code   RO         1284    i.FLEXCOMM1_DriverIRQHandler  fsl_flexcomm.o
    0x20001500   0x20001500   0x00000058   Code   RO         1285    i.FLEXCOMM2_DriverIRQHandler  fsl_flexcomm.o
    0x20001558   0x20001558   0x00000058   Code   RO         1286    i.FLEXCOMM3_DriverIRQHandler  fsl_flexcomm.o
    0x200015b0   0x200015b0   0x00000058   Code   RO         1287    i.FLEXCOMM4_DriverIRQHandler  fsl_flexcomm.o
    0x20001608   0x20001608   0x00000058   Code   RO         1288    i.FLEXCOMM5_DriverIRQHandler  fsl_flexcomm.o
    0x20001660   0x20001660   0x00000058   Code   RO         1289    i.FLEXCOMM6_DriverIRQHandler  fsl_flexcomm.o
    0x200016b8   0x200016b8   0x00000058   Code   RO         1290    i.FLEXCOMM7_DriverIRQHandler  fsl_flexcomm.o
    0x20001710   0x20001710   0x00000058   Code   RO         1291    i.FLEXCOMM8_DriverIRQHandler  fsl_flexcomm.o
    0x20001768   0x20001768   0x00000058   Code   RO         1292    i.FLEXCOMM9_DriverIRQHandler  fsl_flexcomm.o
    0x200017c0   0x200017c0   0x00000044   Code   RO         1293    i.FLEXCOMM_GetInstance  fsl_flexcomm.o
    0x20001804   0x20001804   0x00000054   Code   RO         1294    i.FLEXCOMM_Init     fsl_flexcomm.o
    0x20001858   0x20001858   0x0000003a   Code   RO         1295    i.FLEXCOMM_PeripheralIsPresent  fsl_flexcomm.o
    0x20001892   0x20001892   0x00000044   Code   RO         1297    i.FLEXCOMM_SetPeriph  fsl_flexcomm.o
    0x200018d6   0x200018d6   0x00000054   Code   RO         1101    i.GPIO_PinInit      fsl_gpio.o
    0x2000192a   0x2000192a   0x0000000a   Code   RO          116    i.GPIO_WritePinOutput  main.o
    0x20001934   0x20001934   0x0000000c   Code   RO          208    i.GetTime           bootloader.o
    0x20001940   0x20001940   0x00000054   Code   RO          254    i.Host_Initialize   swd.o
    0x20001994   0x20001994   0x000000a0   Code   RO          255    i.Host_ReceiveData  swd.o
    0x20001a34   0x20001a34   0x000000a8   Code   RO          256    i.Host_SendData     swd.o
    0x20001adc   0x20001adc   0x0000000c   Code   RO          507    i.IOCON_PinMuxSet   pin_mux.o
    0x20001ae8   0x20001ae8   0x00000030   Code   RO          209    i.IsTimeExpired     bootloader.o
    0x20001b18   0x20001b18   0x00000020   Code   RO          288    i.Memory_EraseChip  flashprg.o
    0x20001b38   0x20001b38   0x00000034   Code   RO          289    i.Memory_EraseSector  flashprg.o
    0x20001b6c   0x20001b6c   0x0000008c   Code   RO          290    i.Memory_Init       flashprg.o
    0x20001bf8   0x20001bf8   0x00000068   Code   RO          291    i.Memory_ProgramPage  flashprg.o
    0x20001c60   0x20001c60   0x00000020   Code   RO          292    i.Memory_ReadByte   flashprg.o
    0x20001c80   0x20001c80   0x00000014   Code   RO          465    i.POWER_DisablePD   clock_config.o
    0x20001c94   0x20001c94   0x00000014   Code   RO          601    i.POWER_DisablePD   fsl_clock.o
    0x20001ca8   0x20001ca8   0x00000074   Code   RO         1548    i.POWER_SetVoltageForFreq  keil_lib_power.lib(fsl_power_lib.o)
    0x20001d1c   0x20001d1c   0x00000014   Code   RO         1550    i.POWER_setVdLevel  keil_lib_power.lib(fsl_power_lib.o)
    0x20001d30   0x20001d30   0x0000001e   Code   RO         1225    i.SPIFI_GetDefaultConfig  fsl_spifi.o
    0x20001d4e   0x20001d4e   0x00000002   PAD
    0x20001d50   0x20001d50   0x00000070   Code   RO         1226    i.SPIFI_GetInstance  fsl_spifi.o
    0x20001dc0   0x20001dc0   0x000000d0   Code   RO         1227    i.SPIFI_Init        fsl_spifi.o
    0x20001e90   0x20001e90   0x00000012   Code   RO          293    i.SPIFI_ResetCommand  flashprg.o
    0x20001ea2   0x20001ea2   0x0000006c   Code   RO         1228    i.SPIFI_SetCommand  fsl_spifi.o
    0x20001f0e   0x20001f0e   0x00000004   Code   RO          294    i.SPIFI_SetCommandAddress  flashprg.o
    0x20001f12   0x20001f12   0x00000042   Code   RO         1229    i.SPIFI_SetMemoryCommand  fsl_spifi.o
    0x20001f54   0x20001f54   0x00000004   Code   RO          295    i.SPIFI_WriteData   flashprg.o
    0x20001f58   0x20001f58   0x00000028   Code   RO            7    i.SystemInit        system_lpc54608.o
    0x20001f80   0x20001f80   0x0000004c   Code   RO         1398    i.USART_GetDefaultConfig  fsl_usart.o
    0x20001fcc   0x20001fcc   0x0000012c   Code   RO         1400    i.USART_Init        fsl_usart.o
    0x200020f8   0x200020f8   0x000000e4   Code   RO         1402    i.USART_SetBaudRate  fsl_usart.o
    0x200021dc   0x200021dc   0x0000002e   Code   RO          210    i.VerifyChecksum    bootloader.o
    0x2000220a   0x2000220a   0x00000006   Code   RO          983    i.__aeabi_assert    fsl_common.o
    0x20002210   0x20002210   0x00000038   Code   RO          296    i.check_if_finish   flashprg.o
    0x20002248   0x20002248   0x0000002c   Code   RO          297    i.enable_quad_mode  flashprg.o
    0x20002274   0x20002274   0x00000108   Code   RO          117    i.main              main.o
    0x2000237c   0x2000237c   0x0000000a   Code   RO         1868    x$fpl$fpinit        fz_wm.l(fpinit.o)
    0x20002386   0x20002386   0x00000002   PAD
    0x20002388   0x20002388   0x00000002   Data   RO          118    .constdata          main.o
    0x2000238a   0x2000238a   0x00000002   PAD
    0x2000238c   0x2000238c   0x00000248   Data   RO          299    .constdata          flashprg.o
    0x200025d4   0x200025d4   0x0000005c   Data   RO          613    .constdata          fsl_clock.o
    0x20002630   0x20002630   0x00000006   Data   RO         1230    .constdata          fsl_spifi.o
    0x20002636   0x20002636   0x00000002   PAD
    0x20002638   0x20002638   0x00000048   Data   RO         1299    .constdata          fsl_flexcomm.o
    0x20002680   0x20002680   0x00000020   Data   RO         1921    Region$$Table       anon$$obj.o


    Execution Region RW_m_data (Exec base: 0x20006500, Load base: 0x200026a0, Size: 0x00000610, Max: 0x00001800, ABSOLUTE)

    Exec Addr    Load Addr    Size         Type   Attr      Idx    E Section Name        Object

    0x20006500   0x200026a0   0x00000004   Data   RW           16    .data               system_lpc54608.o
    0x20006504   0x200026a4   0x00000008   Data   RW          119    .data               main.o
    0x2000650c   0x200026ac   0x0000002c   Data   RW          212    .data               bootloader.o
    0x20006538   0x200026d8   0x00000010   Data   RW          257    .data               swd.o
    0x20006548   0x200026e8   0x00000030   Data   RW          300    .data               flashprg.o
    0x20006578   0x20002718   0x0000000c   Data   RW          614    .data               fsl_clock.o
    0x20006584        -       0x0000053c   Zero   RW          211    .bss                bootloader.o
    0x20006ac0        -       0x00000050   Zero   RW         1298    .bss                fsl_flexcomm.o


    Execution Region ARM_LIB_HEAP (Exec base: 0x20006b10, Load base: 0x20002724, Size: 0x00000400, Max: 0x00000400, ABSOLUTE)

    Exec Addr    Load Addr    Size         Type   Attr      Idx    E Section Name        Object

    0x20006b10        -       0x00000400   Zero   RW            1    ARM_LIB_HEAP.bss    anon$$obj.o


    Execution Region ARM_LIB_STACK (Exec base: 0x20008100, Load base: 0x20002724, Size: 0x00000400, Max: 0x00000400, ABSOLUTE)

    Exec Addr    Load Addr    Size         Type   Attr      Idx    E Section Name        Object

    0x20008100        -       0x00000400   Zero   RW            2    ARM_LIB_STACK.bss   anon$$obj.o



  Load Region LR_m_interrupts (Base: 0x20000000, Size: 0x00000124, Max: 0x00000400, ABSOLUTE)

    Execution Region VECTOR_ROM (Exec base: 0x20000000, Load base: 0x20000000, Size: 0x00000124, Max: 0x00000400, ABSOLUTE)

    Exec Addr    Load Addr    Size         Type   Attr      Idx    E Section Name        Object

    0x20000000   0x20000000   0x00000124   Data   RO          107    RESET               startup_lpc54608.o



  Load Region LR_m_interrupts_ram (Base: 0x20000000, Size: 0x00000000, Max: 0x00000400, ABSOLUTE)

    Execution Region VECTOR_RAM (Exec base: 0x20000000, Load base: 0x20000000, Size: 0x00000000, Max: 0x00000400, ABSOLUTE)

    **** No section assigned to this execution region ****


==============================================================================

Image component sizes


      Code (inc. data)   RO Data    RW Data    ZI Data      Debug   Object Name

       942        190          0         44       1340       4649   bootloader.o
        84         24          0          0          0       2425   clock_config.o
       486         64        584         48          0      41915   flashprg.o
      2374        244         92         12          0      35831   fsl_clock.o
         6          0          0          0          0        557   fsl_common.o
         0          0          0          0          0      12908   fsl_emc.o
      1158        562         72          0         80       9754   fsl_flexcomm.o
        84          0          0          0          0        995   fsl_gpio.o
       524        108          6          0          0       6454   fsl_spifi.o
       604        178          0          0          0       9174   fsl_usart.o
       314         40          2          8          0     561011   main.o
       204         14          0          0          0      15717   pin_mux.o
       492        236        292          0          0       3616   startup_lpc54608.o
       412         40          0         16          0       2949   swd.o
        40         12          0          4          0       6019   system_lpc54608.o

    ----------------------------------------------------------------------
      7728       1712       1084        132       3468     713974   Object Totals
         0          0         32          0       2048          0   (incl. Generated)
         4          0          4          0          0          0   (incl. Padding)

    ----------------------------------------------------------------------

      Code (inc. data)   RO Data    RW Data    ZI Data      Debug   Library Member Name

         8          0          0          0          0         68   __main.o
         0          0          0          0          0          0   __rtentry.o
        12          0          0          0          0          0   __rtentry2.o
         8          4          0          0          0          0   __rtentry7.o
        52          8          0          0          0          0   __scatter.o
        26          0          0          0          0          0   __scatter_copy.o
        28          0          0          0          0          0   __scatter_zi.o
        18          0          0          0          0         80   exit.o
         0          0          0          0          0          0   indicate_semi.o
         2          0          0          0          0          0   libinit.o
         6          0          0          0          0          0   libinit2.o
         2          0          0          0          0          0   libshutdown.o
         2          0          0          0          0          0   libshutdown2.o
         2          0          0          0          0          0   rtexit.o
        10          0          0          0          0          0   rtexit2.o
        12          4          0          0          0         68   sys_exit.o
         2          0          0          0          0         68   use_no_semi.o
        10          0          0          0          0        116   fpinit.o
       136         12          0          0          0        248   fsl_power_lib.o

    ----------------------------------------------------------------------
       344         28          0          0          0        648   Library Totals
         8          0          0          0          0          0   (incl. Padding)

    ----------------------------------------------------------------------

      Code (inc. data)   RO Data    RW Data    ZI Data      Debug   Library Name

       190         16          0          0          0        284   c_w.l
        10          0          0          0          0        116   fz_wm.l
       136         12          0          0          0        248   keil_lib_power.lib

    ----------------------------------------------------------------------
       344         28          0          0          0        648   Library Totals

    ----------------------------------------------------------------------

==============================================================================


      Code (inc. data)   RO Data    RW Data    ZI Data      Debug   

      8072       1740       1084        132       3468     707022   Grand Totals
      8072       1740       1084        132       3468     707022   ELF Image Totals
      8072       1740       1084        132          0          0   ROM Totals

==============================================================================

    Total RO  Size (Code + RO Data)                 9156 (   8.94kB)
    Total RW  Size (RW Data + ZI Data)              3600 (   3.52kB)
    Total ROM Size (Code + RO Data + RW Data)       9288 (   9.07kB)

==============================================================================

