<html>
<body>
<pre>
<h1>µVision Build Log</h1>
<h2>Tool Versions:</h2>
IDE-Version: µVision V5.24.2.0
Copyright (C) 2017 ARM Ltd and ARM Germany GmbH. All rights reserved.
License Information: Andy Ayre, ESA, LIC=HF8PD-SHSBK-93SRV-MF5K8-PS14X-VPYUQ
 
Tool Versions:
Toolchain:       MDK-ARM Professional  Version: 5.24.1
Toolchain Path:  C:\Keil\ARM\ARMCC\Bin
C Compiler:      Armcc.exe V5.06 update 5 (build 528)
Assembler:       Armasm.exe V5.06 update 5 (build 528)
Linker/Locator:  ArmLink.exe V5.06 update 5 (build 528)
Library Manager: ArmAr.exe V5.06 update 5 (build 528)
Hex Converter:   FromElf.exe V5.06 update 5 (build 528)
CPU DLL:         SARMCM3.DLL V5.24.1
Dialog DLL:      DCM.DLL V1.16.0.0
Target DLL:      Segger\JL2CM3.dll V2.99.26.0
Dialog DLL:      TCM.DLL V1.32.0.0
 
<h2>Project:</h2>
C:\Users\Andy\Documents\ESA Projects\FlashMagic\Bootloaders\External Memory\LPCxpresso54608\LPCxpresso54608.uvprojx
Project File Date:  10/20/2017

<h2>Output:</h2>
*** Using Compiler 'V5.06 update 5 (build 528)', folder: 'C:\Keil\ARM\ARMCC\Bin'
Rebuild target 'LPCxpresso54608 RAM'
compiling system_LPC54608.c...
assembling startup_LPC54608.s...
compiling main.c...
compiling bootloader.c...
compiling swd.c...
compiling FlashPrg.c...
compiling debug.c...
compiling board.c...
compiling clock_config.c...
compiling pin_mux.c...
compiling fsl_clock.c...
compiling fsl_common.c...
compiling fsl_emc.c...
compiling fsl_gpio.c...
compiling fsl_inputmux.c...
compiling fsl_power.c...
compiling fsl_reset.c...
compiling fsl_spifi.c...
compiling fsl_flexcomm.c...
compiling fsl_usart.c...
linking...
Program Size: Code=8072 RO-data=1084 RW-data=132 ZI-data=3468  
FromELF: creating hex file...
".\obj\LPCxpresso54608.axf" - 0 Error(s), 0 Warning(s).

<h2>Software Packages used:</h2>

Package Vendor: Keil
                http://www.keil.com/pack/Keil.LPC54000_DFP.2.1.0.pack
                Keil.LPC54000_DFP.2.1.0
                NXP LPC54000 Series Device Support

<h2>Collection of Component include folders:</h2>
  .\RTE\_LPCxpresso54608_RAM
  C:\Keil\ARM\PACK\Keil\LPC54000_DFP\2.1.0\LPCOpen\lpc5460x\chip_5460x\inc

<h2>Collection of Component Files used:</h2>
Build Time Elapsed:  00:00:27
</pre>
</body>
</html>
