<html>
<body>
<pre>
<h1>µVision Build Log</h1>
<h2>Project:</h2>
C:\Users\Andy\Documents\ESA Projects\FlashMagic\Bootloaders\External Memory\S25FL129P\LPC1857-Keil\S25FL129P-LPC1857-Keil.uvproj
Project File Date:  06/02/2014

<h2>Output:</h2>
Rebuild target 'Internal SRAM'
assembling startup_LPC18xx.s...
compiling system_LPC18xx.c...
compiling lpc18xx_uart.c...
compiling uart.c...
compiling lpc18xx_scu.c...
compiling lpc18xx_cgu.c...
compiling main.c...
compiling bootloader.c...
compiling FlashPrg.c...
linking...
Program Size: Code=19458 RO-data=2486 RW-data=128 ZI-data=3336  
FromELF: creating hex file...
".\obj\S25FL129P-LPC1857-Keil.axf" - 0 Error(s), 0 Warning(s).
</pre>
</body>
</html>
