<html>
<body>
<pre>
<h1>µVision Build Log</h1>
<h2>Tool Versions:</h2>
IDE-Version: µVision V5.12.0.0
Copyright (C) 2014 ARM Ltd and ARM Germany GmbH. All rights reserved.
License Information: Andy Ayre, ESA, LIC=V8523-U4CUH-HV45R-IB1G4-LP21Y-W3ZVP
 
Tool Versions:
Toolchain:       MDK-ARM Professional  Version: 5.12.0.0
Toolchain Path:  C:\Keil\ARM\ARMCC\Bin
C Compiler:      Armcc.exe V5.05 (build 41)
Assembler:       Armasm.exe V5.05 (build 41)
Linker/Locator:  ArmLink.exe V5.05 (build 41)
Library Manager: ArmAr.exe V5.05 (build 41)
Hex Converter:   FromElf.exe V5.05 (build 41)
CPU DLL:         SARMCM3.DLL V5.12.0.0
Dialog DLL:      DCM.DLL V1.13.0.0
Target DLL:      UL2CM3.DLL V1.153.0.0
Dialog DLL:      TCM.DLL V1.14.2.0
 
<h2>Project:</h2>
C:\Users\Andy\Documents\ESA Projects\FlashMagic\Bootloaders\External Memory\LPCxpresso4337\LPCxpresso4337.uvprojx
Project File Date:  05/14/2015

<h2>Output:</h2>
Rebuild target 'Internal SRAM'
assembling startup_LPC18xx.s...
compiling system_LPC18xx.c...
compiling lpc18xx_scu.c...
compiling lpc18xx_cgu.c...
compiling swd.c...
compiling main.c...
compiling bootloader.c...
compiling FlashPrg.c...
linking...
Program Size: Code=17586 RO-data=2498 RW-data=144 ZI-data=3336  
FromELF: creating hex file...
".\obj\LPCxpresso4337.axf" - 0 Error(s), 0 Warning(s).

<h2>Collection of Component include folders:</h2>
  C:\Users\Andy\Documents\ESA Projects\FlashMagic\Bootloaders\External Memory\LPCxpresso4337\RTE
  C:\Keil\ARM\PACK\Keil\LPC1800_DFP\2.2.0\Device\Include

<h2>Collection of Component Files used:</h2>
</pre>
</body>
</html>
