Component: ARM Compiler 5.05 (build 41) Tool: armlink [4d0eb9]

==============================================================================

Section Cross References

    lpc2300.o(RESET) refers to sbl_main.o(.text) for sbl_main
    board_init.o(.text) refers to timer.o(.text) for Timer_init
    sbl_main.o(.text) refers to board_init.o(.text) for board_init
    sbl_main.o(.text) refers to comms.o(.text) for init_comms
    sbl_main.o(.text) refers to isp_iap.o(.text) for isp_cmd_loop
    comms.o(.text) refers to emac.o(.text) for init_emac
    isp_iap.o(.text) refers to aeabi_sdiv.o(.text_udiv) for __aeabi_uidivmod
    isp_iap.o(.text) refers to comms.o(.text) for getline
    isp_iap.o(.text) refers to isp_iap.o(i.__ARM_common_call_via_r6) for __ARM_common_call_via_r6
    isp_iap.o(.text) refers to isp_iap.o(.bss) for cmd_buf
    isp_iap.o(.text) refers to isp_iap.o(.constdata) for sync_str
    isp_iap.o(.text) refers to isp_iap.o(.data) for crp_after_reset
    isp_iap.o(.text) refers to timer.o(.text) for Timer_DeInit
    isp_iap.o(.text) refers to isp_iap.o(i.__ARM_common_call_via_r0) for __ARM_common_call_via_r0
    isp_iap.o(.text) refers to sbl_main.o(.constdata) for fcclk_KHz
    isp_iap.o(.text) refers to isp_iap.o(i.__ARM_common_call_via_r4) for __ARM_common_call_via_r4
    isp_iap.o(.text) refers to isp_iap.o(i.__ARM_common_switch8) for __ARM_common_switch8
    isp_iap.o(.text) refers to sbl_main.o(.ARM.__at_0x1FC) for crp
    emac.o(.text) refers to emac.o(.data) for rxptr
    emac.o(.text) refers to emac.o(.bss) for rxbuffer
    emac.o(.text) refers to timer.o(.text) for Timer_GetTimestamp
    emac.o(.text) refers to rt_memcpy.o(.text) for __aeabi_memcpy
    emac.o(.text) refers to isp_iap.o(.text) for str_cmp
    emac.o(.text) refers to emac.o(.constdata) for sync
    rt_memcpy.o(.text) refers to rt_memcpy_w.o(.text) for __aeabi_memcpy4
    aeabi_sdiv.o(.text_udiv) refers to aeabi_sdiv.o(.text) for __arm_div2
    aeabi_sdiv_div0.o(.text_udiv) refers to aeabi_sdiv_div0.o(.text) for __arm_div2
    aeabi_idiv0_sigfpe.o(.text) refers to isp_iap.o(.text) for __rt_div0


==============================================================================

Adding Veneers to the image

    Adding TA veneer (4 bytes, Inline) for call to '__aeabi_uidivmod' from isp_iap.o(.text).
    Adding TA veneer (4 bytes, Inline) for call to '__aeabi_memcpy' from emac.o(.text).
    Adding TA veneer (4 bytes, Inline) for call to '__ARM_common_switch8' from isp_iap.o(.text).

3 Veneer(s) (total 12 bytes) added to the image.

==============================================================================

Image Symbol Table

    Local Symbols

    Symbol Name                              Value     Ov Type        Size  Object(Section)

    RESET                                    0x00000000   Section      180  lpc2300.o(RESET)
    ../clib/angel/rt.s                       0x00000000   Number         0  aeabi_idiv0_sigfpe.o ABSOLUTE
    ../clib/angel/rt.s                       0x00000000   Number         0  aeabi_idiv0.o ABSOLUTE
    ../clib/division.s                       0x00000000   Number         0  aeabi_sdiv_div0.o ABSOLUTE
    ../clib/division.s                       0x00000000   Number         0  aeabi_sdiv.o ABSOLUTE
    ../clib/divrt.s                          0x00000000   Number         0  divrt_7tdmi_div0.o ABSOLUTE
    ../clib/divrt.s                          0x00000000   Number         0  divrt_7tdmi.o ABSOLUTE
    ../clib/memcpset.s                       0x00000000   Number         0  rt_memcpy_w.o ABSOLUTE
    ../clib/memcpset.s                       0x00000000   Number         0  rt_memcpy.o ABSOLUTE
    Debug\uart.c                             0x00000000   Number         0  uart.o ABSOLUTE
    board_init\board_init.c                  0x00000000   Number         0  board_init.o ABSOLUTE
    comms.c                                  0x00000000   Number         0  comms.o ABSOLUTE
    dc.s                                     0x00000000   Number         0  dc.o ABSOLUTE
    ethernet\emac.c                          0x00000000   Number         0  emac.o ABSOLUTE
    isp\isp_iap.c                            0x00000000   Number         0  isp_iap.o ABSOLUTE
    sbl_main.c                               0x00000000   Number         0  sbl_main.o ABSOLUTE
    startup\LPC2300.s                        0x00000000   Number         0  lpc2300.o ABSOLUTE
    timer\timer.c                            0x00000000   Number         0  timer.o ABSOLUTE
    Undef_Handler                            0x00000040   ARM Code       4  lpc2300.o(RESET)
    SWI_Handler                              0x00000044   ARM Code       4  lpc2300.o(RESET)
    PAbt_Handler                             0x00000048   ARM Code       4  lpc2300.o(RESET)
    DAbt_Handler                             0x0000004c   ARM Code       4  lpc2300.o(RESET)
    IRQ_Handler                              0x00000050   ARM Code       4  lpc2300.o(RESET)
    FIQ_Handler                              0x00000054   ARM Code       4  lpc2300.o(RESET)
    .text                                    0x000000b4   Section        0  board_init.o(.text)
    .text_udiv                               0x000001d0   Section       36  aeabi_sdiv.o(.text_udiv)
    i.__ARM_common_call_via_r0               0x000001f4   Section        0  isp_iap.o(i.__ARM_common_call_via_r0)
    i.__ARM_common_call_via_r4               0x000001f6   Section        0  isp_iap.o(i.__ARM_common_call_via_r4)
    i.__ARM_common_call_via_r6               0x000001f8   Section        0  isp_iap.o(i.__ARM_common_call_via_r6)
    .ARM.__at_0x1FC                          0x000001fc   Section        4  sbl_main.o(.ARM.__at_0x1FC)
    .constdata                               0x00000200   Section        4  sbl_main.o(.constdata)
    .text                                    0x00000204   Section        0  sbl_main.o(.text)
    .text                                    0x00000236   Section        0  comms.o(.text)
    .text                                    0x00000278   Section        0  isp_iap.o(.text)
    .text                                    0x00000f64   Section        0  emac.o(.text)
    .text                                    0x00001704   Section        0  timer.o(.text)
    .text                                    0x00001798   Section      212  rt_memcpy.o(.text)
    .text                                    0x0000186c   Section      384  aeabi_sdiv.o(.text)
    __arm_div8                               0x00001898   ARM Code       0  aeabi_sdiv.o(.text)
    __arm_div5                               0x000018bc   ARM Code       0  aeabi_sdiv.o(.text)
    __arm_div2                               0x000018e0   ARM Code       0  aeabi_sdiv.o(.text)
    __arm_div_large                          0x0000191c   ARM Code       0  aeabi_sdiv.o(.text)
    .text                                    0x000019ec   Section      100  rt_memcpy_w.o(.text)
    i.__ARM_common_switch8                   0x00001a54   Section        0  isp_iap.o(i.__ARM_common_switch8)
    .constdata                               0x00001a74   Section       27  isp_iap.o(.constdata)
    .constdata                               0x00001a8f   Section       16  emac.o(.constdata)
    .data                                    0x40000200   Section        8  isp_iap.o(.data)
    .data                                    0x40000208   Section       32  emac.o(.data)
    rxptr                                    0x4000021c   Data           4  emac.o(.data)
    txptr                                    0x40000220   Data           4  emac.o(.data)
    .bss                                     0x40000228   Section      208  isp_iap.o(.bss)
    .bss                                     0x400002f8   Section      240  emac.o(.bss)

    Global Symbols

    Symbol Name                              Value     Ov Type        Size  Object(Section)

    BuildAttributes$$THM_ISAv1$ARM_ISAv4$S$PE$A:L22$X:L11$S22$IEEE1$IW$USESV6$~STKCKD$USESV7$~SHL$OSPACE$ROPI$EBA8$STANDARDLIB$REQ8$PRES8$EABIv2 0x00000000   Number         0  anon$$obj.o ABSOLUTE
    Reset_Handler                            0x00000058   ARM Code       0  lpc2300.o(RESET)
    init_PLL                                 0x000000b5   Thumb Code   188  board_init.o(.text)
    init_MAM                                 0x00000171   Thumb Code    18  board_init.o(.text)
    init_PCB                                 0x00000183   Thumb Code    26  board_init.o(.text)
    VectorsRemap                             0x0000019d   Thumb Code     2  board_init.o(.text)
    board_init                               0x0000019f   Thumb Code    34  board_init.o(.text)
    Inline Thumb to ARM Veneer to __aeabi_uidivmod 0x000001cd   Thumb Code     4  aeabi_sdiv.o(.text_udiv)
    __aeabi_uidiv                            0x000001d0   ARM Code       0  aeabi_sdiv.o(.text_udiv)
    __aeabi_uidivmod                         0x000001d0   ARM Code      36  aeabi_sdiv.o(.text_udiv)
    __ARM_common_call_via_r0                 0x000001f5   Thumb Code     2  isp_iap.o(i.__ARM_common_call_via_r0)
    __ARM_common_call_via_r4                 0x000001f7   Thumb Code     2  isp_iap.o(i.__ARM_common_call_via_r4)
    __ARM_common_call_via_r6                 0x000001f9   Thumb Code     2  isp_iap.o(i.__ARM_common_call_via_r6)
    crp                                      0x000001fc   Data           4  sbl_main.o(.ARM.__at_0x1FC)
    fcclk_KHz                                0x00000200   Data           4  sbl_main.o(.constdata)
    enter_isp                                0x00000205   Thumb Code    20  sbl_main.o(.text)
    sbl_main                                 0x00000219   Thumb Code    30  sbl_main.o(.text)
    init_comms                               0x00000237   Thumb Code    12  comms.o(.text)
    getline                                  0x00000243   Thumb Code    24  comms.o(.text)
    sendline_crlf                            0x0000025b   Thumb Code    16  comms.o(.text)
    comm_handshake                           0x0000026b   Thumb Code    12  comms.o(.text)
    is_div                                   0x00000279   Thumb Code    18  isp_iap.o(.text)
    __rt_div0                                0x0000028b   Thumb Code     2  isp_iap.o(.text)
    str_cmp                                  0x0000028d   Thumb Code    40  isp_iap.o(.text)
    a_to_i                                   0x000002b5   Thumb Code    56  isp_iap.o(.text)
    i_to_a                                   0x000002ed   Thumb Code    90  isp_iap.o(.text)
    run_isp                                  0x00000347   Thumb Code    42  isp_iap.o(.text)
    param_check                              0x00000371   Thumb Code   196  isp_iap.o(.text)
    iap_entry                                0x00000435   Thumb Code    22  isp_iap.o(.text)
    decode                                   0x0000044b   Thumb Code    20  isp_iap.o(.text)
    uudecode                                 0x0000045f   Thumb Code   190  isp_iap.o(.text)
    encode                                   0x0000051d   Thumb Code    20  isp_iap.o(.text)
    uuencode                                 0x00000531   Thumb Code   154  isp_iap.o(.text)
    write_to_ram                             0x000005cb   Thumb Code   264  isp_iap.o(.text)
    read                                     0x000006d3   Thumb Code   260  isp_iap.o(.text)
    go_cmd                                   0x000007d7   Thumb Code   120  isp_iap.o(.text)
    unlock                                   0x0000084f   Thumb Code    64  isp_iap.o(.text)
    prepare_sector                           0x0000088f   Thumb Code   100  isp_iap.o(.text)
    copy                                     0x000008f3   Thumb Code   192  isp_iap.o(.text)
    erase                                    0x000009b3   Thumb Code   244  isp_iap.o(.text)
    blank_check                              0x00000aa7   Thumb Code   242  isp_iap.o(.text)
    compare_mem                              0x00000b99   Thumb Code   156  isp_iap.o(.text)
    tokenize                                 0x00000c35   Thumb Code   108  isp_iap.o(.text)
    enable_interrupts                        0x00000ca1   Thumb Code     6  isp_iap.o(.text)
    disable_interrupts                       0x00000ca7   Thumb Code     6  isp_iap.o(.text)
    execute_user_code                        0x00000cad   Thumb Code    16  isp_iap.o(.text)
    user_code_present                        0x00000cbd   Thumb Code    44  isp_iap.o(.text)
    check_isp_entry_pin                      0x00000ce9   Thumb Code    22  isp_iap.o(.text)
    exec_isp_cmd                             0x00000cff   Thumb Code   270  isp_iap.o(.text)
    isp_cmd_loop                             0x00000e0d   Thumb Code   276  isp_iap.o(.text)
    write_PHY                                0x00000f65   Thumb Code    52  emac.o(.text)
    read_PHY                                 0x00000f99   Thumb Code    64  emac.o(.text)
    ReadFrame_EMAC                           0x00000fd9   Thumb Code    18  emac.o(.text)
    CopyFromFrame_EMAC                       0x00000feb   Thumb Code    44  emac.o(.text)
    same_mac                                 0x00001017   Thumb Code    34  emac.o(.text)
    filter_pass                              0x00001039   Thumb Code    70  emac.o(.text)
    WriteFrame_EMAC                          0x0000107f   Thumb Code    18  emac.o(.text)
    CopyToFrame_EMAC                         0x00001091   Thumb Code    38  emac.o(.text)
    chksum16                                 0x000010b7   Thumb Code    62  emac.o(.text)
    init_emac                                0x000010f5   Thumb Code   764  emac.o(.text)
    emac_getline                             0x000013f1   Thumb Code   296  emac.o(.text)
    emac_sendline_crlf                       0x00001519   Thumb Code   290  emac.o(.text)
    emac_handshake                           0x0000163b   Thumb Code   124  emac.o(.text)
    Timer_init                               0x00001705   Thumb Code    24  timer.o(.text)
    Timer_DeInit                             0x0000171d   Thumb Code    26  timer.o(.text)
    Timer_GetTimestamp                       0x00001737   Thumb Code     8  timer.o(.text)
    Timer_HasTimestampExpired                0x0000173f   Thumb Code    48  timer.o(.text)
    Timer_Delay                              0x0000176f   Thumb Code    28  timer.o(.text)
    Inline Thumb to ARM Veneer to __aeabi_memcpy 0x00001795   Thumb Code     4  rt_memcpy.o(.text)
    __aeabi_memcpy                           0x00001798   ARM Code       0  rt_memcpy.o(.text)
    __rt_memcpy                              0x00001798   ARM Code     212  rt_memcpy.o(.text)
    _memcpy_lastbytes                        0x0000184c   ARM Code       0  rt_memcpy.o(.text)
    __aeabi_idiv                             0x0000186c   ARM Code       0  aeabi_sdiv.o(.text)
    __aeabi_idivmod                          0x0000186c   ARM Code     384  aeabi_sdiv.o(.text)
    __aeabi_memcpy4                          0x000019ec   ARM Code       0  rt_memcpy_w.o(.text)
    __aeabi_memcpy8                          0x000019ec   ARM Code       0  rt_memcpy_w.o(.text)
    __rt_memcpy_w                            0x000019ec   ARM Code     100  rt_memcpy_w.o(.text)
    _memcpy_lastbytes_aligned                0x00001a38   ARM Code       0  rt_memcpy_w.o(.text)
    Inline Thumb to ARM Veneer to __ARM_common_switch8 0x00001a51   Thumb Code     4  isp_iap.o(i.__ARM_common_switch8)
    __ARM_common_switch8                     0x00001a54   ARM Code      32  isp_iap.o(i.__ARM_common_switch8)
    unlock_code                              0x00001a74   Data           4  isp_iap.o(.constdata)
    sync_str                                 0x00001a78   Data          13  isp_iap.o(.constdata)
    ok                                       0x00001a85   Data           3  isp_iap.o(.constdata)
    resend                                   0x00001a88   Data           7  isp_iap.o(.constdata)
    sync                                     0x00001a8f   Data          13  emac.o(.constdata)
    Ok                                       0x00001a9c   Data           3  emac.o(.constdata)
    lock                                     0x40000200   Data           4  isp_iap.o(.data)
    crp_after_reset                          0x40000204   Data           4  isp_iap.o(.data)
    synchro                                  0x40000208   Data           1  emac.o(.data)
    MyMAC                                    0x40000209   Data           6  emac.o(.data)
    HostMAC                                  0x4000020f   Data           6  emac.o(.data)
    DestPort                                 0x40000216   Data           2  emac.o(.data)
    SrcPort                                  0x40000218   Data           2  emac.o(.data)
    data_size                                0x4000021a   Data           2  emac.o(.data)
    ethernet_timeout                         0x40000224   Data           4  emac.o(.data)
    cmd_buf                                  0x40000228   Data          70  isp_iap.o(.bss)
    param0                                   0x4000026e   Data          15  isp_iap.o(.bss)
    param1                                   0x4000027d   Data          15  isp_iap.o(.bss)
    param2                                   0x4000028c   Data          15  isp_iap.o(.bss)
    param3                                   0x4000029b   Data          15  isp_iap.o(.bss)
    param4                                   0x400002aa   Data          15  isp_iap.o(.bss)
    param_buf                                0x400002bc   Data          20  isp_iap.o(.bss)
    param_table                              0x400002d0   Data          20  isp_iap.o(.bss)
    result_table                             0x400002e4   Data          20  isp_iap.o(.bss)
    rxbuffer                                 0x400002f8   Data         120  emac.o(.bss)
    txbuffer                                 0x40000370   Data         120  emac.o(.bss)



==============================================================================

Memory Map of the image

  Image Entry point : 0x00000000

  Load Region LR_IROM1 (Base: 0x00000000, Size: 0x00001ac8, Max: 0x00020000, ABSOLUTE)

    Execution Region ER_IROM1 (Base: 0x00000000, Size: 0x00001aa0, Max: 0x00020000, ABSOLUTE)

    Base Addr    Size         Type   Attr      Idx    E Section Name        Object

    0x00000000   0x000000b4   Code   RO            1  * RESET               lpc2300.o
    0x000000b4   0x00000118   Code   RO            6    .text               board_init.o
    0x000001cc   0x00000004   Ven    RO          182    .text_udiv          c_t.l(aeabi_sdiv.o)
    0x000001d0   0x00000024   Code   RO          182    .text_udiv          c_t.l(aeabi_sdiv.o)
    0x000001f4   0x00000002   Code   RO           93    i.__ARM_common_call_via_r0  isp_iap.o
    0x000001f6   0x00000002   Code   RO           91    i.__ARM_common_call_via_r4  isp_iap.o
    0x000001f8   0x00000002   Code   RO           95    i.__ARM_common_call_via_r6  isp_iap.o
    0x000001fa   0x00000002   PAD
    0x000001fc   0x00000004   Data   RO           29    .ARM.__at_0x1FC     sbl_main.o
    0x00000200   0x00000004   Data   RO           30    .constdata          sbl_main.o
    0x00000204   0x00000032   Code   RO           28    .text               sbl_main.o
    0x00000236   0x00000040   Code   RO           56    .text               comms.o
    0x00000276   0x00000002   PAD
    0x00000278   0x00000cec   Code   RO           75    .text               isp_iap.o
    0x00000f64   0x000007a0   Code   RO          110    .text               emac.o
    0x00001704   0x00000090   Code   RO          162    .text               timer.o
    0x00001794   0x00000004   Ven    RO          179    .text               c_t.l(rt_memcpy.o)
    0x00001798   0x000000d4   Code   RO          179    .text               c_t.l(rt_memcpy.o)
    0x0000186c   0x00000180   Code   RO          181    .text               c_t.l(aeabi_sdiv.o)
    0x000019ec   0x00000064   Code   RO          201    .text               c_t.l(rt_memcpy_w.o)
    0x00001a50   0x00000004   Ven    RO           89    i.__ARM_common_switch8  isp_iap.o
    0x00001a54   0x00000020   Code   RO           89    i.__ARM_common_switch8  isp_iap.o
    0x00001a74   0x0000001b   Data   RO           77    .constdata          isp_iap.o
    0x00001a8f   0x00000010   Data   RO          112    .constdata          emac.o


    Execution Region RW_IRAM1 (Base: 0x40000200, Size: 0x000001e8, Max: 0x000002c0, ABSOLUTE, UNINIT)

    Base Addr    Size         Type   Attr      Idx    E Section Name        Object

    0x40000200   0x00000008   Data   RW           78    .data               isp_iap.o
    0x40000208   0x00000020   Data   RW          113    .data               emac.o
    0x40000228   0x000000d0   Zero   RW           76    .bss                isp_iap.o
    0x400002f8   0x000000f0   Zero   RW          111    .bss                emac.o


==============================================================================

Image component sizes


      Code (inc. data)   RO Data    RW Data    ZI Data      Debug   Object Name

       280         12          0          0          0       2557   board_init.o
        64          0          0          0          0       1118   comms.o
      1952        198         16         32        240       6653   emac.o
      3346        182         27          8        208      10941   isp_iap.o
       180         40          0          0          0        336   lpc2300.o
        50          0          8          0          0        785   sbl_main.o
       144         10          0          0          0       1251   timer.o

    ----------------------------------------------------------------------
      6024        442         52         40        448      23641   Object Totals
         4          0          0          0          0          0   (incl. Generated)
         4          0          1          0          0          0   (incl. Padding)

    ----------------------------------------------------------------------

      Code (inc. data)   RO Data    RW Data    ZI Data      Debug   Library Member Name

       424          0          0          0          0        148   aeabi_sdiv.o
       216          0          0          0          0         68   rt_memcpy.o
       100          0          0          0          0         80   rt_memcpy_w.o

    ----------------------------------------------------------------------
       740          0          0          0          0        296   Library Totals
         0          0          0          0          0          0   (incl. Padding)

    ----------------------------------------------------------------------

      Code (inc. data)   RO Data    RW Data    ZI Data      Debug   Library Name

       740          0          0          0          0        296   c_t.l

    ----------------------------------------------------------------------
       740          0          0          0          0        296   Library Totals

    ----------------------------------------------------------------------

==============================================================================


      Code (inc. data)   RO Data    RW Data    ZI Data      Debug   

      6764        442         52         40        448      23253   Grand Totals
      6764        442         52         40        448      23253   ELF Image Totals
      6764        442         52         40          0          0   ROM Totals

==============================================================================

    Total RO  Size (Code + RO Data)                 6816 (   6.66kB)
    Total RW  Size (RW Data + ZI Data)               488 (   0.48kB)
    Total ROM Size (Code + RO Data + RW Data)       6856 (   6.70kB)

==============================================================================

