<html>
<body>
<pre>
<h1>µVision Build Log</h1>
<h2>Tool Versions:</h2>
IDE-Version: µVision V5.24.2.0
Copyright (C) 2017 ARM Ltd and ARM Germany GmbH. All rights reserved.
License Information: Andy Ayre, ESA, LIC=JDAMM-GD4X5-RJEAB-0URPW-X9RMT-7JG3R
 
Tool Versions:
Toolchain:       MDK-ARM Professional  Version: 5.24.1
Toolchain Path:  C:\Keil\ARM\ARMCC\Bin
C Compiler:      Armcc.exe V5.06 update 5 (build 528)
Assembler:       Armasm.exe V5.06 update 5 (build 528)
Linker/Locator:  ArmLink.exe V5.06 update 5 (build 528)
Library Manager: ArmAr.exe V5.06 update 5 (build 528)
Hex Converter:   FromElf.exe V5.06 update 5 (build 528)
CPU DLL:         SARMCM3.DLL V5.24.1
Dialog DLL:      DARMP1.DLL V1.27.0.0
Target DLL:      UL2CM3.DLL V1.160.3.0
Dialog DLL:      TARMP1.DLL V1.26.0.0
 
<h2>Project:</h2>
C:\Users\Andy\Documents\ESA Projects\Ethernet Bootloader\LPC1700\Bootloader\ethernet_bootloader.uvproj
Project File Date:  04/17/2019

<h2>Output:</h2>
*** Using Compiler 'V5.06 update 5 (build 528)', folder: 'C:\Keil\ARM\ARMCC\Bin'
Rebuild target 'MCB1700 Board'
assembling startup_LPC17xx.s...
creating preprocessor file for core_cm3.c...
compiling core_cm3.c...
creating preprocessor file for board_init.c...
compiling board_init.c...
creating preprocessor file for sbl_main.c...
compiling sbl_main.c...
creating preprocessor file for comms.c...
compiling comms.c...
creating preprocessor file for isp_iap.c...
compiling isp_iap.c...
creating preprocessor file for emac.c...
compiling emac.c...
creating preprocessor file for mdio.c...
compiling mdio.c...
creating preprocessor file for uart.c...
compiling uart.c...
creating preprocessor file for timer.c...
compiling timer.c...
linking...
Program Size: Code=6178 RO-data=274 RW-data=44 ZI-data=1060  
FromELF: creating hex file...
".\Obj\ethernet_bootloader.axf" - 0 Error(s), 0 Warning(s).
Build Time Elapsed:  00:00:07
</pre>
</body>
</html>
