<html>
<body>
<pre>
<h1>µVision Build Log</h1>
<h2>Tool Versions:</h2>
IDE-Version: µVision V5.24.2.0
Copyright (C) 2017 ARM Ltd and ARM Germany GmbH. All rights reserved.
License Information: Andy Ayre, ESA, LIC=JDAMM-GD4X5-RJEAB-0URPW-X9RMT-7JG3R
 
Tool Versions:
Toolchain:       MDK-ARM Professional  Version: 5.24.1
Toolchain Path:  C:\Keil\ARM\ARMCC\Bin
C Compiler:      Armcc.exe V5.06 update 5 (build 528)
Assembler:       Armasm.exe V5.06 update 5 (build 528)
Linker/Locator:  ArmLink.exe V5.06 update 5 (build 528)
Library Manager: ArmAr.exe V5.06 update 5 (build 528)
Hex Converter:   FromElf.exe V5.06 update 5 (build 528)
CPU DLL:         SARMCM3.DLL V5.24.1
Dialog DLL:      DCM.DLL V1.16.0.0
Target DLL:      ULP2CM3.DLL V2.209.4.0
Dialog DLL:      TCM.DLL V1.32.0.0
 
<h2>Project:</h2>
C:\Users\Andy\Documents\ESA Projects\Ethernet Bootloader\LPC1800_LPC4300\Bootloader\ethernet_bootloader.uvproj
Project File Date:  05/29/2019

<h2>Output:</h2>
*** Using Compiler 'V5.06 update 5 (build 528)', folder: 'C:\Keil\ARM\ARMCC\Bin'
Rebuild target 'iflash_keil_mcb_1857'
compiling sbl_main.c...
compiling comms.c...
compiling isp_iap.c...
compiling timer.c...
compiling enet_18xx_43xx.c...
compiling clock_18xx_43xx.c...
compiling rgu_18xx_43xx.c...
compiling chip_18xx_43xx.c...
compiling sysinit_18xx_43xx.c...
compiling gpio_18xx_43xx.c...
compiling emc_18xx_43xx.c...
compiling timer_18xx_43xx.c...
compiling stopwatch_18xx_43xx.c...
compiling lpc_phy_dp83848.c...
compiling board.c...
compiling board_sysinit.c...
assembling keil_startup_lpc18xx43xx.s...
compiling sysinit.c...
linking...
Program Size: Code=10736 RO-data=1232 RW-data=124 ZI-data=15148  
FromELF: creating hex file...
After Build - User command #1: C:\Keil\\ARM\BIN\ELFDWT.EXE .\Obj\ethernet_bootloader.axf BASEADDRESS(0x1A000000)
ELFDWT - Signature Creator V1.2.0.0
COPYRIGHT Copyright (C) 2014-2016, ARM Ldt. and  ARM Germany GmbH
*** Updated Signature over Range[32] (0x1A000000 - 0x1A000018): @0x1A00001C = 0x53FFB9F6
*** Processing completed, no Errors.
".\Obj\ethernet_bootloader.axf" - 0 Error(s), 0 Warning(s).
Build Time Elapsed:  00:00:19
</pre>
</body>
</html>
