<html>
<body>
<pre>
<h1>µVision Build Log</h1>
<h2>Tool Versions:</h2>
IDE-Version: µVision V5.12.0.0
Copyright (C) 2014 ARM Ltd and ARM Germany GmbH. All rights reserved.
License Information: Andy Ayre, ESA, LIC=AK15B-LXE2P-XGWBC-5ZI0C-14VUR-YESX4
 
Tool Versions:
Toolchain:       MDK-ARM Professional  Version: 5.12.0.0
Toolchain Path:  C:\Keil\ARM\ARMCC\Bin
C Compiler:      Armcc.exe V5.05 (build 41)
Assembler:       Armasm.exe V5.05 (build 41)
Linker/Locator:  ArmLink.exe V5.05 (build 41)
Library Manager: ArmAr.exe V5.05 (build 41)
Hex Converter:   FromElf.exe V5.05 (build 41)
CPU DLL:         SARMCM3.DLL V5.12.0.0
Dialog DLL:      DARMP1.DLL V1.25.0.0
Target DLL:      UL2CM3.DLL V1.153.0.0
Dialog DLL:      TARMP1.DLL V1.24.0.0
 
<h2>Project:</h2>
C:\Users\Andy\Documents\ESA Projects\Ethernet Bootloader\LPC1700\User Code Sample Blinky\blinky.Uv2
Project File Date:  03/25/2013

<h2>Output:</h2>
Rebuild target 'Target 1'
assembling startup_LPC17xx.s...
compiling main.c...
compiling core_cm3.c...
linking...
Program Size: Code=600 RO-data=212 RW-data=0 ZI-data=608  
FromELF: creating hex file...
".\obj\blinky.axf" - 0 Error(s), 0 Warning(s).
</pre>
</body>
</html>
