Component: ARM Compiler 5.05 (build 41) Tool: armlink [4d0eb9]

==============================================================================

Section Cross References

    startup_lpc407x_8x_177x_8x.o(RESET) refers to startup_lpc407x_8x_177x_8x.o(STACK) for __initial_sp
    startup_lpc407x_8x_177x_8x.o(RESET) refers to startup_lpc407x_8x_177x_8x.o(.text) for Reset_Handler
    startup_lpc407x_8x_177x_8x.o(RESET) refers to main.o(.text) for SysTick_Handler
    startup_lpc407x_8x_177x_8x.o(.text) refers to system_lpc407x_8x_177x_8x.o(.text) for SystemInit
    startup_lpc407x_8x_177x_8x.o(.text) refers to entry.o(.ARM.Collect$$$$00000000) for __main
    system_lpc407x_8x_177x_8x.o(.text) refers to system_lpc407x_8x_177x_8x.o(.data) for SystemCoreClock
    lpc_systick.o(.text) refers to lpc_clkpwr.o(.text) for CLKPWR_GetCLK
    lpc_clkpwr.o(.text) refers to system_lpc407x_8x_177x_8x.o(.text) for SystemCoreClockUpdate
    lpc_clkpwr.o(.text) refers to system_lpc407x_8x_177x_8x.o(.data) for SystemCoreClock
    lpc_uart.o(.text) refers to lpc_clkpwr.o(.text) for CLKPWR_GetCLK
    lpc_uart.o(.text) refers to uldiv.o(.text) for __aeabi_uldivmod
    uart.o(.text) refers to lpc_uart.o(.text) for UART_DeInit
    uart.o(.text) refers to lpc_pinsel.o(.text) for PINSEL_ConfigPin
    main.o(.text) refers to lpc_nvic.o(.text) for NVIC_SetVTOR
    main.o(.text) refers to lpc_systick.o(.text) for SYSTICK_InternalInit
    main.o(.text) refers to bootloader.o(.text) for Bootloader_Init
    main.o(.text) refers to bootloader.o(.data) for gBootloaderTick
    bootloader.o(.text) refers to uart.o(.text) for Host_Initialize
    bootloader.o(.text) refers to flashprg.o(.text) for Memory_Init
    bootloader.o(.text) refers to flashprg.o(.constdata) for Descriptor
    bootloader.o(.text) refers to bootloader.o(.data) for state
    bootloader.o(.text) refers to bootloader.o(.bss) for rxbuffer
    flashprg.o(.text) refers to spifi_rom_api.o(.constdata) for spifi_table
    flashprg.o(.text) refers to flashprg.o(.data) for pSpifi
    flashprg.o(.text) refers to flashprg.o(.bss) for obj
    spifi_rom_api.o(.text) refers to memseta.o(.text) for __aeabi_memclr4
    spifi_rom_api.o(.text) refers to neo_details.o(.text) for pullMISO
    spifi_rom_api.o(.text) refers to spansion.o(.text) for span
    spifi_rom_api.o(.text) refers to eon.o(.text) for eon
    spifi_rom_api.o(.text) refers to atmel.o(.text) for atm
    spifi_rom_api.o(.text) refers to numonyx.o(.text) for numo
    spifi_rom_api.o(.text) refers to amic.o(.text) for amic
    spifi_rom_api.o(.text) refers to chi.o(.text) for chi
    spifi_rom_api.o(.text) refers to esmt.o(.text) for esmt
    spifi_rom_api.o(.text) refers to sst.o(.text) for sst
    spifi_rom_api.o(.text) refers to macronix.o(.text) for mxic
    spifi_rom_api.o(.text) refers to giga.o(.text) for giga
    spifi_rom_api.o(.text) refers to winbond.o(.text) for wbd
    spifi_rom_api.o(.text) refers to memcpya.o(.text) for __aeabi_memcpy
    spifi_rom_api.o(.constdata) refers to spifi_rom_api.o(.text) for spifi_init
    amic.o(.text) refers to spifi_rom_api.o(.text) for setSize
    atmel.o(.text) refers to spifi_rom_api.o(.text) for setProtEnts
    atmel.o(.text) refers to atmel.o(.constdata) for .constdata
    chi.o(.text) refers to spifi_rom_api.o(.text) for setSize
    eon.o(.text) refers to spifi_rom_api.o(.text) for setSize
    esmt.o(.text) refers to spifi_rom_api.o(.text) for setSize
    giga.o(.text) refers to spifi_rom_api.o(.text) for setSize
    macronix.o(.text) refers to spifi_rom_api.o(.text) for setSize
    macronix.o(.text) refers to macronix.o(.constdata) for .constdata
    numonyx.o(.text) refers to spifi_rom_api.o(.text) for setSize
    spansion.o(.text) refers to spifi_rom_api.o(.text) for read04
    sst.o(.text) refers to spifi_rom_api.o(.text) for setSize
    sst.o(.text) refers to sst.o(.constdata) for .constdata
    winbond.o(.text) refers to spifi_rom_api.o(.text) for setSize
    entry.o(.ARM.Collect$$$$00000000) refers (Special) to entry10a.o(.ARM.Collect$$$$0000000D) for __rt_final_cpp
    entry.o(.ARM.Collect$$$$00000000) refers (Special) to entry11a.o(.ARM.Collect$$$$0000000F) for __rt_final_exit
    entry.o(.ARM.Collect$$$$00000000) refers (Special) to entry7b.o(.ARM.Collect$$$$00000008) for _main_clock
    entry.o(.ARM.Collect$$$$00000000) refers (Special) to entry8b.o(.ARM.Collect$$$$0000000A) for _main_cpp_init
    entry.o(.ARM.Collect$$$$00000000) refers (Special) to entry9a.o(.ARM.Collect$$$$0000000B) for _main_init
    entry.o(.ARM.Collect$$$$00000000) refers (Special) to entry5.o(.ARM.Collect$$$$00000004) for _main_scatterload
    entry.o(.ARM.Collect$$$$00000000) refers (Special) to entry2.o(.ARM.Collect$$$$00000001) for _main_stk
    uldiv.o(.text) refers to llushr.o(.text) for __aeabi_llsr
    uldiv.o(.text) refers to llshl.o(.text) for __aeabi_llsl
    entry2.o(.ARM.Collect$$$$00000001) refers to entry2.o(.ARM.Collect$$$$00002712) for __lit__00000000
    entry2.o(.ARM.Collect$$$$00002712) refers to startup_lpc407x_8x_177x_8x.o(STACK) for __initial_sp
    entry2.o(__vectab_stack_and_reset_area) refers to startup_lpc407x_8x_177x_8x.o(STACK) for __initial_sp
    entry2.o(__vectab_stack_and_reset_area) refers to entry.o(.ARM.Collect$$$$00000000) for __main
    entry5.o(.ARM.Collect$$$$00000004) refers to init.o(.text) for __scatterload
    entry9a.o(.ARM.Collect$$$$0000000B) refers to main.o(.text) for main
    entry9b.o(.ARM.Collect$$$$0000000C) refers to main.o(.text) for main
    init.o(.text) refers to entry5.o(.ARM.Collect$$$$00000004) for __main_after_scatterload


==============================================================================

Removing Unused input sections from the image.

    Removing startup_lpc407x_8x_177x_8x.o(HEAP), (0 bytes).
    Removing system_lpc407x_8x_177x_8x.o(.emb_text), (8 bytes).
    Removing lpc_systick.o(.emb_text), (8 bytes).
    Removing lpc_clkpwr.o(.emb_text), (8 bytes).
    Removing lpc_clkpwr.o(.data), (4 bytes).
    Removing lpc_pinsel.o(.emb_text), (8 bytes).
    Removing lpc_uart.o(.emb_text), (8 bytes).
    Removing uart.o(.emb_text), (8 bytes).
    Removing lpc_nvic.o(.emb_text), (8 bytes).
    Removing main.o(.emb_text), (8 bytes).
    Removing flashprg.o(.emb_text), (8 bytes).

11 unused section(s) (total 76 bytes) removed from the image.

==============================================================================

Image Symbol Table

    Local Symbols

    Symbol Name                              Value     Ov Type        Size  Object(Section)

    ../clib/microlib/division.c              0x00000000   Number         0  uldiv.o ABSOLUTE
    ../clib/microlib/init/entry.s            0x00000000   Number         0  entry9a.o ABSOLUTE
    ../clib/microlib/init/entry.s            0x00000000   Number         0  entry.o ABSOLUTE
    ../clib/microlib/init/entry.s            0x00000000   Number         0  entry2.o ABSOLUTE
    ../clib/microlib/init/entry.s            0x00000000   Number         0  entry11b.o ABSOLUTE
    ../clib/microlib/init/entry.s            0x00000000   Number         0  entry11a.o ABSOLUTE
    ../clib/microlib/init/entry.s            0x00000000   Number         0  entry10b.o ABSOLUTE
    ../clib/microlib/init/entry.s            0x00000000   Number         0  entry9b.o ABSOLUTE
    ../clib/microlib/init/entry.s            0x00000000   Number         0  entry10a.o ABSOLUTE
    ../clib/microlib/init/entry.s            0x00000000   Number         0  entry8b.o ABSOLUTE
    ../clib/microlib/init/entry.s            0x00000000   Number         0  entry8a.o ABSOLUTE
    ../clib/microlib/init/entry.s            0x00000000   Number         0  entry7b.o ABSOLUTE
    ../clib/microlib/init/entry.s            0x00000000   Number         0  entry7a.o ABSOLUTE
    ../clib/microlib/init/entry.s            0x00000000   Number         0  entry5.o ABSOLUTE
    ../clib/microlib/longlong.c              0x00000000   Number         0  llushr.o ABSOLUTE
    ../clib/microlib/longlong.c              0x00000000   Number         0  llshl.o ABSOLUTE
    ../clib/microlib/string/memcpy.c         0x00000000   Number         0  memcpya.o ABSOLUTE
    ../clib/microlib/string/memcpy.c         0x00000000   Number         0  memcpyb.o ABSOLUTE
    ../clib/microlib/string/memset.c         0x00000000   Number         0  memseta.o ABSOLUTE
    ..\..\Core\bootloader.c                  0x00000000   Number         0  bootloader.o ABSOLUTE
    ..\amic.c                                0x00000000   Number         0  amic.o ABSOLUTE
    ..\atmel.c                               0x00000000   Number         0  atmel.o ABSOLUTE
    ..\chi.c                                 0x00000000   Number         0  chi.o ABSOLUTE
    ..\eon.c                                 0x00000000   Number         0  eon.o ABSOLUTE
    ..\esmt.c                                0x00000000   Number         0  esmt.o ABSOLUTE
    ..\giga.c                                0x00000000   Number         0  giga.o ABSOLUTE
    ..\macronix.c                            0x00000000   Number         0  macronix.o ABSOLUTE
    ..\neo_details.c                         0x00000000   Number         0  neo_details.o ABSOLUTE
    ..\numonyx.c                             0x00000000   Number         0  numonyx.o ABSOLUTE
    ..\spansion.c                            0x00000000   Number         0  spansion.o ABSOLUTE
    ..\spifi_rom_api.c                       0x00000000   Number         0  spifi_rom_api.o ABSOLUTE
    ..\sst.c                                 0x00000000   Number         0  sst.o ABSOLUTE
    ..\winbond.c                             0x00000000   Number         0  winbond.o ABSOLUTE
    Core\Device\NXP\LPC407x_8x_177x_8x\Source\Templates\ARM\startup_LPC407x_8x_177x_8x.s 0x00000000   Number         0  startup_lpc407x_8x_177x_8x.o ABSOLUTE
    Core\Device\NXP\LPC407x_8x_177x_8x\Source\Templates\system_LPC407x_8x_177x_8x.c 0x00000000   Number         0  system_lpc407x_8x_177x_8x.o ABSOLUTE
    Core\\Device\\NXP\\LPC407x_8x_177x_8x\\Source\\Templates\\system_LPC407x_8x_177x_8x.c 0x00000000   Number         0  system_lpc407x_8x_177x_8x.o ABSOLUTE
    Drivers\\source\\lpc_clkpwr.c            0x00000000   Number         0  lpc_clkpwr.o ABSOLUTE
    Drivers\\source\\lpc_nvic.c              0x00000000   Number         0  lpc_nvic.o ABSOLUTE
    Drivers\\source\\lpc_pinsel.c            0x00000000   Number         0  lpc_pinsel.o ABSOLUTE
    Drivers\\source\\lpc_systick.c           0x00000000   Number         0  lpc_systick.o ABSOLUTE
    Drivers\\source\\lpc_uart.c              0x00000000   Number         0  lpc_uart.o ABSOLUTE
    Drivers\source\lpc_clkpwr.c              0x00000000   Number         0  lpc_clkpwr.o ABSOLUTE
    Drivers\source\lpc_nvic.c                0x00000000   Number         0  lpc_nvic.o ABSOLUTE
    Drivers\source\lpc_pinsel.c              0x00000000   Number         0  lpc_pinsel.o ABSOLUTE
    Drivers\source\lpc_systick.c             0x00000000   Number         0  lpc_systick.o ABSOLUTE
    Drivers\source\lpc_uart.c                0x00000000   Number         0  lpc_uart.o ABSOLUTE
    FlashPrg.c                               0x00000000   Number         0  flashprg.o ABSOLUTE
    FlashPrg.c                               0x00000000   Number         0  flashprg.o ABSOLUTE
    dc.s                                     0x00000000   Number         0  dc.o ABSOLUTE
    handlers.s                               0x00000000   Number         0  handlers.o ABSOLUTE
    init.s                                   0x00000000   Number         0  init.o ABSOLUTE
    main.c                                   0x00000000   Number         0  main.o ABSOLUTE
    main.c                                   0x00000000   Number         0  main.o ABSOLUTE
    uart.c                                   0x00000000   Number         0  uart.o ABSOLUTE
    uart.c                                   0x00000000   Number         0  uart.o ABSOLUTE
    RESET                                    0x10000500   Section      228  startup_lpc407x_8x_177x_8x.o(RESET)
    .ARM.Collect$$$$00000000                 0x100005e4   Section        0  entry.o(.ARM.Collect$$$$00000000)
    .ARM.Collect$$$$00000001                 0x100005e4   Section        4  entry2.o(.ARM.Collect$$$$00000001)
    .ARM.Collect$$$$00000004                 0x100005e8   Section        4  entry5.o(.ARM.Collect$$$$00000004)
    .ARM.Collect$$$$00000008                 0x100005ec   Section        0  entry7b.o(.ARM.Collect$$$$00000008)
    .ARM.Collect$$$$0000000A                 0x100005ec   Section        0  entry8b.o(.ARM.Collect$$$$0000000A)
    .ARM.Collect$$$$0000000B                 0x100005ec   Section        8  entry9a.o(.ARM.Collect$$$$0000000B)
    .ARM.Collect$$$$0000000D                 0x100005f4   Section        0  entry10a.o(.ARM.Collect$$$$0000000D)
    .ARM.Collect$$$$0000000F                 0x100005f4   Section        0  entry11a.o(.ARM.Collect$$$$0000000F)
    .ARM.Collect$$$$00002712                 0x100005f4   Section        4  entry2.o(.ARM.Collect$$$$00002712)
    __lit__00000000                          0x100005f4   Data           4  entry2.o(.ARM.Collect$$$$00002712)
    .text                                    0x100005f8   Section       36  startup_lpc407x_8x_177x_8x.o(.text)
    $v0                                      0x100005f8   Number         0  startup_lpc407x_8x_177x_8x.o(.text)
    .text                                    0x1000061c   Section        0  system_lpc407x_8x_177x_8x.o(.text)
    .text                                    0x10000a24   Section        0  lpc_systick.o(.text)
    .text                                    0x10000b60   Section        0  lpc_clkpwr.o(.text)
    .text                                    0x10000cac   Section        0  lpc_pinsel.o(.text)
    PIN_GetPointer                           0x10000cad   Thumb Code    18  lpc_pinsel.o(.text)
    .text                                    0x100010fc   Section        0  lpc_uart.o(.text)
    uart_get_pointer                         0x100010fd   Thumb Code    34  lpc_uart.o(.text)
    uart_set_divisors                        0x1000111f   Thumb Code   478  lpc_uart.o(.text)
    .text                                    0x10001e7c   Section        0  uart.o(.text)
    .text                                    0x10001ef8   Section        0  lpc_nvic.o(.text)
    .text                                    0x10001f94   Section        0  main.o(.text)
    .text                                    0x10001fd8   Section        0  bootloader.o(.text)
    IsTimeExpired                            0x10002013   Thumb Code    42  bootloader.o(.text)
    VerifyChecksum                           0x1000203d   Thumb Code    46  bootloader.o(.text)
    GetTime                                  0x1000206b   Thumb Code     6  bootloader.o(.text)
    .text                                    0x1000237c   Section        0  flashprg.o(.text)
    .text                                    0x100024f4   Section        0  spifi_rom_api.o(.text)
    .text                                    0x10003770   Section        0  amic.o(.text)
    .text                                    0x10003810   Section        0  atmel.o(.text)
    .text                                    0x10003924   Section        0  chi.o(.text)
    .text                                    0x10003a00   Section        0  eon.o(.text)
    .text                                    0x10003abc   Section        0  esmt.o(.text)
    .text                                    0x10003b78   Section        0  giga.o(.text)
    .text                                    0x10003c28   Section        0  macronix.o(.text)
    .text                                    0x10003dbc   Section        0  numonyx.o(.text)
    .text                                    0x10003f38   Section        0  spansion.o(.text)
    .text                                    0x10004024   Section        0  sst.o(.text)
    .text                                    0x100040dc   Section        0  winbond.o(.text)
    .text                                    0x100041d8   Section        0  neo_details.o(.text)
    .text                                    0x10004350   Section        0  uldiv.o(.text)
    .text                                    0x100043b2   Section        0  memcpya.o(.text)
    .text                                    0x100043d6   Section        0  memseta.o(.text)
    .text                                    0x100043fa   Section        0  llshl.o(.text)
    .text                                    0x10004418   Section        0  llushr.o(.text)
    .text                                    0x10004438   Section       36  init.o(.text)
    i.__scatterload_copy                     0x1000445c   Section       14  handlers.o(i.__scatterload_copy)
    i.__scatterload_null                     0x1000446a   Section        2  handlers.o(i.__scatterload_null)
    i.__scatterload_zeroinit                 0x1000446c   Section       14  handlers.o(i.__scatterload_zeroinit)
    .constdata                               0x1000447c   Section      584  flashprg.o(.constdata)
    .constdata                               0x100046c4   Section       80  spifi_rom_api.o(.constdata)
    .constdata                               0x10004714   Section       64  atmel.o(.constdata)
    .constdata                               0x10004754   Section      130  macronix.o(.constdata)
    .constdata                               0x100047d8   Section      120  sst.o(.constdata)
    .data                                    0x10004c00   Section       16  system_lpc407x_8x_177x_8x.o(.data)
    .data                                    0x10004c10   Section       44  bootloader.o(.data)
    state                                    0x10004c14   Data           4  bootloader.o(.data)
    headerbytes                              0x10004c18   Data           4  bootloader.o(.data)
    lastbytetimestamp                        0x10004c1c   Data           2  bootloader.o(.data)
    databytes                                0x10004c20   Data           4  bootloader.o(.data)
    chunkbytes                               0x10004c24   Data           4  bootloader.o(.data)
    chunkaddress                             0x10004c28   Data           4  bootloader.o(.data)
    localchecksum                            0x10004c2c   Data           4  bootloader.o(.data)
    programstartaddr                         0x10004c30   Data           4  bootloader.o(.data)
    datasize                                 0x10004c34   Data           4  bootloader.o(.data)
    remotechecksum                           0x10004c38   Data           4  bootloader.o(.data)
    .data                                    0x10004c3c   Section        4  flashprg.o(.data)
    pSpifi                                   0x10004c3c   Data           4  flashprg.o(.data)
    .bss                                     0x10004c40   Section     1140  bootloader.o(.bss)
    rxbuffer                                 0x10004c40   Data         100  bootloader.o(.bss)
    chunk                                    0x10004ca4   Data        1024  bootloader.o(.bss)
    header                                   0x100050a4   Data          16  bootloader.o(.bss)
    .bss                                     0x100050b4   Section      148  flashprg.o(.bss)
    obj                                      0x100050b4   Data         128  flashprg.o(.bss)
    opers                                    0x10005134   Data          20  flashprg.o(.bss)
    STACK                                    0x10005148   Section     1024  startup_lpc407x_8x_177x_8x.o(STACK)

    Global Symbols

    Symbol Name                              Value     Ov Type        Size  Object(Section)

    BuildAttributes$$THM_ISAv4$E$P$D$K$B$S$7EM$VFPi3$EXTD16$VFPS$VFMA$PE$A:L22UL41UL21$X:L11$S22US41US21$IEEE1$IW$USESV6$~STKCKD$USESV7$~SHL$OSPACE$EBA8$MICROLIB$REQ8$PRES8$EABIv2 0x00000000   Number         0  anon$$obj.o ABSOLUTE
    __ARM_use_no_argv                        0x00000000   Number         0  main.o ABSOLUTE
    __cpp_initialize__aeabi_                  - Undefined Weak Reference
    __cxa_finalize                            - Undefined Weak Reference
    __decompress                              - Undefined Weak Reference
    _clock_init                               - Undefined Weak Reference
    _microlib_exit                            - Undefined Weak Reference
    __Vectors                                0x10000500   Data           4  startup_lpc407x_8x_177x_8x.o(RESET)
    __main                                   0x100005e5   Thumb Code     0  entry.o(.ARM.Collect$$$$00000000)
    _main_stk                                0x100005e5   Thumb Code     0  entry2.o(.ARM.Collect$$$$00000001)
    _main_scatterload                        0x100005e9   Thumb Code     0  entry5.o(.ARM.Collect$$$$00000004)
    __main_after_scatterload                 0x100005ed   Thumb Code     0  entry5.o(.ARM.Collect$$$$00000004)
    _main_clock                              0x100005ed   Thumb Code     0  entry7b.o(.ARM.Collect$$$$00000008)
    _main_cpp_init                           0x100005ed   Thumb Code     0  entry8b.o(.ARM.Collect$$$$0000000A)
    _main_init                               0x100005ed   Thumb Code     0  entry9a.o(.ARM.Collect$$$$0000000B)
    __rt_final_cpp                           0x100005f5   Thumb Code     0  entry10a.o(.ARM.Collect$$$$0000000D)
    __rt_final_exit                          0x100005f5   Thumb Code     0  entry11a.o(.ARM.Collect$$$$0000000F)
    Reset_Handler                            0x100005f9   Thumb Code     8  startup_lpc407x_8x_177x_8x.o(.text)
    NMI_Handler                              0x10000601   Thumb Code     2  startup_lpc407x_8x_177x_8x.o(.text)
    HardFault_Handler                        0x10000603   Thumb Code     2  startup_lpc407x_8x_177x_8x.o(.text)
    MemManage_Handler                        0x10000605   Thumb Code     2  startup_lpc407x_8x_177x_8x.o(.text)
    BusFault_Handler                         0x10000607   Thumb Code     2  startup_lpc407x_8x_177x_8x.o(.text)
    UsageFault_Handler                       0x10000609   Thumb Code     2  startup_lpc407x_8x_177x_8x.o(.text)
    SVC_Handler                              0x1000060b   Thumb Code     2  startup_lpc407x_8x_177x_8x.o(.text)
    DebugMon_Handler                         0x1000060d   Thumb Code     2  startup_lpc407x_8x_177x_8x.o(.text)
    PendSV_Handler                           0x1000060f   Thumb Code     2  startup_lpc407x_8x_177x_8x.o(.text)
    ADC_IRQHandler                           0x10000613   Thumb Code     0  startup_lpc407x_8x_177x_8x.o(.text)
    BOD_IRQHandler                           0x10000613   Thumb Code     0  startup_lpc407x_8x_177x_8x.o(.text)
    CANActivity_IRQHandler                   0x10000613   Thumb Code     0  startup_lpc407x_8x_177x_8x.o(.text)
    CAN_IRQHandler                           0x10000613   Thumb Code     0  startup_lpc407x_8x_177x_8x.o(.text)
    DMA_IRQHandler                           0x10000613   Thumb Code     0  startup_lpc407x_8x_177x_8x.o(.text)
    EEPROM_IRQHandler                        0x10000613   Thumb Code     0  startup_lpc407x_8x_177x_8x.o(.text)
    EINT0_IRQHandler                         0x10000613   Thumb Code     0  startup_lpc407x_8x_177x_8x.o(.text)
    EINT1_IRQHandler                         0x10000613   Thumb Code     0  startup_lpc407x_8x_177x_8x.o(.text)
    EINT2_IRQHandler                         0x10000613   Thumb Code     0  startup_lpc407x_8x_177x_8x.o(.text)
    EINT3_IRQHandler                         0x10000613   Thumb Code     0  startup_lpc407x_8x_177x_8x.o(.text)
    ENET_IRQHandler                          0x10000613   Thumb Code     0  startup_lpc407x_8x_177x_8x.o(.text)
    GPIO_IRQHandler                          0x10000613   Thumb Code     0  startup_lpc407x_8x_177x_8x.o(.text)
    I2C0_IRQHandler                          0x10000613   Thumb Code     0  startup_lpc407x_8x_177x_8x.o(.text)
    I2C1_IRQHandler                          0x10000613   Thumb Code     0  startup_lpc407x_8x_177x_8x.o(.text)
    I2C2_IRQHandler                          0x10000613   Thumb Code     0  startup_lpc407x_8x_177x_8x.o(.text)
    I2S_IRQHandler                           0x10000613   Thumb Code     0  startup_lpc407x_8x_177x_8x.o(.text)
    LCD_IRQHandler                           0x10000613   Thumb Code     0  startup_lpc407x_8x_177x_8x.o(.text)
    MCI_IRQHandler                           0x10000613   Thumb Code     0  startup_lpc407x_8x_177x_8x.o(.text)
    MCPWM_IRQHandler                         0x10000613   Thumb Code     0  startup_lpc407x_8x_177x_8x.o(.text)
    PLL0_IRQHandler                          0x10000613   Thumb Code     0  startup_lpc407x_8x_177x_8x.o(.text)
    PLL1_IRQHandler                          0x10000613   Thumb Code     0  startup_lpc407x_8x_177x_8x.o(.text)
    PWM0_IRQHandler                          0x10000613   Thumb Code     0  startup_lpc407x_8x_177x_8x.o(.text)
    PWM1_IRQHandler                          0x10000613   Thumb Code     0  startup_lpc407x_8x_177x_8x.o(.text)
    QEI_IRQHandler                           0x10000613   Thumb Code     0  startup_lpc407x_8x_177x_8x.o(.text)
    RTC_IRQHandler                           0x10000613   Thumb Code     0  startup_lpc407x_8x_177x_8x.o(.text)
    SSP0_IRQHandler                          0x10000613   Thumb Code     0  startup_lpc407x_8x_177x_8x.o(.text)
    SSP1_IRQHandler                          0x10000613   Thumb Code     0  startup_lpc407x_8x_177x_8x.o(.text)
    SSP2_IRQHandler                          0x10000613   Thumb Code     0  startup_lpc407x_8x_177x_8x.o(.text)
    TIMER0_IRQHandler                        0x10000613   Thumb Code     0  startup_lpc407x_8x_177x_8x.o(.text)
    TIMER1_IRQHandler                        0x10000613   Thumb Code     0  startup_lpc407x_8x_177x_8x.o(.text)
    TIMER2_IRQHandler                        0x10000613   Thumb Code     0  startup_lpc407x_8x_177x_8x.o(.text)
    TIMER3_IRQHandler                        0x10000613   Thumb Code     0  startup_lpc407x_8x_177x_8x.o(.text)
    UART0_IRQHandler                         0x10000613   Thumb Code     0  startup_lpc407x_8x_177x_8x.o(.text)
    UART1_IRQHandler                         0x10000613   Thumb Code     0  startup_lpc407x_8x_177x_8x.o(.text)
    UART2_IRQHandler                         0x10000613   Thumb Code     0  startup_lpc407x_8x_177x_8x.o(.text)
    UART3_IRQHandler                         0x10000613   Thumb Code     0  startup_lpc407x_8x_177x_8x.o(.text)
    UART4_IRQHandler                         0x10000613   Thumb Code     0  startup_lpc407x_8x_177x_8x.o(.text)
    USBActivity_IRQHandler                   0x10000613   Thumb Code     0  startup_lpc407x_8x_177x_8x.o(.text)
    USB_IRQHandler                           0x10000613   Thumb Code     0  startup_lpc407x_8x_177x_8x.o(.text)
    WDT_IRQHandler                           0x10000613   Thumb Code     0  startup_lpc407x_8x_177x_8x.o(.text)
    SystemCoreClockUpdate                    0x1000061d   Thumb Code   696  system_lpc407x_8x_177x_8x.o(.text)
    fpu_init                                 0x100008d5   Thumb Code    62  system_lpc407x_8x_177x_8x.o(.text)
    SystemInit                               0x10000913   Thumb Code   226  system_lpc407x_8x_177x_8x.o(.text)
    SYSTICK_InternalInit                     0x10000a25   Thumb Code   102  lpc_systick.o(.text)
    SYSTICK_ExternalInit                     0x10000a8b   Thumb Code   106  lpc_systick.o(.text)
    SYSTICK_Cmd                              0x10000af5   Thumb Code    40  lpc_systick.o(.text)
    SYSTICK_IntCmd                           0x10000b1d   Thumb Code    40  lpc_systick.o(.text)
    SYSTICK_GetCurrentValue                  0x10000b45   Thumb Code     8  lpc_systick.o(.text)
    SYSTICK_ClearCounterFlag                 0x10000b4d   Thumb Code    18  lpc_systick.o(.text)
    CLKPWR_SetCLKDiv                         0x10000b61   Thumb Code   152  lpc_clkpwr.o(.text)
    CLKPWR_GetCLK                            0x10000bf9   Thumb Code    46  lpc_clkpwr.o(.text)
    CLKPWR_ConfigPPWR                        0x10000c27   Thumb Code    38  lpc_clkpwr.o(.text)
    CLKPWR_Sleep                             0x10000c4d   Thumb Code    12  lpc_clkpwr.o(.text)
    CLKPWR_DeepSleep                         0x10000c59   Thumb Code    18  lpc_clkpwr.o(.text)
    CLKPWR_PowerDown                         0x10000c6b   Thumb Code    18  lpc_clkpwr.o(.text)
    CLKPWR_DeepPowerDown                     0x10000c7d   Thumb Code    18  lpc_clkpwr.o(.text)
    PINSEL_GetPinType                        0x10000cbf   Thumb Code   164  lpc_pinsel.o(.text)
    PINSEL_ConfigPin                         0x10000d63   Thumb Code    66  lpc_pinsel.o(.text)
    PINSEL_SetPinMode                        0x10000da5   Thumb Code    82  lpc_pinsel.o(.text)
    PINSEL_SetHysMode                        0x10000df7   Thumb Code    78  lpc_pinsel.o(.text)
    PINSEL_SetInvertInput                    0x10000e45   Thumb Code    76  lpc_pinsel.o(.text)
    PINSEL_SetSlewMode                       0x10000e91   Thumb Code    78  lpc_pinsel.o(.text)
    PINSEL_SetI2CFilter                      0x10000edf   Thumb Code    76  lpc_pinsel.o(.text)
    PINSEL_SetI2CMode                        0x10000f2b   Thumb Code   136  lpc_pinsel.o(.text)
    PINSEL_SetOpenDrainMode                  0x10000fb3   Thumb Code    82  lpc_pinsel.o(.text)
    PINSEL_SetAnalogPinMode                  0x10001005   Thumb Code    76  lpc_pinsel.o(.text)
    PINSEL_DacEnable                         0x10001051   Thumb Code    88  lpc_pinsel.o(.text)
    PINSEL_SetFilter                         0x100010a9   Thumb Code    80  lpc_pinsel.o(.text)
    UART_Init                                0x100012fd   Thumb Code   560  lpc_uart.o(.text)
    UART_TxCmd                               0x1000152d   Thumb Code   130  lpc_uart.o(.text)
    UART_DeInit                              0x100015af   Thumb Code    82  lpc_uart.o(.text)
    UART_ConfigStructInit                    0x10001601   Thumb Code    18  lpc_uart.o(.text)
    UART_SendByte                            0x10001613   Thumb Code    50  lpc_uart.o(.text)
    UART_ReceiveByte                         0x10001645   Thumb Code    52  lpc_uart.o(.text)
    UART_Send                                0x10001679   Thumb Code   220  lpc_uart.o(.text)
    UART_Receive                             0x10001755   Thumb Code   188  lpc_uart.o(.text)
    UART_ForceBreak                          0x10001811   Thumb Code    88  lpc_uart.o(.text)
    UART_IntConfig                           0x10001869   Thumb Code   176  lpc_uart.o(.text)
    UART_GetLineStatus                       0x10001919   Thumb Code    52  lpc_uart.o(.text)
    UART_GetIntId                            0x1000194d   Thumb Code    80  lpc_uart.o(.text)
    UART_CheckBusy                           0x1000199d   Thumb Code    84  lpc_uart.o(.text)
    UART_FIFOConfig                          0x100019f1   Thumb Code   152  lpc_uart.o(.text)
    UART_FIFOConfigStructInit                0x10001a89   Thumb Code    14  lpc_uart.o(.text)
    UART_ABCmd                               0x10001a97   Thumb Code   210  lpc_uart.o(.text)
    UART_ABClearIntPending                   0x10001b69   Thumb Code    56  lpc_uart.o(.text)
    UART_IrDAInvtInputCmd                    0x10001ba1   Thumb Code    42  lpc_uart.o(.text)
    UART_IrDACmd                             0x10001bcb   Thumb Code    40  lpc_uart.o(.text)
    UART_IrDAPulseDivConfig                  0x10001bf3   Thumb Code    38  lpc_uart.o(.text)
    UART_FullModemForcePinState              0x10001c19   Thumb Code    64  lpc_uart.o(.text)
    UART_FullModemConfigMode                 0x10001c59   Thumb Code    72  lpc_uart.o(.text)
    UART_FullModemGetStatus                  0x10001ca1   Thumb Code    16  lpc_uart.o(.text)
    UART_RS485Config                         0x10001cb1   Thumb Code   204  lpc_uart.o(.text)
    UART_RS485ReceiverCmd                    0x10001d7d   Thumb Code    64  lpc_uart.o(.text)
    UART_RS485Send                           0x10001dbd   Thumb Code   142  lpc_uart.o(.text)
    UART_RS485SendSlvAddr                    0x10001e4b   Thumb Code    18  lpc_uart.o(.text)
    UART_RS485SendData                       0x10001e5d   Thumb Code    22  lpc_uart.o(.text)
    Host_Initialize                          0x10001e7d   Thumb Code    80  uart.o(.text)
    Host_SendData                            0x10001ecd   Thumb Code    20  uart.o(.text)
    Host_Debug                               0x10001ee1   Thumb Code     2  uart.o(.text)
    Host_ReceiveData                         0x10001ee3   Thumb Code    20  uart.o(.text)
    NVIC_DeInit                              0x10001ef9   Thumb Code    54  lpc_nvic.o(.text)
    NVIC_SCBDeInit                           0x10001f2f   Thumb Code    74  lpc_nvic.o(.text)
    NVIC_SetVTOR                             0x10001f79   Thumb Code     8  lpc_nvic.o(.text)
    SysTick_Handler                          0x10001f95   Thumb Code    12  main.o(.text)
    c_entry                                  0x10001fa1   Thumb Code    44  main.o(.text)
    main                                     0x10001fcd   Thumb Code     4  main.o(.text)
    Bootloader_Init                          0x10001fd9   Thumb Code    58  bootloader.o(.text)
    Bootloader_Process                       0x10002071   Thumb Code   626  bootloader.o(.text)
    Memory_Init                              0x1000237d   Thumb Code   176  flashprg.o(.text)
    Memory_EraseChip                         0x1000242d   Thumb Code    70  flashprg.o(.text)
    Memory_EraseSector                       0x10002473   Thumb Code    58  flashprg.o(.text)
    Memory_ProgramPage                       0x100024ad   Thumb Code    42  flashprg.o(.text)
    Memory_ReadByte                          0x100024d7   Thumb Code     6  flashprg.o(.text)
    read_flash                               0x100024f5   Thumb Code    50  spifi_rom_api.o(.text)
    cmd                                      0x10002527   Thumb Code    22  spifi_rom_api.o(.text)
    all_quad                                 0x1000253d   Thumb Code    16  spifi_rom_api.o(.text)
    read04                                   0x1000254d   Thumb Code    32  spifi_rom_api.o(.text)
    readAd                                   0x1000256d   Thumb Code    18  spifi_rom_api.o(.text)
    send04                                   0x1000257f   Thumb Code    40  spifi_rom_api.o(.text)
    wren                                     0x100025a7   Thumb Code     6  spifi_rom_api.o(.text)
    wren_send04                              0x100025ad   Thumb Code    28  spifi_rom_api.o(.text)
    wren_sendAd                              0x100025c9   Thumb Code    74  spifi_rom_api.o(.text)
    cancel_mem_mode                          0x10002613   Thumb Code    64  spifi_rom_api.o(.text)
    wait_busy                                0x10002653   Thumb Code   218  spifi_rom_api.o(.text)
    write_stat                               0x1000272d   Thumb Code    50  spifi_rom_api.o(.text)
    set_mem_mode                             0x1000275f   Thumb Code   142  spifi_rom_api.o(.text)
    setWPSEL                                 0x100027ed   Thumb Code    48  spifi_rom_api.o(.text)
    setProtEnts                              0x1000281d   Thumb Code    60  spifi_rom_api.o(.text)
    getProtBytes                             0x10002859   Thumb Code    28  spifi_rom_api.o(.text)
    readProt                                 0x10002875   Thumb Code    84  spifi_rom_api.o(.text)
    setSize                                  0x100028c9   Thumb Code    52  spifi_rom_api.o(.text)
    setDev                                   0x100028fd   Thumb Code   412  spifi_rom_api.o(.text)
    spifi_init                               0x10002a99   Thumb Code   462  spifi_rom_api.o(.text)
    setProt                                  0x10002c67   Thumb Code  1060  spifi_rom_api.o(.text)
    checkAd                                  0x1000308b   Thumb Code    72  spifi_rom_api.o(.text)
    send_erase_cmd                           0x100030d3   Thumb Code    66  spifi_rom_api.o(.text)
    send_prog_cmd                            0x10003115   Thumb Code    24  spifi_rom_api.o(.text)
    prog_block                               0x1000312d   Thumb Code   246  spifi_rom_api.o(.text)
    ck_erase                                 0x10003223   Thumb Code    24  spifi_rom_api.o(.text)
    ck_setup                                 0x1000323b   Thumb Code    22  spifi_rom_api.o(.text)
    ck_prog                                  0x10003251   Thumb Code    98  spifi_rom_api.o(.text)
    check_block                              0x100032b3   Thumb Code   128  spifi_rom_api.o(.text)
    spifi_program                            0x10003333   Thumb Code   584  spifi_rom_api.o(.text)
    spifi_erase                              0x1000357b   Thumb Code   496  spifi_rom_api.o(.text)
    amic                                     0x10003771   Thumb Code   134  amic.o(.text)
    atm                                      0x10003811   Thumb Code   252  atmel.o(.text)
    chi                                      0x10003925   Thumb Code   194  chi.o(.text)
    eon                                      0x10003a01   Thumb Code   174  eon.o(.text)
    esmt                                     0x10003abd   Thumb Code   164  esmt.o(.text)
    giga                                     0x10003b79   Thumb Code   156  giga.o(.text)
    mxic                                     0x10003c29   Thumb Code   382  macronix.o(.text)
    numo_dummies                             0x10003dbd   Thumb Code    50  numonyx.o(.text)
    numo                                     0x10003def   Thumb Code   290  numonyx.o(.text)
    moreId                                   0x10003f39   Thumb Code    66  spansion.o(.text)
    span                                     0x10003f7b   Thumb Code   146  spansion.o(.text)
    sst                                      0x10004025   Thumb Code   158  sst.o(.text)
    wbd_dummies                              0x100040dd   Thumb Code    30  winbond.o(.text)
    wbd                                      0x100040fb   Thumb Code   202  winbond.o(.text)
    set_uart                                 0x100041d9   Thumb Code    42  neo_details.o(.text)
    set_spifi_clk                            0x10004203   Thumb Code   254  neo_details.o(.text)
    set_spifi_io                             0x10004301   Thumb Code    34  neo_details.o(.text)
    pullMISO                                 0x10004323   Thumb Code    26  neo_details.o(.text)
    __aeabi_uldivmod                         0x10004351   Thumb Code    98  uldiv.o(.text)
    __aeabi_memcpy                           0x100043b3   Thumb Code    36  memcpya.o(.text)
    __aeabi_memcpy4                          0x100043b3   Thumb Code     0  memcpya.o(.text)
    __aeabi_memcpy8                          0x100043b3   Thumb Code     0  memcpya.o(.text)
    __aeabi_memset                           0x100043d7   Thumb Code    14  memseta.o(.text)
    __aeabi_memset4                          0x100043d7   Thumb Code     0  memseta.o(.text)
    __aeabi_memset8                          0x100043d7   Thumb Code     0  memseta.o(.text)
    __aeabi_memclr                           0x100043e5   Thumb Code     4  memseta.o(.text)
    __aeabi_memclr4                          0x100043e5   Thumb Code     0  memseta.o(.text)
    __aeabi_memclr8                          0x100043e5   Thumb Code     0  memseta.o(.text)
    _memset$wrapper                          0x100043e9   Thumb Code    18  memseta.o(.text)
    __aeabi_llsl                             0x100043fb   Thumb Code    30  llshl.o(.text)
    _ll_shift_l                              0x100043fb   Thumb Code     0  llshl.o(.text)
    __aeabi_llsr                             0x10004419   Thumb Code    32  llushr.o(.text)
    _ll_ushift_r                             0x10004419   Thumb Code     0  llushr.o(.text)
    __scatterload                            0x10004439   Thumb Code    28  init.o(.text)
    __scatterload_rt2                        0x10004439   Thumb Code     0  init.o(.text)
    __scatterload_copy                       0x1000445d   Thumb Code    14  handlers.o(i.__scatterload_copy)
    __scatterload_null                       0x1000446b   Thumb Code     2  handlers.o(i.__scatterload_null)
    __scatterload_zeroinit                   0x1000446d   Thumb Code    14  handlers.o(i.__scatterload_zeroinit)
    Descriptor                               0x1000447c   Data         584  flashprg.o(.constdata)
    spifi_table                              0x100046c4   Data          80  spifi_rom_api.o(.constdata)
    AT25DF041E                               0x10004714   Data          32  atmel.o(.constdata)
    AT2xDF081AE                              0x10004734   Data          32  atmel.o(.constdata)
    MX25U80E                                 0x10004754   Data          16  macronix.o(.constdata)
    MX25U16E                                 0x10004764   Data          16  macronix.o(.constdata)
    MX25U32E                                 0x10004774   Data          16  macronix.o(.constdata)
    MX25L64E                                 0x10004784   Data          24  macronix.o(.constdata)
    MX25L128E                                0x1000479c   Data          24  macronix.o(.constdata)
    MX25L256E                                0x100047b4   Data          24  macronix.o(.constdata)
    mxMasks                                  0x100047cc   Data          10  macronix.o(.constdata)
    SST16MbE                                 0x100047d8   Data          40  sst.o(.constdata)
    SST32MbE                                 0x10004800   Data          40  sst.o(.constdata)
    SST64MbE                                 0x10004828   Data          40  sst.o(.constdata)
    Region$$Table$$Base                      0x10004850   Number         0  anon$$obj.o(Region$$Table)
    Region$$Table$$Limit                     0x10004870   Number         0  anon$$obj.o(Region$$Table)
    SystemCoreClock                          0x10004c00   Data           4  system_lpc407x_8x_177x_8x.o(.data)
    PeripheralClock                          0x10004c04   Data           4  system_lpc407x_8x_177x_8x.o(.data)
    EMCClock                                 0x10004c08   Data           4  system_lpc407x_8x_177x_8x.o(.data)
    USBClock                                 0x10004c0c   Data           4  system_lpc407x_8x_177x_8x.o(.data)
    gBootloaderTick                          0x10004c10   Data           2  bootloader.o(.data)
    __initial_sp                             0x10005548   Data           0  startup_lpc407x_8x_177x_8x.o(STACK)



==============================================================================

Memory Map of the image

  Image Entry point : 0x100005e5

  Load Region LR_IROM1 (Base: 0x10000500, Size: 0x000043b0, Max: 0x00004700, ABSOLUTE)

    Execution Region ER_IROM1 (Base: 0x10000500, Size: 0x00004370, Max: 0x00004700, ABSOLUTE)

    Base Addr    Size         Type   Attr      Idx    E Section Name        Object

    0x10000500   0x000000e4   Data   RO            3    RESET               startup_lpc407x_8x_177x_8x.o
    0x100005e4   0x00000000   Code   RO          287  * .ARM.Collect$$$$00000000  mc_w.l(entry.o)
    0x100005e4   0x00000004   Code   RO          298    .ARM.Collect$$$$00000001  mc_w.l(entry2.o)
    0x100005e8   0x00000004   Code   RO          301    .ARM.Collect$$$$00000004  mc_w.l(entry5.o)
    0x100005ec   0x00000000   Code   RO          303    .ARM.Collect$$$$00000008  mc_w.l(entry7b.o)
    0x100005ec   0x00000000   Code   RO          305    .ARM.Collect$$$$0000000A  mc_w.l(entry8b.o)
    0x100005ec   0x00000008   Code   RO          306    .ARM.Collect$$$$0000000B  mc_w.l(entry9a.o)
    0x100005f4   0x00000000   Code   RO          308    .ARM.Collect$$$$0000000D  mc_w.l(entry10a.o)
    0x100005f4   0x00000000   Code   RO          310    .ARM.Collect$$$$0000000F  mc_w.l(entry11a.o)
    0x100005f4   0x00000004   Code   RO          299    .ARM.Collect$$$$00002712  mc_w.l(entry2.o)
    0x100005f8   0x00000024   Code   RO            4    .text               startup_lpc407x_8x_177x_8x.o
    0x1000061c   0x00000408   Code   RO           11    .text               system_lpc407x_8x_177x_8x.o
    0x10000a24   0x0000013a   Code   RO           53    .text               lpc_systick.o
    0x10000b5e   0x00000002   PAD
    0x10000b60   0x0000014c   Code   RO           85    .text               lpc_clkpwr.o
    0x10000cac   0x00000450   Code   RO          104    .text               lpc_pinsel.o
    0x100010fc   0x00000d80   Code   RO          123    .text               lpc_uart.o
    0x10001e7c   0x0000007a   Code   RO          142    .text               uart.o
    0x10001ef6   0x00000002   PAD
    0x10001ef8   0x0000009c   Code   RO          161    .text               lpc_nvic.o
    0x10001f94   0x00000044   Code   RO          180    .text               main.o
    0x10001fd8   0x000003a4   Code   RO          199    .text               bootloader.o
    0x1000237c   0x00000178   Code   RO          223    .text               flashprg.o
    0x100024f4   0x0000127c   Code   RO          257    .text               spifi_drv_M4.lib(spifi_rom_api.o)
    0x10003770   0x000000a0   Code   RO          260    .text               spifi_drv_M4.lib(amic.o)
    0x10003810   0x00000114   Code   RO          262    .text               spifi_drv_M4.lib(atmel.o)
    0x10003924   0x000000dc   Code   RO          265    .text               spifi_drv_M4.lib(chi.o)
    0x10003a00   0x000000bc   Code   RO          267    .text               spifi_drv_M4.lib(eon.o)
    0x10003abc   0x000000bc   Code   RO          269    .text               spifi_drv_M4.lib(esmt.o)
    0x10003b78   0x000000b0   Code   RO          271    .text               spifi_drv_M4.lib(giga.o)
    0x10003c28   0x00000194   Code   RO          273    .text               spifi_drv_M4.lib(macronix.o)
    0x10003dbc   0x0000017c   Code   RO          276    .text               spifi_drv_M4.lib(numonyx.o)
    0x10003f38   0x000000ec   Code   RO          278    .text               spifi_drv_M4.lib(spansion.o)
    0x10004024   0x000000b8   Code   RO          280    .text               spifi_drv_M4.lib(sst.o)
    0x100040dc   0x000000fc   Code   RO          283    .text               spifi_drv_M4.lib(winbond.o)
    0x100041d8   0x00000178   Code   RO          285    .text               spifi_drv_M4.lib(neo_details.o)
    0x10004350   0x00000062   Code   RO          290    .text               mc_w.l(uldiv.o)
    0x100043b2   0x00000024   Code   RO          292    .text               mc_w.l(memcpya.o)
    0x100043d6   0x00000024   Code   RO          294    .text               mc_w.l(memseta.o)
    0x100043fa   0x0000001e   Code   RO          312    .text               mc_w.l(llshl.o)
    0x10004418   0x00000020   Code   RO          314    .text               mc_w.l(llushr.o)
    0x10004438   0x00000024   Code   RO          316    .text               mc_w.l(init.o)
    0x1000445c   0x0000000e   Code   RO          320    i.__scatterload_copy  mc_w.l(handlers.o)
    0x1000446a   0x00000002   Code   RO          321    i.__scatterload_null  mc_w.l(handlers.o)
    0x1000446c   0x0000000e   Code   RO          322    i.__scatterload_zeroinit  mc_w.l(handlers.o)
    0x1000447a   0x00000002   PAD
    0x1000447c   0x00000248   Data   RO          225    .constdata          flashprg.o
    0x100046c4   0x00000050   Data   RO          258    .constdata          spifi_drv_M4.lib(spifi_rom_api.o)
    0x10004714   0x00000040   Data   RO          263    .constdata          spifi_drv_M4.lib(atmel.o)
    0x10004754   0x00000082   Data   RO          274    .constdata          spifi_drv_M4.lib(macronix.o)
    0x100047d6   0x00000002   PAD
    0x100047d8   0x00000078   Data   RO          281    .constdata          spifi_drv_M4.lib(sst.o)
    0x10004850   0x00000020   Data   RO          318    Region$$Table       anon$$obj.o


    Execution Region RW_IRAM1 (Base: 0x10004c00, Size: 0x00000948, Max: 0x00010000, ABSOLUTE)

    Base Addr    Size         Type   Attr      Idx    E Section Name        Object

    0x10004c00   0x00000010   Data   RW           12    .data               system_lpc407x_8x_177x_8x.o
    0x10004c10   0x0000002c   Data   RW          201    .data               bootloader.o
    0x10004c3c   0x00000004   Data   RW          226    .data               flashprg.o
    0x10004c40   0x00000474   Zero   RW          200    .bss                bootloader.o
    0x100050b4   0x00000094   Zero   RW          224    .bss                flashprg.o
    0x10005148   0x00000400   Zero   RW            1    STACK               startup_lpc407x_8x_177x_8x.o


    Execution Region RW_IRAM2 (Base: 0x20000000, Size: 0x00000000, Max: 0x00008000, ABSOLUTE)

    **** No section assigned to this execution region ****


==============================================================================

Image component sizes


      Code (inc. data)   RO Data    RW Data    ZI Data      Debug   Object Name

       932        154          0         44       1140       3159   bootloader.o
       376         24        584          4        148       7056   flashprg.o
       332         30          0          0          0       1815   lpc_clkpwr.o
       156         20          0          0          0        962   lpc_nvic.o
      1104         18          0          0          0       8534   lpc_pinsel.o
       314          0          0          0          0       3160   lpc_systick.o
      3456        148          0          0          0      18677   lpc_uart.o
        68          8          0          0          0        819   main.o
        36          8        228          0       1024       1004   startup_lpc407x_8x_177x_8x.o
      1032         48          0         16          0      30760   system_lpc407x_8x_177x_8x.o
       122          0          0          0          0       1676   uart.o

    ----------------------------------------------------------------------
      7932        458        844         64       2312      77622   Object Totals
         0          0         32          0          0          0   (incl. Generated)
         4          0          0          0          0          0   (incl. Padding)

    ----------------------------------------------------------------------

      Code (inc. data)   RO Data    RW Data    ZI Data      Debug   Library Member Name

         0          0          0          0          0          0   entry.o
         0          0          0          0          0          0   entry10a.o
         0          0          0          0          0          0   entry11a.o
         8          4          0          0          0          0   entry2.o
         4          0          0          0          0          0   entry5.o
         0          0          0          0          0          0   entry7b.o
         0          0          0          0          0          0   entry8b.o
         8          4          0          0          0          0   entry9a.o
        30          0          0          0          0          0   handlers.o
        36          8          0          0          0         68   init.o
        30          0          0          0          0         68   llshl.o
        32          0          0          0          0         68   llushr.o
        36          0          0          0          0         68   memcpya.o
        36          0          0          0          0        108   memseta.o
        98          0          0          0          0         92   uldiv.o
       160         26          0          0          0         92   amic.o
       276         24         64          0          0         96   atmel.o
       220         26          0          0          0         88   chi.o
       188         14          0          0          0         96   eon.o
       188         24          0          0          0         96   esmt.o
       176         20          0          0          0         96   giga.o
       404         28        130          0          0         92   macronix.o
       376         20          0          0          0        236   neo_details.o
       380         40          0          0          0        184   numonyx.o
       236         24          0          0          0        112   spansion.o
      4732        116         80          0          0       1080   spifi_rom_api.o
       184         26        120          0          0         88   sst.o
       252         20          0          0          0        172   winbond.o

    ----------------------------------------------------------------------
      8092        424        396          0          0       3000   Library Totals
         2          0          2          0          0          0   (incl. Padding)

    ----------------------------------------------------------------------

      Code (inc. data)   RO Data    RW Data    ZI Data      Debug   Library Name

       318         16          0          0          0        472   mc_w.l
      7772        408        394          0          0       2528   spifi_drv_M4.lib

    ----------------------------------------------------------------------
      8092        424        396          0          0       3000   Library Totals

    ----------------------------------------------------------------------

==============================================================================


      Code (inc. data)   RO Data    RW Data    ZI Data      Debug   

     16024        882       1240         64       2312      77986   Grand Totals
     16024        882       1240         64       2312      77986   ELF Image Totals
     16024        882       1240         64          0          0   ROM Totals

==============================================================================

    Total RO  Size (Code + RO Data)                17264 (  16.86kB)
    Total RW  Size (RW Data + ZI Data)              2376 (   2.32kB)
    Total ROM Size (Code + RO Data + RW Data)      17328 (  16.92kB)

==============================================================================

