<html>
<body>
<pre>
<h1>µVision Build Log</h1>
<h2>Tool Versions:</h2>
IDE-Version: µVision V5.12.0.0
Copyright (C) 2014 ARM Ltd and ARM Germany GmbH. All rights reserved.
License Information: Andy Ayre, ESA, LIC=V8523-U4CUH-HV45R-IB1G4-LP21Y-W3ZVP
 
Tool Versions:
Toolchain:       MDK-ARM Professional  Version: 5.12.0.0
Toolchain Path:  C:\Keil\ARM\ARMCC\Bin
C Compiler:      Armcc.exe V5.05 (build 41)
Assembler:       Armasm.exe V5.05 (build 41)
Linker/Locator:  ArmLink.exe V5.05 (build 41)
Library Manager: ArmAr.exe V5.05 (build 41)
Hex Converter:   FromElf.exe V5.05 (build 41)
CPU DLL:         SARMCM3.DLL V5.12.0.0
Dialog DLL:      DCM.DLL V1.13.0.0
Target DLL:      UL2CM3.DLL V1.153.0.0
Dialog DLL:      TCM.DLL V1.14.2.0
 
<h2>Project:</h2>
C:\Users\Andy\Documents\ESA Projects\FlashMagic\Bootloaders\External Memory\GenericSPI\LPC4088-EA\GenericSPI-LPC4088-EA.uvproj
Project File Date:  05/08/2015

<h2>Output:</h2>
Rebuild target 'RAM_M3'
assembling startup_LPC407x_8x_177x_8x.s...
compiling system_LPC407x_8x_177x_8x.c...
compiling lpc_systick.c...
compiling lpc_clkpwr.c...
compiling lpc_pinsel.c...
compiling lpc_uart.c...
compiling uart.c...
compiling lpc_nvic.c...
compiling main.c...
compiling bootloader.c...
compiling FlashPrg.c...
linking...
Program Size: Code=16024 RO-data=1240 RW-data=64 ZI-data=2312  
FromELF: creating hex file...
".\obj\GenericSPI-LPC4088-EA.axf" - 0 Error(s), 0 Warning(s).
</pre>
</body>
</html>
