<html>
<body>
<pre>
<h1>µVision Build Log</h1>
<h2>Tool Versions:</h2>
IDE-Version: µVision V5.17.0.0
Copyright (C) 2015 ARM Ltd and ARM Germany GmbH. All rights reserved.
License Information: Andy Ayre, ESA, LIC=4ZLLT-AD4RI-4EMLA-Z287N-IEFBD-8XHKB
 
Tool Versions:
Toolchain:       MDK-ARM Professional  Version: 5.17
Toolchain Path:  C:\Keil\ARM\ARMCC\Bin
C Compiler:      Armcc.exe V5.06 update 1 (build 61)
Assembler:       Armasm.exe V5.06 update 1 (build 61)
Linker/Locator:  ArmLink.exe V5.06 update 1 (build 61)
Library Manager: ArmAr.exe V5.06 update 1 (build 61)
Hex Converter:   FromElf.exe V5.06 update 1 (build 61)
CPU DLL:         SARMCM3.DLL V5.17
Dialog DLL:      DCM.DLL V1.13.4.0
Target DLL:      UL2CM3.DLL V1.156.1.0
Dialog DLL:      TCM.DLL V1.14.6.0
 
<h2>Project:</h2>
C:\Users\Andy\Documents\ESA Projects\FlashMagic\Bootloaders\External Memory\LPCxpresso18S37\LPCxpresso18S37.uvprojx
Project File Date:  07/06/2016

<h2>Output:</h2>
*** Using Compiler 'V5.06 update 1 (build 61)', folder: 'C:\Keil\ARM\ARMCC\Bin'
Rebuild target 'Internal SRAM'
assembling startup_LPC18xx.s...
compiling system_LPC18xx.c...
compiling lpc18xx_scu.c...
compiling lpc18xx_cgu.c...
compiling swd.c...
compiling main.c...
compiling bootloader.c...
compiling FlashPrg.c...
linking...
Program Size: Code=17586 RO-data=2498 RW-data=144 ZI-data=3336  
FromELF: creating hex file...
".\obj\LPCxpresso18S37.axf" - 0 Error(s), 0 Warning(s).

<h2>Collection of Component include folders:</h2>
  C:\Users\Andy\Documents\ESA Projects\FlashMagic\Bootloaders\External Memory\LPCxpresso18S37\RTE
  C:\Keil\ARM\PACK\Keil\LPC1800_DFP\2.4.0\Device\Include

<h2>Collection of Component Files used:</h2>
Build Time Elapsed:  00:00:18
</pre>
</body>
</html>
